import powder_battery
>>> powder_battery.run(powder_id='salt', attended=False)
[vib] DRV2605L unavailable ([Errno 5] EIO); skipping init
RUN,BEGIN
META,powder_id,salt
META,battery_version,1
META,blocks,ABCDEFG
META,tilts_deg,0.0;45.0;90.0
META,baseline_reads,8
META,hold_s,15
META,rotation_trials,6
META,rotation_step_deg,360.0
META,rotation_rpm,30.0
META,speed_rpms,15.0;45.0;90.0
META,speed_revs,3.0
META,tap_tilts,0.0;45.0
META,tap_trials,8
META,taps_per_point,1
META,refeed_deg,360.0
META,vib_bursts,3
META,dose_repeats,3
META,dose_target_g,1.0
META,settle_ms,2000
META,min_flow_g,0.0005
META,attended,0
META,config.SCALE_BAUD,19200
META,config.SCALE_BITS,8
META,config.SCALE_PARITY,0
META,config.SCALE_STABLE_TIMEOUT_MS,10000
META,config.SCALE_STOP,1
META,config.SERVO_SPEED_DEG_PER_S,60
META,config.STEPPER_ACCEL_REV_PER_S2,4.0
META,config.STEPPER_FULL_STEPS_REV,200
META,config.STEPPER_MICROSTEPS,8
META,config.STEPPER_SPEED_RPM,60
META,config.TAP_OFF_MS,150
META,config.TAP_ON_MS,60
META,config.TAP_PWM_DUTY,1.0
[battery] block A
CSV,A,45.0,baseline,0,,,0.0000,0.0000,0.0000,,7477
CSV,A,45.0,baseline,1,,,0.0000,0.0000,0.0000,,9575
CSV,A,45.0,baseline,2,,,0.0000,0.0000,0.0000,,11678
CSV,A,45.0,baseline,3,,,0.0000,0.0000,0.0000,,13793
CSV,A,45.0,baseline,4,,,0.0000,0.0000,0.0000,,15887
CSV,A,45.0,baseline,5,,,0.0000,0.0000,0.0000,,17990
CSV,A,45.0,baseline,6,,,0.0000,0.0000,0.0000,,20105
CSV,A,45.0,baseline,7,,,0.0000,0.0000,0.0000,,22199
SUM,A,45.0,baseline,8,0.0000,0.0000,0.0000,0.0000,0.0000
[battery] block B
CSV,B,0.0,hold,0,15,,0.0000,0.0000,0.0000,,42671
CSV,B,45.0,hold,0,15,,0.0000,0.0000,0.0000,,63134
CSV,B,90.0,hold,0,15,,0.0000,0.0000,0.0000,,83598
[battery] block C
PROMPT,block C at tilt 0.0 -- empty the collection cup if it is getting full, then Enter ('skip'/'abort')
CSV,C,0.0,rotation,0,360.0,30,0.0000,0.0044,0.0044,,96024
CSV,C,0.0,rotation,1,360.0,30,0.0044,0.0105,0.0061,,102433
CSV,C,0.0,rotation,2,360.0,30,0.0105,0.0164,0.0059,,108839
CSV,C,0.0,rotation,3,360.0,30,0.0164,0.0216,0.0052,,115246
CSV,C,0.0,rotation,4,360.0,30,0.0216,0.0279,0.0063,,121654
CSV,C,0.0,rotation,5,360.0,30,0.0279,0.0336,0.0057,,128061
SUM,C,0.0,rotation,6,0.0056,0.0007,0.0003,0.0044,0.0063
PROMPT,block C at tilt 45.0 -- empty the collection cup if it is getting full, then Enter ('skip'/'abort')
CSV,C,45.0,rotation,0,360.0,30,0.0000,0.0172,0.0172,,139738
CSV,C,45.0,rotation,1,360.0,30,0.0172,0.0346,0.0174,,146141
CSV,C,45.0,rotation,2,360.0,30,0.0346,0.0565,0.0219,,152546
CSV,C,45.0,rotation,3,360.0,30,0.0565,0.0803,0.0238,,158953
CSV,C,45.0,rotation,4,360.0,30,0.0803,0.0958,0.0155,,165359
CSV,C,45.0,rotation,5,360.0,30,0.0958,0.1026,0.0068,,171766
SUM,C,45.0,rotation,6,0.0171,0.0059,0.0024,0.0068,0.0238
PROMPT,block C at tilt 90.0 -- empty the collection cup if it is getting full, then Enter ('skip'/'abort')
CSV,C,90.0,rotation,0,360.0,30,0.0000,0.0258,0.0258,,183434
CSV,C,90.0,rotation,1,360.0,30,0.0258,0.0408,0.0150,,189840
CSV,C,90.0,rotation,2,360.0,30,0.0408,0.0832,0.0424,,196245
CSV,C,90.0,rotation,3,360.0,30,0.0832,0.1052,0.0220,,202653
CSV,C,90.0,rotation,4,360.0,30,0.1052,0.1219,0.0167,,209058
CSV,C,90.0,rotation,5,360.0,30,0.1219,0.1494,0.0275,,215467
SUM,C,90.0,rotation,6,0.0249,0.0099,0.0040,0.0150,0.0424
[battery] block D
POLL,D,45.0,15,221213,0.0000,1
POLL,D,45.0,15,221585,0.0000,1
POLL,D,45.0,15,221872,0.0000,1
POLL,D,45.0,15,222160,0.0000,1
POLL,D,45.0,15,222444,0.0005,0
POLL,D,45.0,15,222731,0.0071,0
POLL,D,45.0,15,223019,0.0124,0
POLL,D,45.0,15,223305,0.0174,0
POLL,D,45.0,15,223592,0.0204,0
POLL,D,45.0,15,223881,0.0238,0
POLL,D,45.0,15,224165,0.0284,0
POLL,D,45.0,15,224454,0.0322,0
POLL,D,45.0,15,224741,0.0338,0
POLL,D,45.0,15,225026,0.0353,0
POLL,D,45.0,15,225313,0.0359,0
POLL,D,45.0,15,225601,0.0362,0
POLL,D,45.0,15,225887,0.0365,0
POLL,D,45.0,15,226174,0.0369,0
POLL,D,45.0,15,226463,0.0371,0
POLL,D,45.0,15,226747,0.0375,0
POLL,D,45.0,15,227034,0.0454,0
POLL,D,45.0,15,227322,0.0526,0
POLL,D,45.0,15,227608,0.0604,0
POLL,D,45.0,15,227895,0.0655,0
POLL,D,45.0,15,228183,0.0692,0
POLL,D,45.0,15,228470,0.0727,0
POLL,D,45.0,15,228756,0.0744,0
POLL,D,45.0,15,229043,0.0746,0
POLL,D,45.0,15,229331,0.0748,0
POLL,D,45.0,15,229617,0.0751,0
POLL,D,45.0,15,229904,0.0756,0
POLL,D,45.0,15,230192,0.0762,0
POLL,D,45.0,15,230477,0.0768,0
POLL,D,45.0,15,230764,0.0830,0
POLL,D,45.0,15,231059,0.0885,0
POLL,D,45.0,15,231339,0.0949,0
POLL,D,45.0,15,231626,0.1023,0
POLL,D,45.0,15,231914,0.1076,0
POLL,D,45.0,15,232199,0.1120,0
POLL,D,45.0,15,232487,0.1144,0
POLL,D,45.0,15,232774,0.1172,0
POLL,D,45.0,15,233060,0.1182,0
POLL,D,45.0,15,233347,0.1185,0
POLL,D,45.0,15,233635,0.1188,0
POLL,D,45.0,15,233921,0.1193,0
POLL,D,45.0,15,234208,0.1196,0
POLL,D,45.0,15,234495,0.1200,0
POLL,D,45.0,15,234781,0.1206,0
CSV,D,45.0,speed,0,3.0,15,0.0000,0.1517,0.1517,,236898
POLL,D,45.0,45,237362,0.1517,1
POLL,D,45.0,45,237650,0.1517,1
POLL,D,45.0,45,237937,0.1517,1
POLL,D,45.0,45,238226,0.1519,0
POLL,D,45.0,45,238510,0.1583,0
POLL,D,45.0,45,238799,0.1603,0
POLL,D,45.0,45,239085,0.1620,0
POLL,D,45.0,45,239371,0.1661,0
POLL,D,45.0,45,239659,0.1720,0
POLL,D,45.0,45,239946,0.1751,0
POLL,D,45.0,45,240231,0.1763,0
POLL,D,45.0,45,240519,0.1773,0
POLL,D,45.0,45,240807,0.1833,0
POLL,D,45.0,45,241092,0.1901,0
POLL,D,45.0,45,241380,0.1933,0
POLL,D,45.0,45,241667,0.1957,0
CSV,D,45.0,speed,1,3.0,45,0.1517,0.2106,0.0589,,243772
POLL,D,45.0,90,244153,0.2106,1
POLL,D,45.0,90,244439,0.2106,1
POLL,D,45.0,90,244726,0.2106,1
POLL,D,45.0,90,245014,0.2106,1
POLL,D,45.0,90,245302,0.2193,0
POLL,D,45.0,90,245588,0.2282,0
POLL,D,45.0,90,245874,0.2347,0
POLL,D,45.0,90,246162,0.2407,0
CSV,D,45.0,speed,2,3.0,90,0.2106,0.2643,0.0537,,248267
SUM,D,45.0,speed,3,0.0881,0.0551,0.0318,0.0537,0.1517
[battery] block E
CSV,E,0.0,refeed,0,360.0,30,0.0000,0.0060,0.0060,,259943
CSV,E,0.0,tap,0,1,,0.0060,0.0068,0.0008,,262899
CSV,E,0.0,refeed,1,360.0,30,0.0068,0.0120,0.0052,,269306
CSV,E,0.0,tap,1,1,,0.0120,0.0136,0.0016,,272463
CSV,E,0.0,refeed,2,360.0,30,0.0136,0.0194,0.0058,,278871
CSV,E,0.0,tap,2,1,,0.0194,0.0208,0.0014,,282026
CSV,E,0.0,refeed,3,360.0,30,0.0208,0.0276,0.0068,,288433
CSV,E,0.0,tap,3,1,,0.0276,0.0285,0.0009,,291590
CSV,E,0.0,refeed,4,360.0,30,0.0285,0.0351,0.0066,,297998
CSV,E,0.0,tap,4,1,,0.0351,0.0370,0.0019,,301344
CSV,E,0.0,refeed,5,360.0,30,0.0370,0.0431,0.0061,,307750
CSV,E,0.0,tap,5,1,,0.0431,0.0438,0.0007,,310717
CSV,E,0.0,refeed,6,360.0,30,0.0438,0.0518,0.0080,,317122
CSV,E,0.0,tap,6,1,,0.0518,0.0533,0.0015,,320278
CSV,E,0.0,refeed,7,360.0,30,0.0533,0.0657,0.0124,,326684
CSV,E,0.0,tap,7,1,,0.0657,0.0669,0.0012,,329839
SUM,E,0.0,refeed,8,0.0071,0.0023,0.0008,0.0052,0.0124
SUM,E,0.0,tap,8,0.0012,0.0004,0.0001,0.0007,0.0019
CSV,E,45.0,refeed,0,360.0,30,0.0000,0.0404,0.0404,,341516
CSV,E,45.0,tap,0,1,,0.0404,0.0416,0.0012,,344662
CSV,E,45.0,refeed,1,360.0,30,0.0416,0.0824,0.0408,,351069
CSV,E,45.0,tap,1,1,,0.0824,0.0849,0.0025,,354416
CSV,E,45.0,refeed,2,360.0,30,0.0849,0.1150,0.0301,,360824
CSV,E,45.0,tap,2,1,,0.1150,0.1188,0.0038,,363221
CSV,E,45.0,refeed,3,360.0,30,0.1188,0.1669,0.0481,,369629
CSV,E,45.0,tap,3,1,,0.1669,0.1702,0.0033,,373160
CSV,E,45.0,refeed,4,360.0,30,0.1702,0.2165,0.0463,,379568
CSV,E,45.0,tap,4,1,,0.2165,0.2210,0.0045,,381965
CSV,E,45.0,refeed,5,360.0,30,0.2210,0.2665,0.0455,,388372
CSV,E,45.0,tap,5,1,,0.2665,0.2694,0.0029,,391712
CSV,E,45.0,refeed,6,360.0,30,0.2694,0.3252,0.0558,,398120
CSV,E,45.0,tap,6,1,,0.3252,0.3269,0.0017,,401466
CSV,E,45.0,refeed,7,360.0,30,0.3269,0.3862,0.0593,,407875
CSV,E,45.0,tap,7,1,,0.3862,0.3907,0.0045,,410271
SUM,E,45.0,refeed,8,0.0458,0.0092,0.0032,0.0301,0.0593
SUM,E,45.0,tap,8,0.0031,0.0012,0.0004,0.0012,0.0045
[battery] block F
META,vib,unavailable
[battery] vibration driver unavailable -- skipping block F
[battery] block G
PROMPT,block G (three-phase doses): EMPTY the collection cup now, then Enter ('skip'/'abort')
[dose] three-phase dose to 1.0000 g; taring scale
=== phase 1/3 'bulk' start: 1.0000 g to go, exit at 0.5000 g to go; angle 45.0 plate deg, CONTINUOUS @ 55 auger rpm (poll 250 ms, anticipation 0.1200 g), settle 800 ms
[phase 1 bulk] poll 1: mass 0.0000 / 1.0000 g (1.0000 g to go, +0.0000 g this poll), elapsed 2.0 s
[phase 1 bulk] poll 2: mass 0.0000 / 1.0000 g (1.0000 g to go, +0.0000 g this poll), elapsed 2.0 s
[phase 1 bulk] poll 3: mass 0.0000 / 1.0000 g (1.0000 g to go, +0.0000 g this poll), elapsed 2.0 s
[phase 1 bulk] poll 4 (unstable): mass 0.0296 / 1.0000 g (0.9704 g to go, +0.0296 g this poll), elapsed 3.0 s
[phase 1 bulk] poll 5 (unstable): mass 0.0843 / 1.0000 g (0.9157 g to go, +0.0547 g this poll), elapsed 3.0 s
[phase 1 bulk] poll 6 (unstable): mass 0.1129 / 1.0000 g (0.8871 g to go, +0.0286 g this poll), elapsed 3.0 s
[phase 1 bulk] poll 7 (unstable): mass 0.1201 / 1.0000 g (0.8799 g to go, +0.0072 g this poll), elapsed 3.0 s
[phase 1 bulk] poll 8 (unstable): mass 0.1578 / 1.0000 g (0.8422 g to go, +0.0377 g this poll), elapsed 4.0 s
[phase 1 bulk] poll 9 (unstable): mass 0.2125 / 1.0000 g (0.7875 g to go, +0.0547 g this poll), elapsed 4.0 s
[phase 1 bulk] poll 10 (unstable): mass 0.2314 / 1.0000 g (0.7686 g to go, +0.0189 g this poll), elapsed 4.0 s
[phase 1 bulk] poll 11 (unstable): mass 0.2384 / 1.0000 g (0.7616 g to go, +0.0070 g this poll), elapsed 5.0 s
[phase 1 bulk] poll 12 (unstable): mass 0.2672 / 1.0000 g (0.7328 g to go, +0.0288 g this poll), elapsed 5.0 s
[phase 1 bulk] poll 13 (unstable): mass 0.3143 / 1.0000 g (0.6857 g to go, +0.0471 g this poll), elapsed 5.0 s
[phase 1 bulk] poll 14 (unstable): mass 0.3293 / 1.0000 g (0.6707 g to go, +0.0150 g this poll), elapsed 5.0 s
[phase 1 bulk] poll 15 (unstable): mass 0.3429 / 1.0000 g (0.6571 g to go, +0.0136 g this poll), elapsed 6.0 s
[phase 1 bulk] poll 16 (unstable): mass 0.3900 / 1.0000 g (0.6100 g to go, +0.0471 g this poll), elapsed 6.0 s
[phase 1 bulk] auger halted at 0.6100 g to go (halt threshold 0.6200 g); settling 800 ms
[phase 1 bulk] settled: mass 0.4763 / 1.0000 g (0.5237 g to go, +0.0863 g while settling), elapsed 8.0 s
=== phase 1/3 'bulk' end (16 cycles): mass 0.4763 / 1.0000 g (0.5237 g to go, +0.4763 g this phase), elapsed 8.0 s
=== phase 2/3 'fine' start: 0.5237 g to go, exit at 0.0500 g to go; angle 22.5 plate deg, 45 auger deg/cycle @ 30 rpm, 0 taps/cycle, settle 1500 ms
[phase 2 fine] cycle 1: mass 0.5051 / 1.0000 g (0.4949 g to go, +0.0288 g this cycle), elapsed 13.0 s
[phase 2 fine] cycle 2: mass 0.5271 / 1.0000 g (0.4729 g to go, +0.0220 g this cycle), elapsed 17.0 s
[phase 2 fine] cycle 3: mass 0.5364 / 1.0000 g (0.4636 g to go, +0.0093 g this cycle), elapsed 21.0 s
[phase 2 fine] cycle 4: mass 0.5438 / 1.0000 g (0.4562 g to go, +0.0074 g this cycle), elapsed 25.0 s
[phase 2 fine] cycle 5: mass 0.5459 / 1.0000 g (0.4541 g to go, +0.0021 g this cycle), elapsed 29.0 s
[phase 2 fine] cycle 6: mass 0.5460 / 1.0000 g (0.4540 g to go, +0.0001 g this cycle), elapsed 33.0 s
[phase 2 fine] cycle 7: mass 0.5474 / 1.0000 g (0.4526 g to go, +0.0014 g this cycle), elapsed 37.0 s
[phase 2 fine] cycle 8: mass 0.5611 / 1.0000 g (0.4389 g to go, +0.0137 g this cycle), elapsed 41.0 s
[phase 2 fine] cycle 9: mass 0.5888 / 1.0000 g (0.4112 g to go, +0.0277 g this cycle), elapsed 45.0 s
[phase 2 fine] cycle 10: mass 0.6087 / 1.0000 g (0.3913 g to go, +0.0199 g this cycle), elapsed 49.0 s
[phase 2 fine] cycle 11: mass 0.6189 / 1.0000 g (0.3811 g to go, +0.0102 g this cycle), elapsed 53.0 s
[phase 2 fine] cycle 12: mass 0.6244 / 1.0000 g (0.3756 g to go, +0.0055 g this cycle), elapsed 57.0 s
[phase 2 fine] cycle 13: mass 0.6276 / 1.0000 g (0.3724 g to go, +0.0032 g this cycle), elapsed 61.0 s
[phase 2 fine] cycle 14: mass 0.6281 / 1.0000 g (0.3719 g to go, +0.0005 g this cycle), elapsed 65.0 s
[phase 2 fine] cycle 15: mass 0.6293 / 1.0000 g (0.3707 g to go, +0.0012 g this cycle), elapsed 69.0 s
[phase 2 fine] cycle 16: mass 0.6501 / 1.0000 g (0.3499 g to go, +0.0208 g this cycle), elapsed 73.0 s
[phase 2 fine] cycle 17: mass 0.6756 / 1.0000 g (0.3244 g to go, +0.0255 g this cycle), elapsed 78.0 s
[phase 2 fine] cycle 18: mass 0.6954 / 1.0000 g (0.3046 g to go, +0.0198 g this cycle), elapsed 82.0 s
[phase 2 fine] cycle 19: mass 0.7081 / 1.0000 g (0.2919 g to go, +0.0127 g this cycle), elapsed 86.0 s
[phase 2 fine] cycle 20: mass 0.7152 / 1.0000 g (0.2848 g to go, +0.0071 g this cycle), elapsed 90.0 s
[phase 2 fine] cycle 21: mass 0.7175 / 1.0000 g (0.2825 g to go, +0.0023 g this cycle), elapsed 94.0 s
[phase 2 fine] cycle 22: mass 0.7177 / 1.0000 g (0.2823 g to go, +0.0002 g this cycle), elapsed 98.0 s
[phase 2 fine] cycle 23: mass 0.7208 / 1.0000 g (0.2792 g to go, +0.0031 g this cycle), elapsed 102.0 s
[phase 2 fine] cycle 24: mass 0.7365 / 1.0000 g (0.2635 g to go, +0.0157 g this cycle), elapsed 106.0 s
[phase 2 fine] cycle 25: mass 0.7617 / 1.0000 g (0.2383 g to go, +0.0252 g this cycle), elapsed 110.0 s
[phase 2 fine] cycle 26: mass 0.7844 / 1.0000 g (0.2156 g to go, +0.0227 g this cycle), elapsed 114.0 s
[phase 2 fine] cycle 27: mass 0.7951 / 1.0000 g (0.2049 g to go, +0.0107 g this cycle), elapsed 118.0 s
[phase 2 fine] cycle 28: mass 0.8027 / 1.0000 g (0.1973 g to go, +0.0076 g this cycle), elapsed 122.0 s
[phase 2 fine] cycle 29: mass 0.8048 / 1.0000 g (0.1952 g to go, +0.0021 g this cycle), elapsed 126.0 s
[phase 2 fine] cycle 30: mass 0.8048 / 1.0000 g (0.1952 g to go, +0.0000 g this cycle), elapsed 130.0 s
[phase 2 fine] cycle 31: mass 0.8078 / 1.0000 g (0.1922 g to go, +0.0030 g this cycle), elapsed 134.0 s
[phase 2 fine] cycle 32: mass 0.8301 / 1.0000 g (0.1699 g to go, +0.0223 g this cycle), elapsed 138.0 s
[phase 2 fine] cycle 33: mass 0.8577 / 1.0000 g (0.1423 g to go, +0.0276 g this cycle), elapsed 142.0 s
[phase 2 fine] cycle 34: mass 0.8804 / 1.0000 g (0.1196 g to go, +0.0227 g this cycle), elapsed 146.0 s
[phase 2 fine] cycle 35: mass 0.8899 / 1.0000 g (0.1101 g to go, +0.0095 g this cycle), elapsed 150.0 s
[phase 2 fine] cycle 36: mass 0.8953 / 1.0000 g (0.1047 g to go, +0.0054 g this cycle), elapsed 154.0 s
[phase 2 fine] cycle 37: mass 0.8975 / 1.0000 g (0.1025 g to go, +0.0022 g this cycle), elapsed 158.0 s
[phase 2 fine] cycle 38: mass 0.8977 / 1.0000 g (0.1023 g to go, +0.0002 g this cycle), elapsed 162.0 s
[phase 2 fine] cycle 39: mass 0.9035 / 1.0000 g (0.0965 g to go, +0.0058 g this cycle), elapsed 166.0 s
[phase 2 fine] cycle 40: mass 0.9174 / 1.0000 g (0.0826 g to go, +0.0139 g this cycle), elapsed 170.0 s
[phase 2 fine] cycle 41: mass 0.9483 / 1.0000 g (0.0517 g to go, +0.0309 g this cycle), elapsed 174.0 s
[phase 2 fine] cycle 42: mass 0.9706 / 1.0000 g (0.0294 g to go, +0.0223 g this cycle), elapsed 178.0 s
=== phase 2/3 'fine' end (42 cycles): mass 0.9706 / 1.0000 g (0.0294 g to go, +0.4943 g this phase), elapsed 178.0 s
=== phase 3/3 'tap' start: 0.0294 g to go, exit at 0.0050 g to go; angle 0.0 plate deg, 0 auger deg/cycle @ 0 rpm, 2 taps/cycle, settle 1500 ms
[phase 3 tap] cycle 1: mass 0.9722 / 1.0000 g (0.0278 g to go, +0.0016 g this cycle), elapsed 182.0 s
[phase 3 tap] cycle 2: mass 0.9732 / 1.0000 g (0.0268 g to go, +0.0010 g this cycle), elapsed 185.0 s
[phase 3 tap] cycle 3: mass 0.9742 / 1.0000 g (0.0258 g to go, +0.0010 g this cycle), elapsed 188.0 s
[phase 3 tap] cycle 4: mass 0.9757 / 1.0000 g (0.0243 g to go, +0.0015 g this cycle), elapsed 191.0 s
[phase 3 tap] cycle 5: mass 0.9766 / 1.0000 g (0.0234 g to go, +0.0009 g this cycle), elapsed 195.0 s
[phase 3 tap] cycle 6: mass 0.9767 / 1.0000 g (0.0233 g to go, +0.0001 g this cycle), elapsed 197.0 s
[phase 3 tap] cycle 7: mass 0.9774 / 1.0000 g (0.0226 g to go, +0.0007 g this cycle), elapsed 199.0 s
[phase 3 tap] cycle 8: mass 0.9781 / 1.0000 g (0.0219 g to go, +0.0007 g this cycle), elapsed 201.0 s
[phase 3 tap] cycle 9: mass 0.9798 / 1.0000 g (0.0202 g to go, +0.0017 g this cycle), elapsed 204.0 s
[phase 3 tap] cycle 10: mass 0.9811 / 1.0000 g (0.0189 g to go, +0.0013 g this cycle), elapsed 207.0 s
[phase 3 tap] cycle 11: mass 0.9813 / 1.0000 g (0.0187 g to go, +0.0002 g this cycle), elapsed 209.0 s
[phase 3 tap] cycle 12: mass 0.9820 / 1.0000 g (0.0180 g to go, +0.0007 g this cycle), elapsed 211.0 s
[phase 3 tap] cycle 13: mass 0.9827 / 1.0000 g (0.0173 g to go, +0.0007 g this cycle), elapsed 213.0 s
[phase 3 tap] cycle 14: mass 0.9831 / 1.0000 g (0.0169 g to go, +0.0004 g this cycle), elapsed 215.0 s
[phase 3 tap] cycle 15: mass 0.9844 / 1.0000 g (0.0156 g to go, +0.0013 g this cycle), elapsed 219.0 s
[phase 3 tap] cycle 16: mass 0.9845 / 1.0000 g (0.0155 g to go, +0.0001 g this cycle), elapsed 221.0 s
[phase 3 tap] cycle 17: mass 0.9847 / 1.0000 g (0.0153 g to go, +0.0002 g this cycle), elapsed 223.0 s
[phase 3 tap] cycle 18: mass 0.9855 / 1.0000 g (0.0145 g to go, +0.0008 g this cycle), elapsed 225.0 s
[phase 3 tap] cycle 19: mass 0.9861 / 1.0000 g (0.0139 g to go, +0.0006 g this cycle), elapsed 227.0 s
[phase 3 tap] cycle 20: mass 0.9872 / 1.0000 g (0.0128 g to go, +0.0011 g this cycle), elapsed 230.0 s
[phase 3 tap] cycle 21: mass 0.9874 / 1.0000 g (0.0126 g to go, +0.0002 g this cycle), elapsed 232.0 s
[phase 3 tap] cycle 22: mass 0.9882 / 1.0000 g (0.0118 g to go, +0.0008 g this cycle), elapsed 234.0 s
[phase 3 tap] cycle 23: mass 0.9885 / 1.0000 g (0.0115 g to go, +0.0003 g this cycle), elapsed 236.0 s
[phase 3 tap] cycle 24: mass 0.9895 / 1.0000 g (0.0105 g to go, +0.0010 g this cycle), elapsed 239.0 s
[phase 3 tap] cycle 25: mass 0.9896 / 1.0000 g (0.0104 g to go, +0.0001 g this cycle), elapsed 241.0 s
[phase 3 tap] cycle 26: mass 0.9898 / 1.0000 g (0.0102 g to go, +0.0002 g this cycle), elapsed 243.0 s
[phase 3 tap] cycle 27: mass 0.9904 / 1.0000 g (0.0096 g to go, +0.0006 g this cycle), elapsed 245.0 s
[phase 3 tap] cycle 28: mass 0.9913 / 1.0000 g (0.0087 g to go, +0.0009 g this cycle), elapsed 248.0 s
[phase 3 tap] cycle 29: mass 0.9914 / 1.0000 g (0.0086 g to go, +0.0001 g this cycle), elapsed 250.0 s
[phase 3 tap] cycle 30: mass 0.9927 / 1.0000 g (0.0073 g to go, +0.0013 g this cycle), elapsed 253.0 s
[phase 3 tap] cycle 31: mass 0.9929 / 1.0000 g (0.0071 g to go, +0.0002 g this cycle), elapsed 255.0 s
[phase 3 tap] cycle 32: mass 0.9940 / 1.0000 g (0.0060 g to go, +0.0011 g this cycle), elapsed 259.0 s
[phase 3 tap] cycle 33: mass 0.9941 / 1.0000 g (0.0059 g to go, +0.0001 g this cycle), elapsed 261.0 s
[phase 3 tap] cycle 34: mass 0.9949 / 1.0000 g (0.0051 g to go, +0.0008 g this cycle), elapsed 263.0 s
[phase 3 tap] cycle 35: mass 0.9953 / 1.0000 g (0.0047 g to go, +0.0004 g this cycle), elapsed 265.0 s
=== phase 3/3 'tap' end (35 cycles): mass 0.9953 / 1.0000 g (0.0047 g to go, +0.0247 g this phase), elapsed 265.0 s
[dose] done: DoseResult(ok: 0.9953/1.0000 g in 265.0s; cycles bulk:16, fine:42, tap:35; 9.83 auger rev, 70 taps)
DOSE,0,1.0000,0.9953,-0.0047,ok,265.0,9.83,70,bulk:16;fine:42;tap:35,675008
PROMPT,dose 1 done -- empty the cup for the next dose, then Enter ('skip'/'abort')
[dose] three-phase dose to 1.0000 g; taring scale
=== phase 1/3 'bulk' start: 1.0000 g to go, exit at 0.5000 g to go; angle 45.0 plate deg, CONTINUOUS @ 55 auger rpm (poll 250 ms, anticipation 0.1200 g), settle 800 ms
[phase 1 bulk] poll 1: mass 0.0000 / 1.0000 g (1.0000 g to go, +0.0000 g this poll), elapsed 2.0 s
[phase 1 bulk] poll 2: mass 0.0000 / 1.0000 g (1.0000 g to go, +0.0000 g this poll), elapsed 3.0 s
[phase 1 bulk] poll 3 (unstable): mass 0.0091 / 1.0000 g (0.9909 g to go, +0.0091 g this poll), elapsed 3.0 s
[phase 1 bulk] poll 4 (unstable): mass 0.0172 / 1.0000 g (0.9828 g to go, +0.0081 g this poll), elapsed 3.0 s
[phase 1 bulk] poll 5 (unstable): mass 0.0315 / 1.0000 g (0.9685 g to go, +0.0143 g this poll), elapsed 4.0 s
[phase 1 bulk] poll 6 (unstable): mass 0.0840 / 1.0000 g (0.9160 g to go, +0.0525 g this poll), elapsed 4.0 s
[phase 1 bulk] poll 7 (unstable): mass 0.1396 / 1.0000 g (0.8604 g to go, +0.0556 g this poll), elapsed 4.0 s
[phase 1 bulk] poll 8 (unstable): mass 0.1540 / 1.0000 g (0.8460 g to go, +0.0144 g this poll), elapsed 5.0 s
[phase 1 bulk] poll 9 (unstable): mass 0.1709 / 1.0000 g (0.8291 g to go, +0.0169 g this poll), elapsed 5.0 s
[phase 1 bulk] poll 10 (unstable): mass 0.2257 / 1.0000 g (0.7743 g to go, +0.0548 g this poll), elapsed 5.0 s
[phase 1 bulk] poll 11 (unstable): mass 0.2727 / 1.0000 g (0.7273 g to go, +0.0470 g this poll), elapsed 5.0 s
[phase 1 bulk] poll 12 (unstable): mass 0.2826 / 1.0000 g (0.7174 g to go, +0.0099 g this poll), elapsed 6.0 s
[phase 1 bulk] poll 13 (unstable): mass 0.2981 / 1.0000 g (0.7019 g to go, +0.0155 g this poll), elapsed 6.0 s
[phase 1 bulk] poll 14 (unstable): mass 0.3459 / 1.0000 g (0.6541 g to go, +0.0478 g this poll), elapsed 6.0 s
[phase 1 bulk] poll 15 (unstable): mass 0.3859 / 1.0000 g (0.6141 g to go, +0.0400 g this poll), elapsed 7.0 s
[phase 1 bulk] auger halted at 0.6141 g to go (halt threshold 0.6200 g); settling 800 ms
[phase 1 bulk] settled: mass 0.4879 / 1.0000 g (0.5121 g to go, +0.1020 g while settling), elapsed 9.0 s
=== phase 1/3 'bulk' end (15 cycles): mass 0.4879 / 1.0000 g (0.5121 g to go, +0.4879 g this phase), elapsed 9.0 s
=== phase 2/3 'fine' start: 0.5121 g to go, exit at 0.0500 g to go; angle 22.5 plate deg, 45 auger deg/cycle @ 30 rpm, 0 taps/cycle, settle 1500 ms
[phase 2 fine] cycle 1: mass 0.4917 / 1.0000 g (0.5083 g to go, +0.0038 g this cycle), elapsed 14.0 s
[phase 2 fine] cycle 2: mass 0.4952 / 1.0000 g (0.5048 g to go, +0.0035 g this cycle), elapsed 18.0 s
[phase 2 fine] cycle 3: mass 0.4954 / 1.0000 g (0.5046 g to go, +0.0002 g this cycle), elapsed 22.0 s
[phase 2 fine] cycle 4: mass 0.4965 / 1.0000 g (0.5035 g to go, +0.0011 g this cycle), elapsed 26.0 s
[phase 2 fine] cycle 5: mass 0.4990 / 1.0000 g (0.5010 g to go, +0.0025 g this cycle), elapsed 30.0 s
[phase 2 fine] cycle 6: mass 0.5107 / 1.0000 g (0.4893 g to go, +0.0117 g this cycle), elapsed 34.0 s
[phase 2 fine] cycle 7: mass 0.5279 / 1.0000 g (0.4721 g to go, +0.0172 g this cycle), elapsed 38.0 s
[phase 2 fine] cycle 8: mass 0.5520 / 1.0000 g (0.4480 g to go, +0.0241 g this cycle), elapsed 42.0 s
[phase 2 fine] cycle 9: mass 0.5633 / 1.0000 g (0.4367 g to go, +0.0113 g this cycle), elapsed 46.0 s
[phase 2 fine] cycle 10: mass 0.5675 / 1.0000 g (0.4325 g to go, +0.0042 g this cycle), elapsed 50.0 s
[phase 2 fine] cycle 11: mass 0.5677 / 1.0000 g (0.4323 g to go, +0.0002 g this cycle), elapsed 54.0 s
[phase 2 fine] cycle 12: mass 0.5704 / 1.0000 g (0.4296 g to go, +0.0027 g this cycle), elapsed 58.0 s
[phase 2 fine] cycle 13: mass 0.5717 / 1.0000 g (0.4283 g to go, +0.0013 g this cycle), elapsed 62.0 s
[phase 2 fine] cycle 14: mass 0.5927 / 1.0000 g (0.4073 g to go, +0.0210 g this cycle), elapsed 66.0 s
[phase 2 fine] cycle 15: mass 0.6339 / 1.0000 g (0.3661 g to go, +0.0412 g this cycle), elapsed 70.0 s
[phase 2 fine] cycle 16: mass 0.6558 / 1.0000 g (0.3442 g to go, +0.0219 g this cycle), elapsed 74.0 s
[phase 2 fine] cycle 17: mass 0.6644 / 1.0000 g (0.3356 g to go, +0.0086 g this cycle), elapsed 78.0 s
[phase 2 fine] cycle 18: mass 0.6715 / 1.0000 g (0.3285 g to go, +0.0071 g this cycle), elapsed 82.0 s
[phase 2 fine] cycle 19: mass 0.6717 / 1.0000 g (0.3283 g to go, +0.0002 g this cycle), elapsed 86.0 s
[phase 2 fine] cycle 20: mass 0.6734 / 1.0000 g (0.3266 g to go, +0.0017 g this cycle), elapsed 90.0 s
[phase 2 fine] cycle 21: mass 0.6796 / 1.0000 g (0.3204 g to go, +0.0062 g this cycle), elapsed 94.0 s
[phase 2 fine] cycle 22: mass 0.7183 / 1.0000 g (0.2817 g to go, +0.0387 g this cycle), elapsed 98.0 s
[phase 2 fine] cycle 23: mass 0.7461 / 1.0000 g (0.2539 g to go, +0.0278 g this cycle), elapsed 102.0 s
[phase 2 fine] cycle 24: mass 0.7646 / 1.0000 g (0.2354 g to go, +0.0185 g this cycle), elapsed 106.0 s
[phase 2 fine] cycle 25: mass 0.7748 / 1.0000 g (0.2252 g to go, +0.0102 g this cycle), elapsed 110.0 s
[phase 2 fine] cycle 26: mass 0.7800 / 1.0000 g (0.2200 g to go, +0.0052 g this cycle), elapsed 114.0 s
[phase 2 fine] cycle 27: mass 0.7809 / 1.0000 g (0.2191 g to go, +0.0009 g this cycle), elapsed 118.0 s
[phase 2 fine] cycle 28: mass 0.7845 / 1.0000 g (0.2155 g to go, +0.0036 g this cycle), elapsed 122.0 s
[phase 2 fine] cycle 29: mass 0.7962 / 1.0000 g (0.2038 g to go, +0.0117 g this cycle), elapsed 126.0 s
[phase 2 fine] cycle 30: mass 0.8340 / 1.0000 g (0.1660 g to go, +0.0378 g this cycle), elapsed 132.0 s
[phase 2 fine] cycle 31: mass 0.8605 / 1.0000 g (0.1395 g to go, +0.0265 g this cycle), elapsed 136.0 s
[phase 2 fine] cycle 32: mass 0.8849 / 1.0000 g (0.1151 g to go, +0.0244 g this cycle), elapsed 140.0 s
[phase 2 fine] cycle 33: mass 0.8993 / 1.0000 g (0.1007 g to go, +0.0144 g this cycle), elapsed 144.0 s
[phase 2 fine] cycle 34: mass 0.9034 / 1.0000 g (0.0966 g to go, +0.0041 g this cycle), elapsed 148.0 s
[phase 2 fine] cycle 35: mass 0.9043 / 1.0000 g (0.0957 g to go, +0.0009 g this cycle), elapsed 152.0 s
[phase 2 fine] cycle 36: mass 0.9061 / 1.0000 g (0.0939 g to go, +0.0018 g this cycle), elapsed 156.0 s
[phase 2 fine] cycle 37: mass 0.9142 / 1.0000 g (0.0858 g to go, +0.0081 g this cycle), elapsed 160.0 s
[phase 2 fine] cycle 38: mass 0.9500 / 1.0000 g (0.0500 g to go, +0.0358 g this cycle), elapsed 164.0 s
[phase 2 fine] cycle 39: mass 0.9847 / 1.0000 g (0.0153 g to go, +0.0347 g this cycle), elapsed 168.0 s
=== phase 2/3 'fine' end (39 cycles): mass 0.9847 / 1.0000 g (0.0153 g to go, +0.4968 g this phase), elapsed 168.0 s
=== phase 3/3 'tap' start: 0.0153 g to go, exit at 0.0050 g to go; angle 0.0 plate deg, 0 auger deg/cycle @ 0 rpm, 2 taps/cycle, settle 1500 ms
[phase 3 tap] cycle 1: mass 0.9860 / 1.0000 g (0.0140 g to go, +0.0013 g this cycle), elapsed 172.0 s
[phase 3 tap] cycle 2: mass 0.9862 / 1.0000 g (0.0138 g to go, +0.0002 g this cycle), elapsed 174.0 s
[phase 3 tap] cycle 3: mass 0.9879 / 1.0000 g (0.0121 g to go, +0.0017 g this cycle), elapsed 177.0 s
[phase 3 tap] cycle 4: mass 0.9881 / 1.0000 g (0.0119 g to go, +0.0002 g this cycle), elapsed 179.0 s
[phase 3 tap] cycle 5: mass 0.9894 / 1.0000 g (0.0106 g to go, +0.0013 g this cycle), elapsed 182.0 s
[phase 3 tap] cycle 6: mass 0.9901 / 1.0000 g (0.0099 g to go, +0.0007 g this cycle), elapsed 185.0 s
[phase 3 tap] cycle 7: mass 0.9913 / 1.0000 g (0.0087 g to go, +0.0012 g this cycle), elapsed 188.0 s
[phase 3 tap] cycle 8: mass 0.9914 / 1.0000 g (0.0086 g to go, +0.0001 g this cycle), elapsed 190.0 s
[phase 3 tap] cycle 9: mass 0.9927 / 1.0000 g (0.0073 g to go, +0.0013 g this cycle), elapsed 193.0 s
[phase 3 tap] cycle 10: mass 0.9929 / 1.0000 g (0.0071 g to go, +0.0002 g this cycle), elapsed 195.0 s
[phase 3 tap] cycle 11: mass 0.9937 / 1.0000 g (0.0063 g to go, +0.0008 g this cycle), elapsed 197.0 s
[phase 3 tap] cycle 12: mass 0.9944 / 1.0000 g (0.0056 g to go, +0.0007 g this cycle), elapsed 199.0 s
[phase 3 tap] cycle 13: mass 0.9949 / 1.0000 g (0.0051 g to go, +0.0005 g this cycle), elapsed 201.0 s
[phase 3 tap] cycle 14: mass 0.9965 / 1.0000 g (0.0035 g to go, +0.0016 g this cycle), elapsed 204.0 s
=== phase 3/3 'tap' end (14 cycles): mass 0.9965 / 1.0000 g (0.0035 g to go, +0.0118 g this phase), elapsed 204.0 s
[dose] done: DoseResult(ok: 0.9965/1.0000 g in 204.0s; cycles bulk:15, fine:39, tap:14; 9.46 auger rev, 28 taps)
DOSE,1,1.0000,0.9965,-0.0035,ok,204.0,9.46,28,bulk:15;fine:39;tap:14,879634
PROMPT,dose 2 done -- empty the cup for the next dose, then Enter ('skip'/'abort')
[dose] three-phase dose to 1.0000 g; taring scale
=== phase 1/3 'bulk' start: 1.0000 g to go, exit at 0.5000 g to go; angle 45.0 plate deg, CONTINUOUS @ 55 auger rpm (poll 250 ms, anticipation 0.1200 g), settle 800 ms
[phase 1 bulk] poll 1: mass 0.0000 / 1.0000 g (1.0000 g to go, +0.0000 g this poll), elapsed 2.0 s
[phase 1 bulk] poll 2: mass 0.0000 / 1.0000 g (1.0000 g to go, +0.0000 g this poll), elapsed 2.0 s
[phase 1 bulk] poll 3 (unstable): mass 0.0099 / 1.0000 g (0.9901 g to go, +0.0099 g this poll), elapsed 3.0 s
[phase 1 bulk] poll 4 (unstable): mass 0.0310 / 1.0000 g (0.9690 g to go, +0.0211 g this poll), elapsed 3.0 s
[phase 1 bulk] poll 5 (unstable): mass 0.0505 / 1.0000 g (0.9495 g to go, +0.0195 g this poll), elapsed 3.0 s
[phase 1 bulk] poll 6 (unstable): mass 0.0686 / 1.0000 g (0.9314 g to go, +0.0181 g this poll), elapsed 3.0 s
[phase 1 bulk] poll 7 (unstable): mass 0.1250 / 1.0000 g (0.8750 g to go, +0.0564 g this poll), elapsed 4.0 s
[phase 1 bulk] poll 8 (unstable): mass 0.1934 / 1.0000 g (0.8066 g to go, +0.0684 g this poll), elapsed 4.0 s
[phase 1 bulk] poll 9 (unstable): mass 0.2149 / 1.0000 g (0.7851 g to go, +0.0215 g this poll), elapsed 4.0 s
[phase 1 bulk] poll 10 (unstable): mass 0.2372 / 1.0000 g (0.7628 g to go, +0.0223 g this poll), elapsed 5.0 s
[phase 1 bulk] poll 11 (unstable): mass 0.3002 / 1.0000 g (0.6998 g to go, +0.0630 g this poll), elapsed 5.0 s
[phase 1 bulk] poll 12 (unstable): mass 0.3622 / 1.0000 g (0.6378 g to go, +0.0620 g this poll), elapsed 5.0 s
[phase 1 bulk] poll 13 (unstable): mass 0.3793 / 1.0000 g (0.6207 g to go, +0.0171 g this poll), elapsed 5.0 s
[phase 1 bulk] poll 14 (unstable): mass 0.4102 / 1.0000 g (0.5898 g to go, +0.0309 g this poll), elapsed 6.0 s
[phase 1 bulk] auger halted at 0.5898 g to go (halt threshold 0.6200 g); settling 800 ms
[phase 1 bulk] settled: mass 0.5421 / 1.0000 g (0.4579 g to go, +0.1319 g while settling), elapsed 7.0 s
=== phase 1/3 'bulk' end (14 cycles): mass 0.5421 / 1.0000 g (0.4579 g to go, +0.5421 g this phase), elapsed 7.0 s
=== phase 2/3 'fine' start: 0.4579 g to go, exit at 0.0500 g to go; angle 22.5 plate deg, 45 auger deg/cycle @ 30 rpm, 0 taps/cycle, settle 1500 ms
[phase 2 fine] cycle 1: mass 0.5598 / 1.0000 g (0.4402 g to go, +0.0177 g this cycle), elapsed 12.0 s
[phase 2 fine] cycle 2: mass 0.6112 / 1.0000 g (0.3888 g to go, +0.0514 g this cycle), elapsed 16.0 s
[phase 2 fine] cycle 3: mass 0.6447 / 1.0000 g (0.3553 g to go, +0.0335 g this cycle), elapsed 20.0 s
[phase 2 fine] cycle 4: mass 0.6642 / 1.0000 g (0.3358 g to go, +0.0195 g this cycle), elapsed 24.0 s
[phase 2 fine] cycle 5: mass 0.6749 / 1.0000 g (0.3251 g to go, +0.0107 g this cycle), elapsed 28.0 s
[phase 2 fine] cycle 6: mass 0.6778 / 1.0000 g (0.3222 g to go, +0.0029 g this cycle), elapsed 32.0 s
[phase 2 fine] cycle 7: mass 0.6793 / 1.0000 g (0.3207 g to go, +0.0015 g this cycle), elapsed 36.0 s
[phase 2 fine] cycle 8: mass 0.6852 / 1.0000 g (0.3148 g to go, +0.0059 g this cycle), elapsed 40.0 s
[phase 2 fine] cycle 9: mass 0.6892 / 1.0000 g (0.3108 g to go, +0.0040 g this cycle), elapsed 44.0 s
[phase 2 fine] cycle 10: mass 0.7372 / 1.0000 g (0.2628 g to go, +0.0480 g this cycle), elapsed 48.0 s
[phase 2 fine] cycle 11: mass 0.7748 / 1.0000 g (0.2252 g to go, +0.0376 g this cycle), elapsed 52.0 s
[phase 2 fine] cycle 12: mass 0.7971 / 1.0000 g (0.2029 g to go, +0.0223 g this cycle), elapsed 56.0 s
[phase 2 fine] cycle 13: mass 0.8093 / 1.0000 g (0.1907 g to go, +0.0122 g this cycle), elapsed 60.0 s
[phase 2 fine] cycle 14: mass 0.8139 / 1.0000 g (0.1861 g to go, +0.0046 g this cycle), elapsed 64.0 s
[phase 2 fine] cycle 15: mass 0.8146 / 1.0000 g (0.1854 g to go, +0.0007 g this cycle), elapsed 68.0 s
[phase 2 fine] cycle 16: mass 0.8163 / 1.0000 g (0.1837 g to go, +0.0017 g this cycle), elapsed 72.0 s
[phase 2 fine] cycle 17: mass 0.8359 / 1.0000 g (0.1641 g to go, +0.0196 g this cycle), elapsed 76.0 s
[phase 2 fine] cycle 18: mass 0.8623 / 1.0000 g (0.1377 g to go, +0.0264 g this cycle), elapsed 80.0 s
[phase 2 fine] cycle 19: mass 0.9070 / 1.0000 g (0.0930 g to go, +0.0447 g this cycle), elapsed 84.0 s
[phase 2 fine] cycle 20: mass 0.9262 / 1.0000 g (0.0738 g to go, +0.0192 g this cycle), elapsed 88.0 s
[phase 2 fine] cycle 21: mass 0.9355 / 1.0000 g (0.0645 g to go, +0.0093 g this cycle), elapsed 92.0 s
[phase 2 fine] cycle 22: mass 0.9418 / 1.0000 g (0.0582 g to go, +0.0063 g this cycle), elapsed 96.0 s
[phase 2 fine] cycle 23: mass 0.9419 / 1.0000 g (0.0581 g to go, +0.0001 g this cycle), elapsed 100.0 s
[phase 2 fine] cycle 24: mass 0.9429 / 1.0000 g (0.0571 g to go, +0.0010 g this cycle), elapsed 104.0 s
[phase 2 fine] cycle 25: mass 0.9495 / 1.0000 g (0.0505 g to go, +0.0066 g this cycle), elapsed 109.0 s
[phase 2 fine] cycle 26: mass 1.0088 / 1.0000 g (0.0000 g to go, +0.0593 g this cycle), elapsed 113.0 s
=== phase 2/3 'fine' end (26 cycles): mass 1.0088 / 1.0000 g (0.0000 g to go, +0.4667 g this phase), elapsed 113.0 s
=== phase 3/3 'tap' skipped (-0.0088 g to go is already <= 0.0050 g threshold)
[dose] done: DoseResult(overshoot: 1.0088/1.0000 g in 113.0s; cycles bulk:14, fine:26, tap:0; 6.92 auger rev, 0 taps)
DOSE,2,1.0000,1.0088,0.0088,overshoot,113.0,6.92,0,bulk:14;fine:26;tap:0,992669
META,park_tilt_deg,0.0
RUN,END,ok
