M,experiment,kf-bangbang-stop-accuracy
M,powder_id,salt
M,tau_bal_s,0.16
M,tau_after_s,0.25
M,rate_tau_s,0.5
M,ff_prior_g_per_rev,0.1
M,q_acc_sd,0.25
M,r_sd_quiet,0.0004
M,r_sd_actuate,0.002
M,k_sigma,2.0
M,tilt_plate_deg,55.0
M,rpm,55.0
M,rpm_fast,90.0
M,poll_ms,95
M,budget_g,15.0
M,pass,2
M,trials,kf:0.10:55:1|kf:0.50:55:3|kflag:1.00:55:1|kf:1.00:55:3|naive:0.50:55:2|kfsafe:0.50:55:2|kf:2.00:55:3|kf:0.20:55:3|kf:0.10:55:2|kf:1.00:90:2
E,1234,static noise baseline 20 s (no tare -- absolute)
P,1352,0,pre,12.8534,S
D,1447,0,noise,12.8534,S,0,0,,,,,
D,1636,0,noise,12.8534,S,0,0,,,,,
D,1829,0,noise,12.8534,S,0,0,,,,,
D,2021,0,noise,12.8534,S,0,0,,,,,
D,2211,0,noise,12.8534,S,0,0,,,,,
D,2403,0,noise,12.8534,S,0,0,,,,,
D,2593,0,noise,12.8534,S,0,0,,,,,
D,2785,0,noise,12.8534,S,0,0,,,,,
D,2977,0,noise,12.8534,S,0,0,,,,,
D,3168,0,noise,12.8534,S,0,0,,,,,
D,3361,0,noise,12.8534,S,0,0,,,,,
D,3550,0,noise,12.8534,S,0,0,,,,,
D,3742,0,noise,12.8534,S,0,0,,,,,
D,3933,0,noise,12.8533,S,0,0,,,,,
D,4125,0,noise,12.8533,S,0,0,,,,,
D,4314,0,noise,12.8533,S,0,0,,,,,
D,4506,0,noise,12.8533,S,0,0,,,,,
D,4698,0,noise,12.8533,S,0,0,,,,,
D,4890,0,noise,12.8533,S,0,0,,,,,
D,5082,0,noise,12.8533,S,0,0,,,,,
D,5271,0,noise,12.8533,S,0,0,,,,,
D,5463,0,noise,12.8533,S,0,0,,,,,
D,5654,0,noise,12.8533,S,0,0,,,,,
D,5846,0,noise,12.8532,S,0,0,,,,,
D,6038,0,noise,12.8532,S,0,0,,,,,
D,6227,0,noise,12.8532,S,0,0,,,,,
D,6419,0,noise,12.8532,S,0,0,,,,,
D,6611,0,noise,12.8532,S,0,0,,,,,
D,6802,0,noise,12.8531,S,0,0,,,,,
D,6992,0,noise,12.8531,S,0,0,,,,,
D,7185,0,noise,12.8531,S,0,0,,,,,
D,7377,0,noise,12.8530,S,0,0,,,,,
D,7568,0,noise,12.8530,S,0,0,,,,,
D,7760,0,noise,12.8530,S,0,0,,,,,
D,7949,0,noise,12.8530,S,0,0,,,,,
D,8141,0,noise,12.8529,S,0,0,,,,,
D,8333,0,noise,12.8529,S,0,0,,,,,
D,8524,0,noise,12.8529,S,0,0,,,,,
D,8715,0,noise,12.8528,S,0,0,,,,,
D,8905,0,noise,12.8528,S,0,0,,,,,
D,9097,0,noise,12.8528,S,0,0,,,,,
D,9289,0,noise,12.8527,S,0,0,,,,,
D,9480,0,noise,12.8527,S,0,0,,,,,
D,9671,0,noise,12.8526,S,0,0,,,,,
D,9862,0,noise,12.8526,S,0,0,,,,,
D,10053,0,noise,12.8526,S,0,0,,,,,
D,10246,0,noise,12.8525,S,0,0,,,,,
D,10437,0,noise,12.8525,S,0,0,,,,,
D,10626,0,noise,12.8524,S,0,0,,,,,
D,10818,0,noise,12.8524,S,0,0,,,,,
D,11011,0,noise,12.8524,S,0,0,,,,,
D,11202,0,noise,12.8523,S,0,0,,,,,
D,11393,0,noise,12.8523,S,0,0,,,,,
D,11583,0,noise,12.8523,S,0,0,,,,,
D,11775,0,noise,12.8522,S,0,0,,,,,
D,11966,0,noise,12.8522,S,0,0,,,,,
D,12158,0,noise,12.8522,S,0,0,,,,,
D,12347,0,noise,12.8522,S,0,0,,,,,
D,12546,0,noise,12.8521,S,0,0,,,,,
D,12732,0,noise,12.8521,S,0,0,,,,,
D,12923,0,noise,12.8521,S,0,0,,,,,
D,13114,0,noise,12.8520,S,0,0,,,,,
D,13304,0,noise,12.8520,S,0,0,,,,,
D,13497,0,noise,12.8520,S,0,0,,,,,
D,13688,0,noise,12.8520,S,0,0,,,,,
D,13880,0,noise,12.8519,S,0,0,,,,,
D,14072,0,noise,12.8519,S,0,0,,,,,
D,14261,0,noise,12.8519,S,0,0,,,,,
D,14453,0,noise,12.8519,S,0,0,,,,,
D,14645,0,noise,12.8518,S,0,0,,,,,
D,14836,0,noise,12.8518,S,0,0,,,,,
D,15026,0,noise,12.8518,S,0,0,,,,,
D,15218,0,noise,12.8518,S,0,0,,,,,
D,15410,0,noise,12.8517,S,0,0,,,,,
D,15600,0,noise,12.8517,S,0,0,,,,,
D,15792,0,noise,12.8517,S,0,0,,,,,
D,15983,0,noise,12.8517,S,0,0,,,,,
D,16174,0,noise,12.8516,S,0,0,,,,,
D,16365,0,noise,12.8516,S,0,0,,,,,
D,16558,0,noise,12.8516,S,0,0,,,,,
D,16747,0,noise,12.8516,S,0,0,,,,,
D,16938,0,noise,12.8516,S,0,0,,,,,
D,17130,0,noise,12.8516,S,0,0,,,,,
D,17321,0,noise,12.8516,S,0,0,,,,,
D,17513,0,noise,12.8516,S,0,0,,,,,
D,17704,0,noise,12.8516,S,0,0,,,,,
D,17895,0,noise,12.8516,S,0,0,,,,,
D,18087,0,noise,12.8516,S,0,0,,,,,
D,18278,0,noise,12.8516,S,0,0,,,,,
D,18471,0,noise,12.8516,S,0,0,,,,,
D,18659,0,noise,12.8516,S,0,0,,,,,
D,18852,0,noise,12.8516,S,0,0,,,,,
D,19043,0,noise,12.8516,S,0,0,,,,,
D,19235,0,noise,12.8516,S,0,0,,,,,
D,19424,0,noise,12.8517,S,0,0,,,,,
D,19617,0,noise,12.8517,S,0,0,,,,,
D,19807,0,noise,12.8517,S,0,0,,,,,
D,19999,0,noise,12.8517,S,0,0,,,,,
D,20191,0,noise,12.8518,S,0,0,,,,,
D,20381,0,noise,12.8518,S,0,0,,,,,
D,20573,0,noise,12.8518,S,0,0,,,,,
D,20764,0,noise,12.8518,S,0,0,,,,,
D,20956,0,noise,12.8518,S,0,0,,,,,
D,21148,0,noise,12.8519,S,0,0,,,,,
D,21337,0,noise,12.8519,S,0,0,,,,,
P,21530,0,noise_end,12.8519,S
E,21532,prime: 3 auger rev at 55 rpm, tilt 55
P,32242,0,prime_base,12.8758,S
D,37788,0,settle,13.1065,U,0,0,,,,,
D,37977,0,settle,13.1106,U,0,0,,,,,
D,38166,0,settle,13.1095,U,0,0,,,,,
D,38359,0,settle,13.1016,U,0,0,,,,,
D,38551,0,settle,13.0972,U,0,0,,,,,
D,38743,0,settle,13.0981,U,0,0,,,,,
D,38933,0,settle,13.0996,U,0,0,,,,,
D,39123,0,settle,13.1031,U,0,0,,,,,
D,39316,0,settle,13.1072,U,0,0,,,,,
D,39506,0,settle,13.1074,U,0,0,,,,,
D,39698,0,settle,13.1049,U,0,0,,,,,
D,39890,0,settle,13.1038,U,0,0,,,,,
D,40079,0,settle,13.1041,U,0,0,,,,,
D,40271,0,settle,13.1043,U,0,0,,,,,
D,40463,0,settle,13.1045,U,0,0,,,,,
D,40655,0,settle,13.1047,U,0,0,,,,,
D,40844,0,settle,13.1048,U,0,0,,,,,
D,41037,0,settle,13.1046,U,0,0,,,,,
D,41229,0,settle,13.1044,U,0,0,,,,,
D,41420,0,settle,13.1043,U,0,0,,,,,
D,41611,0,settle,13.1044,S,0,0,,,,,
D,41801,0,settle,13.1045,U,0,0,,,,,
P,43523,0,prime_end,13.1084,S
E,43526,prime yield 0.2326 g over 3 rev -> 0.0775 g/rev
E,43528,=== trial 1 : kf target 0.100 g, tilt 55, 55 rpm, rep 1 (dispensed 0.23 g) ===
P,44778,1,base,13.1087,S
D,44780,1,preroll,13.1087,S,1,0,0.0000,0.0000,0.0000,0.01649,0.0000
D,44962,1,preroll,13.1089,U,1,0,0.0008,0.0016,0.0002,0.01663,0.0000
D,45158,1,preroll,13.1089,U,0,0,0.0011,0.0010,0.0006,0.02719,0.0000
D,45353,1,preroll,13.1090,U,1,0,0.0000,0.0000,0.0003,0.02205,0.0000
D,45535,1,preroll,13.1090,S,0,0,0.0000,0.0000,0.0001,0.03103,0.0000
D,45729,1,preroll,13.1090,S,1,0,0.0005,0.0004,0.0003,0.02226,0.0000
D,45920,1,preroll,13.1090,S,0,0,0.0006,0.0003,0.0004,0.03192,0.0000
D,46115,1,preroll,13.1090,S,1,0,0.0002,0.0000,0.0003,0.02280,0.0000
D,46313,1,dispense,13.1090,S,0,55,0.0002,0.0174,0.0003,0.02631,0.0046
D,46493,1,dispense,13.1090,S,1,55,0.0035,0.0443,0.0003,0.01888,0.0145
D,46690,1,dispense,13.1090,S,0,55,0.0122,0.0630,0.0025,0.02914,0.0279
D,46887,1,dispense,13.1089,S,1,55,0.0082,0.0586,0.0004,0.02347,0.0229
D,47069,1,dispense,13.1085,U,1,55,0.0053,0.0507,0.0002,0.02085,0.0180
D,47267,1,dispense,13.1086,U,1,55,0.0064,0.0545,0.0002,0.02195,0.0201
D,47450,1,dispense,13.1231,U,1,55,0.0392,0.1025,0.0136,0.02095,0.0648
D,47647,1,dispense,13.1340,U,1,55,0.0448,0.0779,0.0258,0.02185,0.0642
D,47844,1,dispense,13.1494,U,1,55,0.0635,0.0880,0.0406,0.02214,0.0855
D,48025,1,dispense,13.1694,U,1,55,0.0899,0.1052,0.0604,0.02077,0.1162
E,48130,STOP kf at t=1.71 s: raw 0.0607 pred 0.1162 m_hat 0.0899 r_hat 0.1052 sigma 0.0208
D,48209,1,settle,13.1772,U,0,0,,,,,
D,48400,1,settle,13.1934,U,0,0,,,,,
D,48592,1,settle,13.2190,U,0,0,,,,,
D,48783,1,settle,13.2329,U,0,0,,,,,
D,48974,1,settle,13.2264,U,0,0,,,,,
D,49165,1,settle,13.2170,U,0,0,,,,,
D,49357,1,settle,13.2142,U,0,0,,,,,
D,49548,1,settle,13.2140,U,0,0,,,,,
D,49738,1,settle,13.2139,U,0,0,,,,,
D,49930,1,settle,13.2138,U,0,0,,,,,
D,50121,1,settle,13.2138,S,0,0,,,,,
D,50313,1,settle,13.2137,S,0,0,,,,,
D,50505,1,settle,13.2137,S,0,0,,,,,
D,50694,1,settle,13.2136,S,0,0,,,,,
D,50886,1,settle,13.2136,S,0,0,,,,,
D,51078,1,settle,13.2136,S,0,0,,,,,
D,51270,1,settle,13.2136,S,0,0,,,,,
D,51461,1,settle,13.2135,S,0,0,,,,,
D,51651,1,settle,13.2135,S,0,0,,,,,
D,51843,1,settle,13.2135,S,0,0,,,,,
D,52035,1,settle,13.2135,S,0,0,,,,,
D,52226,1,settle,13.2134,S,0,0,,,,,
D,52425,1,settle,13.2134,S,0,0,,,,,
D,52611,1,settle,13.2134,S,0,0,,,,,
D,52800,1,settle,13.2134,S,0,0,,,,,
D,52991,1,settle,13.2134,S,0,0,,,,,
D,53183,1,settle,13.2134,S,0,0,,,,,
D,53374,1,settle,13.2134,S,0,0,,,,,
D,53564,1,settle,13.2133,S,0,0,,,,,
D,53756,1,settle,13.2133,S,0,0,,,,,
D,53948,1,settle,13.2133,S,0,0,,,,,
D,54140,1,settle,13.2133,S,0,0,,,,,
P,54330,1,settled,13.2133,S
D,54425,1,settle,13.2133,S,0,0,,,,,
D,54617,1,settle,13.2133,S,0,0,,,,,
D,54809,1,settle,13.2133,S,0,0,,,,,
D,55001,1,settle,13.2133,S,0,0,,,,,
D,55190,1,settle,13.2133,S,0,0,,,,,
D,55382,1,settle,13.2133,S,0,0,,,,,
D,55574,1,settle,13.2133,S,0,0,,,,,
D,55765,1,settle,13.2133,S,0,0,,,,,
D,55957,1,settle,13.2133,S,0,0,,,,,
D,56147,1,settle,13.2133,S,0,0,,,,,
D,56339,1,settle,13.2133,S,0,0,,,,,
D,56530,1,settle,13.2133,S,0,0,,,,,
D,56722,1,settle,13.2133,S,0,0,,,,,
D,56912,1,settle,13.2133,S,0,0,,,,,
D,57104,1,settle,13.2133,S,0,0,,,,,
D,57295,1,settle,13.2133,S,0,0,,,,,
P,57488,1,settled2,13.2133,S
T,1,kf,0.100,55,55,1,13.1087,13.1694,0.0899,0.1052,0.02077,0.1162,1.82,13.2133,13.2133,0.1046,4.6,43.9,ok
E,57495,trial 1 kf: dispensed 0.1046 g, error +4.6 mg, afterflow +43.9 mg, 1.8 s
E,57497,=== trial 2 : kf target 0.500 g, tilt 55, 55 rpm, rep 3 (dispensed 0.34 g) ===
P,58730,2,base,13.2134,S
D,58732,2,preroll,13.2134,S,1,0,0.0000,0.0000,0.0000,0.01649,0.0000
D,58928,2,preroll,13.2135,S,1,0,0.0004,0.0008,0.0001,0.01809,0.0000
D,59124,2,preroll,13.2135,S,0,0,0.0005,0.0005,0.0003,0.02860,0.0000
D,59319,2,preroll,13.2135,S,1,0,-0.0001,0.0000,0.0001,0.02217,0.0000
D,59500,2,preroll,13.2135,S,0,0,-0.0001,0.0000,-0.0000,0.03107,0.0000
D,59695,2,preroll,13.2136,S,1,0,0.0004,0.0004,0.0002,0.02233,0.0000
D,59891,2,preroll,13.2136,S,0,0,0.0005,0.0003,0.0003,0.03239,0.0000
D,60073,2,preroll,13.2136,S,1,0,0.0001,0.0000,0.0002,0.02192,0.0000
D,60270,2,dispense,13.2136,S,0,55,0.0001,0.0174,0.0002,0.02537,0.0045
D,60467,2,dispense,13.2136,S,1,55,0.0037,0.0468,0.0002,0.02035,0.0154
D,60648,2,dispense,13.2137,S,1,55,0.0069,0.0545,0.0005,0.02070,0.0205
D,60846,2,dispense,13.2227,U,1,55,0.0273,0.0826,0.0090,0.02188,0.0480
D,61034,2,dispense,13.2342,U,1,55,0.0409,0.0831,0.0209,0.02137,0.0617
D,61232,2,dispense,13.2394,U,1,55,0.0366,0.0578,0.0267,0.02205,0.0510
D,61411,2,dispense,13.2355,U,1,55,0.0212,0.0303,0.0230,0.02063,0.0288
D,61608,2,dispense,13.2423,U,1,55,0.0434,0.0772,0.0283,0.02177,0.0627
D,61805,2,dispense,13.2678,U,1,55,0.0940,0.1326,0.0533,0.02214,0.1272
D,61986,2,dispense,13.2861,U,1,55,0.0994,0.0895,0.0733,0.02077,0.1217
D,62183,2,dispense,13.2956,U,1,55,0.0953,0.0600,0.0830,0.02182,0.1103
D,62368,2,dispense,13.3104,U,1,55,0.1192,0.0909,0.0966,0.02109,0.1419
D,62565,2,dispense,13.3218,U,1,55,0.1276,0.0779,0.1087,0.02189,0.1470
D,62762,2,dispense,13.3353,U,1,55,0.1425,0.0828,0.1219,0.02214,0.1632
D,62943,2,dispense,13.3555,U,1,55,0.1717,0.1075,0.1416,0.02077,0.1986
D,63140,2,dispense,13.3708,U,1,55,0.1803,0.0837,0.1578,0.02182,0.2013
D,63324,2,dispense,13.3742,U,1,55,0.1674,0.0439,0.1618,0.02101,0.1784
D,63521,2,dispense,13.3819,U,1,55,0.1823,0.0716,0.1683,0.02187,0.2002
D,63718,2,dispense,13.3992,U,1,55,0.2138,0.1039,0.1853,0.02214,0.2398
D,63899,2,dispense,13.4248,U,1,55,0.2481,0.1229,0.2109,0.02077,0.2788
D,64096,2,dispense,13.4427,U,1,55,0.2543,0.0854,0.2299,0.02182,0.2756
D,64284,2,dispense,13.4521,U,1,55,0.2519,0.0606,0.2393,0.02135,0.2670
D,64481,2,dispense,13.4655,U,1,55,0.2727,0.0852,0.2518,0.02196,0.2940
D,64664,2,dispense,13.4787,U,1,55,0.2866,0.0850,0.2654,0.02093,0.3079
D,64861,2,dispense,13.4909,U,1,55,0.2968,0.0784,0.2777,0.02186,0.3164
D,65045,2,dispense,13.5142,U,1,55,0.3342,0.1179,0.3000,0.02101,0.3637
D,65242,2,dispense,13.5320,U,1,55,0.3446,0.0897,0.3190,0.02187,0.3670
D,65439,2,dispense,13.5344,U,1,55,0.3251,0.0384,0.3222,0.02214,0.3347
D,65620,2,dispense,13.5397,U,1,55,0.3369,0.0651,0.3261,0.02077,0.3532
D,65817,2,dispense,13.5476,U,1,55,0.3507,0.0769,0.3342,0.02182,0.3699
D,66002,2,dispense,13.5622,U,1,55,0.3725,0.0937,0.3485,0.02109,0.3959
D,66199,2,dispense,13.5914,U,1,55,0.4194,0.1326,0.3770,0.02189,0.4526
D,66396,2,dispense,13.6112,U,1,55,0.4243,0.0867,0.3985,0.02214,0.4460
D,66577,2,dispense,13.6144,U,1,55,0.4059,0.0368,0.4021,0.02077,0.4151
D,66774,2,dispense,13.6223,U,1,55,0.4225,0.0715,0.4086,0.02182,0.4404
D,66958,2,dispense,13.6338,U,1,55,0.4409,0.0869,0.4202,0.02101,0.4627
D,67155,2,dispense,13.6528,U,1,55,0.4683,0.1031,0.4391,0.02187,0.4941
D,67352,2,dispense,13.6752,U,1,55,0.4933,0.1051,0.4617,0.02214,0.5196
E,67448,STOP kf at t=7.08 s: raw 0.4618 pred 0.5196 m_hat 0.4933 r_hat 0.1051 sigma 0.0221
D,67528,2,settle,13.6829,U,0,0,,,,,
D,67718,2,settle,13.6928,U,0,0,,,,,
D,67910,2,settle,13.7065,U,0,0,,,,,
D,68100,2,settle,13.7214,U,0,0,,,,,
D,68292,2,settle,13.7421,U,0,0,,,,,
D,68483,2,settle,13.7674,U,0,0,,,,,
D,68673,2,settle,13.7801,U,0,0,,,,,
D,68866,2,settle,13.7805,U,0,0,,,,,
D,69058,2,settle,13.7788,U,0,0,,,,,
D,69250,2,settle,13.7783,U,0,0,,,,,
D,69439,2,settle,13.7781,U,0,0,,,,,
D,69631,2,settle,13.7780,U,0,0,,,,,
D,69823,2,settle,13.7779,U,0,0,,,,,
D,70014,2,settle,13.7779,U,0,0,,,,,
D,70206,2,settle,13.7777,U,0,0,,,,,
D,70396,2,settle,13.7776,U,0,0,,,,,
D,70587,2,settle,13.7776,U,0,0,,,,,
D,70779,2,settle,13.7775,U,0,0,,,,,
D,70971,2,settle,13.7774,U,0,0,,,,,
D,71161,2,settle,13.7772,U,0,0,,,,,
D,71351,2,settle,13.7771,U,0,0,,,,,
D,71544,2,settle,13.7769,U,0,0,,,,,
D,71736,2,settle,13.7768,U,0,0,,,,,
D,71928,2,settle,13.7767,U,0,0,,,,,
D,72117,2,settle,13.7765,U,0,0,,,,,
D,72308,2,settle,13.7765,U,0,0,,,,,
D,72500,2,settle,13.7764,U,0,0,,,,,
D,72692,2,settle,13.7763,U,0,0,,,,,
D,72883,2,settle,13.7762,U,0,0,,,,,
D,73073,2,settle,13.7762,S,0,0,,,,,
D,73264,2,settle,13.7761,U,0,0,,,,,
D,73456,2,settle,13.7761,S,0,0,,,,,
P,73649,2,settled,13.7761,S
D,73744,2,settle,13.7761,S,0,0,,,,,
D,73933,2,settle,13.7761,S,0,0,,,,,
D,74125,2,settle,13.7761,S,0,0,,,,,
D,74317,2,settle,13.7761,S,0,0,,,,,
D,74509,2,settle,13.7761,S,0,0,,,,,
D,74698,2,settle,13.7761,S,0,0,,,,,
D,74890,2,settle,13.7761,S,0,0,,,,,
D,75082,2,settle,13.7761,S,0,0,,,,,
D,75273,2,settle,13.7761,S,0,0,,,,,
D,75465,2,settle,13.7761,S,0,0,,,,,
D,75655,2,settle,13.7761,S,0,0,,,,,
D,75847,2,settle,13.7761,S,0,0,,,,,
D,76038,2,settle,13.7760,S,0,0,,,,,
D,76231,2,settle,13.7760,S,0,0,,,,,
D,76423,2,settle,13.7760,S,0,0,,,,,
D,76611,2,settle,13.7760,S,0,0,,,,,
P,76804,2,settled2,13.7760,S
T,2,kf,0.500,55,55,3,13.2134,13.6752,0.4933,0.1051,0.02214,0.5196,7.18,13.7761,13.7760,0.5626,62.6,100.8,ok
E,76811,trial 2 kf: dispensed 0.5626 g, error +62.6 mg, afterflow +100.8 mg, 7.2 s
E,76814,=== trial 3 : kflag target 1.000 g, tilt 55, 55 rpm, rep 1 (dispensed 0.90 g) ===
P,78049,3,base,13.7759,S
D,78051,3,preroll,13.7759,S,1,0,0.0000,0.0000,0.0000,0.01649,0.0000
D,78247,3,preroll,13.7759,S,0,0,0.0000,0.0000,0.0000,0.02711,0.0000
D,78441,3,preroll,13.7759,S,1,0,0.0000,0.0000,0.0000,0.02182,0.0000
D,78636,3,preroll,13.7759,S,0,0,0.0000,0.0000,0.0000,0.03184,0.0000
D,78816,3,preroll,13.7759,S,1,0,0.0000,0.0000,0.0000,0.02160,0.0000
D,79011,3,preroll,13.7759,S,0,0,0.0000,0.0000,0.0000,0.03154,0.0000
D,79199,3,preroll,13.7759,S,1,0,0.0000,0.0000,0.0000,0.02232,0.0000
D,79394,3,preroll,13.7759,S,0,0,0.0000,0.0000,0.0000,0.03225,0.0000
D,79589,3,dispense,13.7759,S,1,55,0.0000,0.0174,0.0000,0.01746,0.0000
D,79786,3,dispense,13.7758,S,1,55,0.0032,0.0463,-0.0001,0.02079,0.0032
D,79967,3,dispense,13.7758,S,0,55,0.0116,0.0627,0.0021,0.02969,0.0116
D,80164,3,dispense,13.7801,U,1,55,0.0158,0.0665,0.0043,0.02301,0.0158
D,80347,3,dispense,13.7892,U,1,55,0.0306,0.0796,0.0132,0.02093,0.0306
D,80545,3,dispense,13.8013,U,1,55,0.0460,0.0838,0.0254,0.02197,0.0460
D,80742,3,dispense,13.8107,U,1,55,0.0506,0.0702,0.0352,0.02216,0.0506
D,80922,3,dispense,13.8143,U,1,55,0.0469,0.0530,0.0389,0.02069,0.0469
D,81119,3,dispense,13.8208,U,1,55,0.0581,0.0694,0.0449,0.02180,0.0581
D,81303,3,dispense,13.8347,U,1,55,0.0820,0.0944,0.0584,0.02101,0.0820
D,81500,3,dispense,13.8495,U,1,55,0.0971,0.0884,0.0737,0.02187,0.0971
D,81697,3,dispense,13.8731,U,1,55,0.1304,0.1120,0.0967,0.02214,0.1304
D,81878,3,dispense,13.8938,U,1,55,0.1469,0.0989,0.1180,0.02077,0.1469
D,82075,3,dispense,13.8934,U,1,55,0.1187,0.0294,0.1192,0.02182,0.1187
D,82260,3,dispense,13.8903,U,1,55,0.1140,0.0371,0.1147,0.02109,0.1140
D,82451,3,dispense,13.9031,U,1,55,0.1506,0.1005,0.1262,0.02136,0.1506
D,82648,3,dispense,13.9351,U,1,55,0.2065,0.1476,0.1580,0.02201,0.2065
D,82833,3,dispense,13.9712,U,1,55,0.2431,0.1408,0.1950,0.02110,0.2431
D,83030,3,dispense,13.9911,U,1,55,0.2393,0.0774,0.2163,0.02190,0.2393
D,83227,3,dispense,13.9966,U,1,55,0.2272,0.0448,0.2216,0.02214,0.2272
D,83408,3,dispense,14.0037,U,1,55,0.2408,0.0701,0.2276,0.02077,0.2408
D,83605,3,dispense,14.0204,U,1,55,0.2717,0.1025,0.2439,0.02182,0.2717
D,83789,3,dispense,14.0497,U,1,55,0.3155,0.1359,0.2730,0.02101,0.3155
D,83986,3,dispense,14.0717,U,1,55,0.3257,0.0954,0.2964,0.02187,0.3257
D,84183,3,dispense,14.0719,U,1,55,0.2958,0.0258,0.2975,0.02214,0.2958
D,84364,3,dispense,14.0747,U,1,55,0.3060,0.0580,0.2986,0.02077,0.3060
D,84561,3,dispense,14.0902,U,1,55,0.3412,0.1044,0.3135,0.02182,0.3412
D,84746,3,dispense,14.1105,U,1,55,0.3654,0.1071,0.3344,0.02109,0.3654
D,84943,3,dispense,14.1454,U,1,55,0.4164,0.1428,0.3685,0.02189,0.4164
D,85140,3,dispense,14.1745,U,1,55,0.4357,0.1103,0.3989,0.02214,0.4357
D,85321,3,dispense,14.1801,U,1,55,0.4109,0.0357,0.4057,0.02077,0.4109
D,85518,3,dispense,14.1846,U,1,55,0.4164,0.0556,0.4088,0.02182,0.4164
D,85706,3,dispense,14.1987,U,1,55,0.4469,0.0987,0.4221,0.02135,0.4469
D,85903,3,dispense,14.2195,U,1,55,0.4753,0.1084,0.4433,0.02196,0.4753
D,86085,3,dispense,14.2414,U,1,55,0.4961,0.1039,0.4655,0.02085,0.4961
D,86282,3,dispense,14.2622,U,1,55,0.5146,0.0964,0.4864,0.02183,0.5146
D,86467,3,dispense,14.2678,U,1,55,0.5008,0.0473,0.4930,0.02109,0.5008
D,86664,3,dispense,14.2673,U,1,55,0.4939,0.0421,0.4919,0.02190,0.4939
D,86861,3,dispense,14.2804,U,1,55,0.5279,0.0976,0.5037,0.02214,0.5279
D,87042,3,dispense,14.3145,U,1,55,0.5878,0.1594,0.5372,0.02077,0.5878
D,87239,3,dispense,14.3448,U,1,55,0.6098,0.1197,0.5692,0.02182,0.6098
D,87423,3,dispense,14.3553,U,1,55,0.5917,0.0489,0.5808,0.02101,0.5917
D,87620,3,dispense,14.3456,U,1,55,0.5585,0.0060,0.5712,0.02187,0.5585
D,87817,3,dispense,14.3441,U,1,55,0.5735,0.0590,0.5678,0.02214,0.5735
D,87998,3,dispense,14.3626,U,1,55,0.6185,0.1229,0.5856,0.02077,0.6185
D,88195,3,dispense,14.3925,U,1,55,0.6602,0.1351,0.6160,0.02182,0.6602
D,88392,3,dispense,14.4177,U,1,55,0.6741,0.1002,0.6422,0.02214,0.6741
D,88571,3,dispense,14.4280,U,1,55,0.6656,0.0566,0.6530,0.02061,0.6656
D,88768,3,dispense,14.4351,U,1,55,0.6706,0.0617,0.6594,0.02178,0.6706
D,88956,3,dispense,14.4452,U,1,55,0.6872,0.0803,0.6691,0.02135,0.6872
D,89153,3,dispense,14.4663,U,1,55,0.7224,0.1119,0.6898,0.02196,0.7224
D,89336,3,dispense,14.4974,U,1,55,0.7646,0.1372,0.7208,0.02093,0.7646
D,89533,3,dispense,14.5095,U,1,55,0.7502,0.0615,0.7350,0.02186,0.7502
D,89730,3,dispense,14.5055,U,1,55,0.7251,0.0212,0.7308,0.02214,0.7251
D,89911,3,dispense,14.5120,U,1,55,0.7498,0.0784,0.7354,0.02077,0.7498
D,90108,3,dispense,14.5208,U,1,55,0.7636,0.0813,0.7450,0.02182,0.7636
D,90293,3,dispense,14.5403,U,1,55,0.7939,0.1079,0.7639,0.02109,0.7939
D,90490,3,dispense,14.5710,U,1,55,0.8379,0.1332,0.7943,0.02189,0.8379
D,90687,3,dispense,14.5898,U,1,55,0.8382,0.0806,0.8147,0.02214,0.8382
D,90866,3,dispense,14.5966,U,1,55,0.8302,0.0502,0.8214,0.02061,0.8302
D,91063,3,dispense,14.6120,U,1,55,0.8593,0.0933,0.8354,0.02178,0.8593
D,91260,3,dispense,14.6381,U,1,55,0.9004,0.1247,0.8615,0.02214,0.9004
D,91441,3,dispense,14.6678,U,1,55,0.9322,0.1267,0.8916,0.02077,0.9322
D,91638,3,dispense,14.6889,U,1,55,0.9405,0.0896,0.9136,0.02182,0.9405
D,91822,3,dispense,14.6955,U,1,55,0.9287,0.0478,0.9206,0.02101,0.9287
D,92019,3,dispense,14.6937,U,1,55,0.9187,0.0380,0.9185,0.02187,0.9187
D,92207,3,dispense,14.7017,U,1,55,0.9423,0.0823,0.9253,0.02135,0.9423
D,92405,3,dispense,14.7326,U,1,55,1.0028,0.1474,0.9553,0.02205,1.0028
E,92497,STOP kflag at t=12.82 s: raw 0.9567 pred 1.0028 m_hat 1.0028 r_hat 0.1474 sigma 0.0220
D,92590,3,settle,14.7542,U,0,0,,,,,
D,92777,3,settle,14.7867,U,0,0,,,,,
D,92965,3,settle,14.7943,U,0,0,,,,,
D,93157,3,settle,14.7810,U,0,0,,,,,
D,93348,3,settle,14.7781,U,0,0,,,,,
D,93538,3,settle,14.7836,U,0,0,,,,,
D,93730,3,settle,14.7835,U,0,0,,,,,
D,93922,3,settle,14.7827,U,0,0,,,,,
D,94112,3,settle,14.7825,U,0,0,,,,,
D,94302,3,settle,14.7824,U,0,0,,,,,
D,94495,3,settle,14.7823,U,0,0,,,,,
D,94687,3,settle,14.7822,U,0,0,,,,,
D,94877,3,settle,14.7821,U,0,0,,,,,
D,95070,3,settle,14.7821,U,0,0,,,,,
D,95259,3,settle,14.7820,U,0,0,,,,,
D,95451,3,settle,14.7819,U,0,0,,,,,
D,95643,3,settle,14.7819,S,0,0,,,,,
D,95835,3,settle,14.7818,U,0,0,,,,,
D,96027,3,settle,14.7817,U,0,0,,,,,
D,96216,3,settle,14.7816,U,0,0,,,,,
D,96407,3,settle,14.7815,U,0,0,,,,,
D,96600,3,settle,14.7815,U,0,0,,,,,
D,96792,3,settle,14.7814,U,0,0,,,,,
D,96981,3,settle,14.7813,U,0,0,,,,,
D,97172,3,settle,14.7813,S,0,0,,,,,
D,97364,3,settle,14.7813,S,0,0,,,,,
D,97556,3,settle,14.7812,S,0,0,,,,,
D,97747,3,settle,14.7812,S,0,0,,,,,
D,97936,3,settle,14.7812,S,0,0,,,,,
D,98128,3,settle,14.7812,S,0,0,,,,,
D,98320,3,settle,14.7812,S,0,0,,,,,
D,98512,3,settle,14.7812,S,0,0,,,,,
P,98705,3,settled,14.7812,S
D,98798,3,settle,14.7812,S,0,0,,,,,
D,98989,3,settle,14.7812,S,0,0,,,,,
D,99182,3,settle,14.7812,S,0,0,,,,,
D,99372,3,settle,14.7812,S,0,0,,,,,
D,99565,3,settle,14.7812,S,0,0,,,,,
D,99754,3,settle,14.7812,S,0,0,,,,,
D,99947,3,settle,14.7812,S,0,0,,,,,
D,100137,3,settle,14.7812,S,0,0,,,,,
D,100329,3,settle,14.7812,S,0,0,,,,,
D,100521,3,settle,14.7812,S,0,0,,,,,
D,100712,3,settle,14.7812,S,0,0,,,,,
D,100902,3,settle,14.7812,S,0,0,,,,,
D,101094,3,settle,14.7812,S,0,0,,,,,
D,101286,3,settle,14.7812,S,0,0,,,,,
D,101476,3,settle,14.7812,S,0,0,,,,,
D,101668,3,settle,14.7812,S,0,0,,,,,
P,101860,3,settled2,14.7812,S
T,3,kflag,1.000,55,55,1,13.7759,14.7326,1.0028,0.1474,0.02205,1.0028,12.91,14.7812,14.7812,1.0053,5.3,48.6,ok
E,101867,trial 3 kflag: dispensed 1.0053 g, error +5.3 mg, afterflow +48.6 mg, 12.9 s
E,101870,=== trial 4 : kf target 1.000 g, tilt 55, 55 rpm, rep 3 (dispensed 1.91 g) ===
P,103103,4,base,14.7807,S
D,103105,4,preroll,14.7807,S,1,0,0.0000,0.0000,0.0000,0.01649,0.0000
D,103301,4,preroll,14.7806,S,1,0,-0.0004,0.0000,-0.0001,0.01809,0.0000
D,103497,4,preroll,14.7806,S,0,0,-0.0004,0.0000,-0.0003,0.02860,0.0000
D,103680,4,preroll,14.7806,S,1,0,0.0001,0.0006,-0.0001,0.02109,0.0000
D,103872,4,preroll,14.7806,S,0,0,0.0002,0.0003,0.0000,0.03085,0.0000
D,104068,4,preroll,14.7806,S,1,0,-0.0002,0.0000,-0.0001,0.02280,0.0000
D,104264,4,preroll,14.7806,S,0,0,-0.0002,0.0000,-0.0002,0.03283,0.0000
D,104444,4,preroll,14.7805,S,1,0,-0.0002,0.0000,-0.0002,0.02181,0.0000
D,104643,4,dispense,14.7805,S,0,55,-0.0002,0.0174,-0.0002,0.02526,0.0041
D,104839,4,dispense,14.7805,S,1,55,0.0032,0.0466,-0.0002,0.02024,0.0149
D,105022,4,dispense,14.7805,S,0,55,0.0117,0.0631,0.0021,0.02937,0.0275
D,105219,4,dispense,14.7805,S,1,55,0.0079,0.0588,-0.0000,0.02297,0.0226
D,105403,4,dispense,14.7892,U,1,55,0.0258,0.0813,0.0083,0.02101,0.0462
D,105600,4,dispense,14.7979,U,1,55,0.0339,0.0742,0.0175,0.02189,0.0524
D,105797,4,dispense,14.8194,U,1,55,0.0706,0.1121,0.0380,0.02214,0.0987
D,105975,4,dispense,14.8538,U,1,55,0.1206,0.1511,0.0721,0.02053,0.1584
D,106172,4,dispense,14.8783,U,1,55,0.1303,0.0996,0.0983,0.02176,0.1552
D,106369,4,dispense,14.8858,U,1,55,0.1134,0.0451,0.1063,0.02213,0.1247
D,106551,4,dispense,14.8925,U,1,55,0.1232,0.0645,0.1117,0.02085,0.1393
D,106748,4,dispense,14.9022,U,1,55,0.1396,0.0804,0.1214,0.02184,0.1598
D,106932,4,dispense,14.9263,U,1,55,0.1813,0.1250,0.1447,0.02101,0.2125
D,107124,4,dispense,14.9520,U,1,55,0.2076,0.1155,0.1712,0.02143,0.2365
D,107321,4,dispense,14.9551,U,1,55,0.1786,0.0335,0.1761,0.02203,0.1870
D,107519,4,dispense,14.9528,U,1,55,0.1720,0.0382,0.1725,0.02223,0.1815
D,107699,4,dispense,14.9569,U,1,55,0.1881,0.0715,0.1759,0.02071,0.2060
D,107897,4,dispense,14.9641,U,1,55,0.1996,0.0759,0.1835,0.02189,0.2186
D,108080,4,dispense,14.9920,U,1,55,0.2520,0.1399,0.2100,0.02095,0.2869
D,108277,4,dispense,15.0222,U,1,55,0.2836,0.1265,0.2414,0.02185,0.3152
D,108474,4,dispense,15.0307,U,1,55,0.2596,0.0443,0.2515,0.02214,0.2707
D,108653,4,dispense,15.0326,U,1,55,0.2560,0.0436,0.2523,0.02061,0.2669
D,108850,4,dispense,15.0404,U,1,55,0.2754,0.0777,0.2593,0.02178,0.2949
D,109047,4,dispense,15.0556,U,1,55,0.3003,0.0967,0.2746,0.02214,0.3245
D,109228,4,dispense,15.0761,U,1,55,0.3255,0.1065,0.2951,0.02077,0.3521
D,109425,4,dispense,15.0932,U,1,55,0.3371,0.0875,0.3128,0.02182,0.3589
D,109609,4,dispense,15.0981,U,1,55,0.3257,0.0477,0.3183,0.02101,0.3377
D,109806,4,dispense,15.0945,U,1,55,0.3129,0.0340,0.3146,0.02187,0.3214
D,110003,4,dispense,15.0997,U,1,55,0.3325,0.0748,0.3186,0.02214,0.3512
D,110185,4,dispense,15.1272,U,1,55,0.3882,0.1444,0.3451,0.02085,0.4243
D,110376,4,dispense,15.1579,U,1,55,0.4204,0.1309,0.3770,0.02130,0.4532
D,110573,4,dispense,15.1703,U,1,55,0.4046,0.0571,0.3910,0.02201,0.4189
D,110758,4,dispense,15.1611,U,1,55,0.3696,0.0021,0.3819,0.02110,0.3702
D,110956,4,dispense,15.1525,U,1,55,0.3669,0.0331,0.3719,0.02199,0.3752
D,111141,4,dispense,15.1582,U,1,55,0.3937,0.0857,0.3768,0.02112,0.4151
D,111338,4,dispense,15.1835,U,1,55,0.4425,0.1326,0.4017,0.02190,0.4757
D,111522,4,dispense,15.2181,U,1,55,0.4847,0.1443,0.4368,0.02101,0.5208
D,111719,4,dispense,15.2350,U,1,55,0.4757,0.0713,0.4556,0.02188,0.4936
D,111916,4,dispense,15.2386,U,1,55,0.4623,0.0408,0.4588,0.02214,0.4725
D,112097,4,dispense,15.2377,U,1,55,0.4602,0.0449,0.4573,0.02077,0.4714
D,112294,4,dispense,15.2477,U,1,55,0.4864,0.0875,0.4664,0.02182,0.5083
D,112491,4,dispense,15.2754,U,1,55,0.5362,0.1348,0.4937,0.02214,0.5699
D,112671,4,dispense,15.2888,U,1,55,0.5279,0.0696,0.5092,0.02069,0.5453
D,112868,4,dispense,15.2828,U,1,55,0.4955,0.0138,0.5037,0.02180,0.4989
D,113065,4,dispense,15.2843,U,1,55,0.5114,0.0630,0.5032,0.02214,0.5271
D,113244,4,dispense,15.2930,U,1,55,0.5309,0.0858,0.5120,0.02061,0.5523
D,113441,4,dispense,15.3100,U,1,55,0.5567,0.1006,0.5290,0.02178,0.5819
D,113628,4,dispense,15.3403,U,1,55,0.6019,0.1364,0.5587,0.02126,0.6360
D,113825,4,dispense,15.3624,U,1,55,0.6115,0.0946,0.5823,0.02194,0.6351
D,114008,4,dispense,15.3656,U,1,55,0.5894,0.0341,0.5862,0.02093,0.5979
D,114206,4,dispense,15.3708,U,1,55,0.5999,0.0621,0.5900,0.02195,0.6154
D,114403,4,dispense,15.3828,U,1,55,0.6239,0.0903,0.6017,0.02216,0.6465
D,114583,4,dispense,15.4058,U,1,55,0.6593,0.1199,0.6245,0.02069,0.6893
D,114781,4,dispense,15.4321,U,1,55,0.6881,0.1157,0.6512,0.02189,0.7170
D,114965,4,dispense,15.4462,U,1,55,0.6844,0.0693,0.6663,0.02103,0.7017
D,115162,4,dispense,15.4457,U,1,55,0.6659,0.0332,0.6661,0.02187,0.6742
D,115360,4,dispense,15.4470,U,1,55,0.6733,0.0575,0.6663,0.02223,0.6876
D,115540,4,dispense,15.4598,U,1,55,0.7021,0.0979,0.6785,0.02071,0.7266
D,115737,4,dispense,15.4861,U,1,55,0.7445,0.1278,0.7046,0.02180,0.7765
D,115922,4,dispense,15.5081,U,1,55,0.7577,0.0988,0.7278,0.02109,0.7824
D,116119,4,dispense,15.5127,U,1,55,0.7385,0.0420,0.7333,0.02189,0.7490
D,116316,4,dispense,15.5070,U,1,55,0.7222,0.0271,0.7271,0.02214,0.7290
D,116497,4,dispense,15.5118,U,1,55,0.7438,0.0759,0.7306,0.02077,0.7628
D,116694,4,dispense,15.5326,U,1,55,0.7859,0.1200,0.7510,0.02182,0.8159
D,116881,4,dispense,15.5662,U,1,55,0.8323,0.1449,0.7847,0.02126,0.8685
D,117078,4,dispense,15.5896,U,1,55,0.8392,0.0937,0.8096,0.02194,0.8626
D,117261,4,dispense,15.5981,U,1,55,0.8281,0.0504,0.8183,0.02093,0.8407
D,117459,4,dispense,15.6015,U,1,55,0.8279,0.0526,0.8211,0.02195,0.8411
D,117643,4,dispense,15.6070,U,1,55,0.8388,0.0688,0.8263,0.02103,0.8560
D,117840,4,dispense,15.6338,U,1,55,0.8932,0.1348,0.8517,0.02188,0.9269
D,118037,4,dispense,15.6580,U,1,55,0.9110,0.1056,0.8776,0.02214,0.9374
D,118218,4,dispense,15.6518,U,1,55,0.8637,0.0000,0.8733,0.02077,0.8637
D,118414,4,dispense,15.6459,U,1,55,0.8607,0.0317,0.8653,0.02173,0.8686
D,118611,4,dispense,15.6612,U,1,55,0.9094,0.1149,0.8791,0.02212,0.9381
D,118791,4,dispense,15.6895,U,1,55,0.9511,0.1386,0.9081,0.02069,0.9857
D,118988,4,dispense,15.7287,U,1,55,0.9999,0.1501,0.9472,0.02180,1.0374
E,119093,STOP kf at t=14.35 s: raw 0.9480 pred 1.0374 m_hat 0.9999 r_hat 0.1501 sigma 0.0218
D,119169,4,settle,15.7472,U,0,0,,,,,
D,119359,4,settle,15.7689,U,0,0,,,,,
D,119549,4,settle,15.7713,U,0,0,,,,,
D,119742,4,settle,15.7707,U,0,0,,,,,
D,119934,4,settle,15.7699,U,0,0,,,,,
D,120126,4,settle,15.7705,U,0,0,,,,,
D,120315,4,settle,15.7707,U,0,0,,,,,
D,120507,4,settle,15.7706,U,0,0,,,,,
D,120699,4,settle,15.7704,U,0,0,,,,,
D,120890,4,settle,15.7703,U,0,0,,,,,
D,121079,4,settle,15.7702,U,0,0,,,,,
D,121272,4,settle,15.7701,U,0,0,,,,,
D,121463,4,settle,15.7700,U,0,0,,,,,
D,121655,4,settle,15.7699,U,0,0,,,,,
D,121847,4,settle,15.7699,S,0,0,,,,,
D,122037,4,settle,15.7697,U,0,0,,,,,
D,122227,4,settle,15.7695,U,0,0,,,,,
D,122419,4,settle,15.7694,U,0,0,,,,,
D,122612,4,settle,15.7693,U,0,0,,,,,
D,122803,4,settle,15.7693,U,0,0,,,,,
D,122993,4,settle,15.7692,U,0,0,,,,,
D,123185,4,settle,15.7692,S,0,0,,,,,
D,123384,4,settle,15.7691,S,0,0,,,,,
D,123571,4,settle,15.7691,S,0,0,,,,,
D,123757,4,settle,15.7691,S,0,0,,,,,
D,123950,4,settle,15.7691,S,0,0,,,,,
D,124141,4,settle,15.7691,S,0,0,,,,,
D,124333,4,settle,15.7691,S,0,0,,,,,
D,124525,4,settle,15.7691,S,0,0,,,,,
D,124715,4,settle,15.7691,S,0,0,,,,,
D,124905,4,settle,15.7691,S,0,0,,,,,
D,125098,4,settle,15.7691,S,0,0,,,,,
P,125290,4,settled,15.7691,S
D,125385,4,settle,15.7691,S,0,0,,,,,
D,125575,4,settle,15.7690,S,0,0,,,,,
D,125767,4,settle,15.7690,S,0,0,,,,,
D,125959,4,settle,15.7690,S,0,0,,,,,
D,126149,4,settle,15.7690,S,0,0,,,,,
D,126342,4,settle,15.7690,S,0,0,,,,,
D,126532,4,settle,15.7690,S,0,0,,,,,
D,126724,4,settle,15.7691,S,0,0,,,,,
D,126915,4,settle,15.7691,S,0,0,,,,,
D,127107,4,settle,15.7691,S,0,0,,,,,
D,127296,4,settle,15.7691,S,0,0,,,,,
D,127489,4,settle,15.7691,S,0,0,,,,,
D,127680,4,settle,15.7691,S,0,0,,,,,
D,127871,4,settle,15.7695,U,0,0,,,,,
D,128063,4,settle,15.7695,U,0,0,,,,,
D,128253,4,settle,15.7696,S,0,0,,,,,
P,128444,4,settled2,15.7696,S
T,4,kf,1.000,55,55,3,14.7807,15.7287,0.9999,0.1501,0.02180,1.0374,14.45,15.7691,15.7696,0.9889,-11.1,40.9,ok
E,128451,trial 4 kf: dispensed 0.9889 g, error -11.1 mg, afterflow +40.9 mg, 14.5 s
E,128453,=== trial 5 : naive target 0.500 g, tilt 55, 55 rpm, rep 2 (dispensed 2.89 g) ===
P,129688,5,base,15.7697,S
D,129690,5,preroll,15.7697,S,1,0,0.0000,0.0000,0.0000,0.01649,0.0000
D,129886,5,preroll,15.7697,S,0,0,0.0000,0.0000,0.0000,0.02711,0.0000
D,130081,5,preroll,15.7697,S,1,0,0.0000,0.0000,0.0000,0.02192,0.0000
D,130277,5,preroll,15.7697,S,0,0,0.0000,0.0000,0.0000,0.03202,0.0000
D,130456,5,preroll,15.7697,S,1,0,0.0000,0.0000,0.0000,0.02158,0.0000
D,130652,5,preroll,15.7697,S,0,0,0.0000,0.0000,0.0000,0.03159,0.0000
D,130846,5,preroll,15.7697,S,1,0,0.0000,0.0000,0.0000,0.02289,0.0000
D,131030,5,preroll,15.7697,S,0,0,0.0000,0.0000,0.0000,0.03196,0.0000
D,131226,5,dispense,15.7697,S,1,55,0.0000,0.0174,0.0000,0.01690,0.0000
D,131422,5,dispense,15.7697,S,0,55,0.0034,0.0465,0.0000,0.02701,0.0000
D,131606,5,dispense,15.7698,S,1,55,0.0080,0.0590,0.0002,0.02219,0.0001
D,131803,5,dispense,15.7770,U,1,55,0.0233,0.0769,0.0072,0.02186,0.0073
D,131991,5,dispense,15.7855,U,1,55,0.0320,0.0740,0.0160,0.02137,0.0158
D,132189,5,dispense,15.7970,U,1,55,0.0465,0.0808,0.0273,0.02205,0.0273
D,132371,5,dispense,15.8148,U,1,55,0.0721,0.1012,0.0447,0.02087,0.0451
D,132568,5,dispense,15.8334,U,1,55,0.0911,0.0962,0.0637,0.02184,0.0637
D,132752,5,dispense,15.8409,U,1,55,0.0831,0.0559,0.0721,0.02101,0.0712
D,132949,5,dispense,15.8416,U,1,55,0.0759,0.0446,0.0725,0.02187,0.0719
D,133146,5,dispense,15.8502,U,1,55,0.0975,0.0811,0.0801,0.02214,0.0805
D,133327,5,dispense,15.8782,U,1,55,0.1500,0.1423,0.1073,0.02077,0.1085
D,133524,5,dispense,15.9115,U,1,55,0.1877,0.1358,0.1415,0.02182,0.1418
D,133709,5,dispense,15.9278,U,1,55,0.1784,0.0679,0.1593,0.02109,0.1581
D,133906,5,dispense,15.9281,U,1,55,0.1590,0.0315,0.1595,0.02189,0.1584
D,134103,5,dispense,15.9314,U,1,55,0.1711,0.0635,0.1615,0.02214,0.1617
D,134284,5,dispense,15.9424,U,1,55,0.1933,0.0899,0.1723,0.02077,0.1727
D,134481,5,dispense,15.9657,U,1,55,0.2310,0.1186,0.1953,0.02182,0.1960
D,134665,5,dispense,15.9996,U,1,55,0.2761,0.1437,0.2291,0.02101,0.2299
D,134862,5,dispense,16.0154,U,1,55,0.2664,0.0701,0.2470,0.02187,0.2457
D,135059,5,dispense,16.0197,U,1,55,0.2555,0.0440,0.2508,0.02214,0.2500
D,135247,5,dispense,16.0207,U,1,55,0.2568,0.0518,0.2512,0.02136,0.2510
D,135430,5,dispense,16.0239,U,1,55,0.2644,0.0635,0.2543,0.02074,0.2542
D,135628,5,dispense,16.0440,U,1,55,0.3062,0.1154,0.2733,0.02194,0.2743
D,135825,5,dispense,16.0599,U,1,55,0.3142,0.0854,0.2907,0.02216,0.2902
D,136005,5,dispense,16.0575,U,1,55,0.2868,0.0225,0.2892,0.02069,0.2878
D,136202,5,dispense,16.0624,U,1,55,0.3030,0.0662,0.2923,0.02180,0.2927
D,136386,5,dispense,16.0791,U,1,55,0.3376,0.1093,0.3086,0.02101,0.3094
D,136583,5,dispense,16.1040,U,1,55,0.3709,0.1188,0.3339,0.02187,0.3343
D,136780,5,dispense,16.1415,U,1,55,0.4212,0.1459,0.3710,0.02214,0.3718
D,136961,5,dispense,16.1672,U,1,55,0.4305,0.1003,0.3981,0.02077,0.3975
D,137158,5,dispense,16.1694,U,1,55,0.4018,0.0292,0.4014,0.02182,0.3997
D,137343,5,dispense,16.1721,U,1,55,0.4089,0.0548,0.4023,0.02109,0.4024
D,137540,5,dispense,16.1806,U,1,55,0.4286,0.0818,0.4106,0.02189,0.4109
D,137737,5,dispense,16.1943,U,1,55,0.4476,0.0897,0.4245,0.02214,0.4246
D,137918,5,dispense,16.2149,U,1,55,0.4753,0.1079,0.4448,0.02077,0.4452
D,138115,5,dispense,16.2339,U,1,55,0.4915,0.0944,0.4644,0.02182,0.4642
D,138299,5,dispense,16.2389,U,1,55,0.4775,0.0461,0.4703,0.02101,0.4692
D,138491,5,dispense,16.2404,U,1,55,0.4759,0.0486,0.4711,0.02143,0.4707
D,138688,5,dispense,16.2506,U,1,55,0.5002,0.0862,0.4804,0.02203,0.4809
D,138886,5,dispense,16.2774,U,1,55,0.5477,0.1306,0.5068,0.02223,0.5077
E,138972,STOP naive at t=7.66 s: raw 0.5077 pred 0.5077 m_hat 0.5477 r_hat 0.1306 sigma 0.0222
D,139065,5,settle,16.2907,U,0,0,,,,,
D,139252,5,settle,16.3060,U,0,0,,,,,
D,139442,5,settle,16.3082,U,0,0,,,,,
D,139633,5,settle,16.3211,U,0,0,,,,,
D,139824,5,settle,16.3536,U,0,0,,,,,
D,140015,5,settle,16.3793,U,0,0,,,,,
D,140207,5,settle,16.3865,U,0,0,,,,,
D,140399,5,settle,16.3855,U,0,0,,,,,
D,140590,5,settle,16.3847,U,0,0,,,,,
D,140780,5,settle,16.3846,U,0,0,,,,,
D,140972,5,settle,16.3845,U,0,0,,,,,
D,141164,5,settle,16.3844,U,0,0,,,,,
D,141355,5,settle,16.3843,U,0,0,,,,,
D,141545,5,settle,16.3843,U,0,0,,,,,
D,141737,5,settle,16.3842,U,0,0,,,,,
D,141928,5,settle,16.3842,S,0,0,,,,,
D,142119,5,settle,16.3841,U,0,0,,,,,
D,142311,5,settle,16.3841,S,0,0,,,,,
D,142501,5,settle,16.3840,S,0,0,,,,,
D,142693,5,settle,16.3839,U,0,0,,,,,
D,142885,5,settle,16.3839,U,0,0,,,,,
D,143076,5,settle,16.3838,U,0,0,,,,,
D,143268,5,settle,16.3838,S,0,0,,,,,
D,143458,5,settle,16.3838,S,0,0,,,,,
D,143649,5,settle,16.3838,S,0,0,,,,,
D,143842,5,settle,16.3837,S,0,0,,,,,
D,144033,5,settle,16.3837,S,0,0,,,,,
D,144222,5,settle,16.3837,S,0,0,,,,,
D,144415,5,settle,16.3837,S,0,0,,,,,
D,144605,5,settle,16.3837,S,0,0,,,,,
D,144797,5,settle,16.3837,S,0,0,,,,,
D,144989,5,settle,16.3837,S,0,0,,,,,
P,145180,5,settled,16.3837,S
D,145276,5,settle,16.3837,S,0,0,,,,,
D,145466,5,settle,16.3837,S,0,0,,,,,
D,145659,5,settle,16.3837,S,0,0,,,,,
D,145850,5,settle,16.3837,S,0,0,,,,,
D,146039,5,settle,16.3837,S,0,0,,,,,
D,146231,5,settle,16.3837,S,0,0,,,,,
D,146423,5,settle,16.3837,S,0,0,,,,,
D,146615,5,settle,16.3837,S,0,0,,,,,
D,146806,5,settle,16.3837,S,0,0,,,,,
D,146996,5,settle,16.3837,S,0,0,,,,,
D,147188,5,settle,16.3837,S,0,0,,,,,
D,147380,5,settle,16.3837,S,0,0,,,,,
D,147572,5,settle,16.3837,S,0,0,,,,,
D,147763,5,settle,16.3837,S,0,0,,,,,
D,147953,5,settle,16.3837,S,0,0,,,,,
D,148145,5,settle,16.3836,S,0,0,,,,,
P,148337,5,settled2,16.3836,S
T,5,naive,0.500,55,55,2,15.7697,16.2774,0.5477,0.1306,0.02223,0.5077,7.75,16.3837,16.3836,0.6139,113.9,106.2,ok
E,148345,trial 5 naive: dispensed 0.6139 g, error +113.9 mg, afterflow +106.2 mg, 7.7 s
E,148347,=== trial 6 : kfsafe target 0.500 g, tilt 55, 55 rpm, rep 2 (dispensed 3.51 g) ===
P,149579,6,base,16.3836,S
D,149581,6,preroll,16.3836,S,1,0,0.0000,0.0000,0.0000,0.01649,0.0000
D,149777,6,preroll,16.3835,S,1,0,-0.0004,0.0000,-0.0001,0.01809,0.0000
D,149973,6,preroll,16.3835,S,0,0,-0.0004,0.0000,-0.0003,0.02860,0.0000
D,150159,6,preroll,16.3835,S,1,0,0.0001,0.0006,-0.0001,0.02136,0.0000
D,150356,6,preroll,16.3835,S,0,0,0.0002,0.0003,0.0001,0.03152,0.0000
D,150539,6,preroll,16.3834,S,1,0,-0.0004,0.0000,-0.0002,0.02192,0.0000
D,150736,6,preroll,16.3834,S,0,0,-0.0004,0.0000,-0.0003,0.03201,0.0000
D,150931,6,preroll,16.3834,S,1,0,-0.0001,0.0002,-0.0002,0.02306,0.0000
D,151117,6,dispense,16.3834,S,0,55,-0.0001,0.0176,-0.0002,0.02656,0.0575
D,151314,6,dispense,16.3833,S,1,55,0.0030,0.0464,-0.0003,0.02049,0.0556
D,151497,6,dispense,16.3833,S,0,55,0.0115,0.0629,0.0020,0.02961,0.0864
D,151694,6,dispense,16.3826,U,1,55,0.0067,0.0579,-0.0008,0.02299,0.0671
D,151880,6,dispense,16.3712,U,1,55,-0.0211,0.0145,-0.0113,0.02118,0.0249
D,152078,6,dispense,16.3691,U,1,55,-0.0097,0.0568,-0.0148,0.02203,0.0486
D,152263,6,dispense,16.3941,U,1,55,0.0507,0.1441,0.0089,0.02112,0.1290
D,152461,6,dispense,16.4264,U,1,55,0.0889,0.1368,0.0425,0.02199,0.1671
D,152644,6,dispense,16.4397,U,1,55,0.0728,0.0581,0.0575,0.02095,0.1292
D,152841,6,dispense,16.4478,U,1,55,0.0749,0.0583,0.0645,0.02186,0.1332
D,153038,6,dispense,16.4566,U,1,55,0.0890,0.0751,0.0729,0.02214,0.1521
D,153217,6,dispense,16.4782,U,1,55,0.1272,0.1189,0.0938,0.02061,0.1981
D,153409,6,dispense,16.5074,U,1,55,0.1651,0.1302,0.1233,0.02133,0.2403
D,153606,6,dispense,16.5126,U,1,55,0.1360,0.0380,0.1308,0.02203,0.1895
D,153804,6,dispense,16.5009,U,1,55,0.1040,0.0045,0.1185,0.02223,0.1496
D,153984,6,dispense,16.5006,U,1,55,0.1237,0.0647,0.1164,0.02071,0.1813
D,154182,6,dispense,16.5094,U,1,55,0.1461,0.0887,0.1255,0.02189,0.2120
D,154365,6,dispense,16.5318,U,1,55,0.1822,0.1198,0.1475,0.02095,0.2540
D,154563,6,dispense,16.5681,U,1,55,0.2341,0.1478,0.1835,0.02194,0.3149
D,154749,6,dispense,16.5901,U,1,55,0.2346,0.0868,0.2074,0.02120,0.2987
D,154946,6,dispense,16.5943,U,1,55,0.2153,0.0380,0.2119,0.02192,0.2687
D,155130,6,dispense,16.6034,U,1,55,0.2350,0.0768,0.2194,0.02101,0.2962
D,155327,6,dispense,16.6150,U,1,55,0.2523,0.0857,0.2313,0.02188,0.3175
D,155524,6,dispense,16.6338,U,1,55,0.2784,0.1010,0.2499,0.02214,0.3480
D,155705,6,dispense,16.6571,U,1,55,0.3064,0.1124,0.2732,0.02077,0.3761
D,155902,6,dispense,16.6708,U,1,55,0.3069,0.0739,0.2880,0.02182,0.3690
D,156087,6,dispense,16.6727,U,1,55,0.2935,0.0399,0.2900,0.02109,0.3457
D,156284,6,dispense,16.6756,U,1,55,0.3003,0.0588,0.2920,0.02189,0.3588
D,156481,6,dispense,16.6909,U,1,55,0.3336,0.1021,0.3066,0.02214,0.4034
D,156669,6,dispense,16.7171,U,1,55,0.3716,0.1258,0.3329,0.02136,0.4458
D,156851,6,dispense,16.7362,U,1,55,0.3795,0.0907,0.3531,0.02066,0.4435
D,157049,6,dispense,16.7412,U,1,55,0.3650,0.0458,0.3587,0.02192,0.4203
D,157235,6,dispense,16.7432,U,1,55,0.3656,0.0511,0.3599,0.02120,0.4208
D,157432,6,dispense,16.7513,U,1,55,0.3843,0.0790,0.3674,0.02192,0.4478
D,157629,6,dispense,16.7719,U,1,55,0.4204,0.1128,0.3877,0.02214,0.4929
D,157808,6,dispense,16.8073,U,1,55,0.4725,0.1540,0.4226,0.02061,0.5522
E,157914,STOP kfsafe at t=6.69 s: raw 0.4237 pred 0.5522 m_hat 0.4725 r_hat 0.1540 sigma 0.0206
D,157994,6,settle,16.8206,U,0,0,,,,,
D,158186,6,settle,16.8307,U,0,0,,,,,
D,158377,6,settle,16.8341,U,0,0,,,,,
D,158566,6,settle,16.8333,U,0,0,,,,,
D,158759,6,settle,16.8343,U,0,0,,,,,
D,158950,6,settle,16.8419,U,0,0,,,,,
D,159141,6,settle,16.8442,U,0,0,,,,,
D,159334,6,settle,16.8425,U,0,0,,,,,
D,159523,6,settle,16.8417,U,0,0,,,,,
D,159716,6,settle,16.8415,U,0,0,,,,,
D,159907,6,settle,16.8414,U,0,0,,,,,
D,160098,6,settle,16.8413,U,0,0,,,,,
D,160288,6,settle,16.8412,U,0,0,,,,,
D,160480,6,settle,16.8411,U,0,0,,,,,
D,160672,6,settle,16.8410,U,0,0,,,,,
D,160864,6,settle,16.8410,U,0,0,,,,,
D,161056,6,settle,16.8409,U,0,0,,,,,
D,161246,6,settle,16.8409,S,0,0,,,,,
D,161437,6,settle,16.8408,U,0,0,,,,,
D,161629,6,settle,16.8407,U,0,0,,,,,
D,161820,6,settle,16.8406,U,0,0,,,,,
D,162012,6,settle,16.8405,U,0,0,,,,,
D,162202,6,settle,16.8405,S,0,0,,,,,
D,162394,6,settle,16.8404,U,0,0,,,,,
D,162585,6,settle,16.8404,S,0,0,,,,,
D,162777,6,settle,16.8404,S,0,0,,,,,
D,162967,6,settle,16.8404,S,0,0,,,,,
D,163159,6,settle,16.8403,S,0,0,,,,,
D,163350,6,settle,16.8403,S,0,0,,,,,
D,163541,6,settle,16.8403,S,0,0,,,,,
D,163734,6,settle,16.8403,S,0,0,,,,,
D,163923,6,settle,16.8403,S,0,0,,,,,
P,164115,6,settled,16.8402,S
D,164210,6,settle,16.8402,S,0,0,,,,,
D,164402,6,settle,16.8402,S,0,0,,,,,
D,164594,6,settle,16.8402,S,0,0,,,,,
D,164784,6,settle,16.8402,S,0,0,,,,,
D,164976,6,settle,16.8402,S,0,0,,,,,
D,165167,6,settle,16.8402,S,0,0,,,,,
D,165359,6,settle,16.8402,S,0,0,,,,,
D,165551,6,settle,16.8402,S,0,0,,,,,
D,165741,6,settle,16.8402,S,0,0,,,,,
D,165932,6,settle,16.8402,S,0,0,,,,,
D,166129,6,settle,16.8402,S,0,0,,,,,
D,166317,6,settle,16.8401,S,0,0,,,,,
D,166505,6,settle,16.8397,U,0,0,,,,,
D,166697,6,settle,16.8397,U,0,0,,,,,
D,166888,6,settle,16.8396,U,0,0,,,,,
D,167080,6,settle,16.8395,U,0,0,,,,,
P,167462,6,settled2,16.8394,S
T,6,kfsafe,0.500,55,55,2,16.3836,16.8073,0.4725,0.1540,0.02061,0.5522,6.80,16.8402,16.8394,0.4558,-44.2,32.1,ok
E,167469,trial 6 kfsafe: dispensed 0.4558 g, error -44.2 mg, afterflow +32.1 mg, 6.8 s
E,167471,=== trial 7 : kf target 2.000 g, tilt 55, 55 rpm, rep 3 (dispensed 3.96 g) ===
P,168706,7,base,16.8393,S
D,168708,7,preroll,16.8393,S,1,0,0.0000,0.0000,0.0000,0.01649,0.0000
D,168904,7,preroll,16.8393,S,0,0,0.0000,0.0000,0.0000,0.02711,0.0000
D,169098,7,preroll,16.8393,S,1,0,0.0000,0.0000,0.0000,0.02182,0.0000
D,169294,7,preroll,16.8393,S,0,0,0.0000,0.0000,0.0000,0.03192,0.0000
D,169473,7,preroll,16.8393,S,1,0,0.0000,0.0000,0.0000,0.02157,0.0000
D,169669,7,preroll,16.8393,S,0,0,0.0000,0.0000,0.0000,0.03158,0.0000
D,169864,7,preroll,16.8393,S,1,0,0.0000,0.0000,0.0000,0.02298,0.0000
D,170060,7,preroll,16.8393,S,0,0,0.0000,0.0000,0.0000,0.03299,0.0000
D,170239,7,dispense,16.8392,S,1,55,-0.0002,0.0172,-0.0001,0.01761,0.0041
D,170437,7,dispense,16.8392,S,0,55,0.0032,0.0467,-0.0002,0.02785,0.0149
D,170634,7,dispense,16.8392,S,1,55,0.0083,0.0604,-0.0000,0.02342,0.0234
D,170816,7,dispense,16.8392,S,0,55,0.0193,0.0718,0.0056,0.03227,0.0372
D,171013,7,dispense,16.8501,U,1,55,0.0258,0.0730,0.0109,0.02325,0.0441
D,171196,7,dispense,16.8713,U,1,55,0.0643,0.1167,0.0313,0.02093,0.0935
D,171393,7,dispense,16.9039,U,1,55,0.1099,0.1383,0.0638,0.02188,0.1444
D,171590,7,dispense,16.9158,U,1,55,0.0913,0.0557,0.0779,0.02214,0.1052
D,171778,7,dispense,16.9150,U,1,55,0.0756,0.0310,0.0765,0.02136,0.0833
D,171961,7,dispense,16.9229,U,1,55,0.0988,0.0796,0.0830,0.02074,0.1186
D,172159,7,dispense,16.9334,U,1,55,0.1143,0.0841,0.0941,0.02194,0.1354
D,172344,7,dispense,16.9600,U,1,55,0.1590,0.1305,0.1197,0.02111,0.1917
D,172541,7,dispense,16.9929,U,1,55,0.1985,0.1344,0.1531,0.02190,0.2321
D,172738,7,dispense,17.0038,U,1,55,0.1772,0.0507,0.1660,0.02214,0.1899
D,172917,7,dispense,17.0076,U,1,55,0.1743,0.0471,0.1687,0.02061,0.1861
D,173114,7,dispense,17.0184,U,1,55,0.1981,0.0850,0.1786,0.02178,0.2194
D,173311,7,dispense,17.0364,U,1,55,0.2256,0.1027,0.1968,0.02214,0.2513
D,173493,7,dispense,17.0617,U,1,55,0.2581,0.1194,0.2220,0.02085,0.2879
D,173690,7,dispense,17.0838,U,1,55,0.2747,0.0989,0.2447,0.02184,0.2994
D,173874,7,dispense,17.0919,U,1,55,0.2640,0.0528,0.2536,0.02101,0.2773
D,174071,7,dispense,17.0954,U,1,55,0.2633,0.0526,0.2565,0.02187,0.2765
D,174268,7,dispense,17.1044,U,1,55,0.2824,0.0801,0.2648,0.02214,0.3024
D,174449,7,dispense,17.1229,U,1,55,0.3126,0.1081,0.2831,0.02077,0.3396
D,174646,7,dispense,17.1458,U,1,55,0.3396,0.1097,0.3063,0.02182,0.3670
D,174830,7,dispense,17.1637,U,1,55,0.3491,0.0870,0.3248,0.02101,0.3709
D,175022,7,dispense,17.1681,U,1,55,0.3364,0.0465,0.3298,0.02143,0.3480
D,175219,7,dispense,17.1755,U,1,55,0.3495,0.0699,0.3361,0.02203,0.3670
D,175417,7,dispense,17.1915,U,1,55,0.3785,0.0995,0.3517,0.02223,0.4034
D,175595,7,dispense,17.2195,U,1,55,0.4201,0.1336,0.3794,0.02055,0.4535
D,175792,7,dispense,17.2512,U,1,55,0.4547,0.1286,0.4116,0.02176,0.4869
D,175989,7,dispense,17.2635,U,1,55,0.4387,0.0560,0.4255,0.02213,0.4528
D,176170,7,dispense,17.2699,U,1,55,0.4400,0.0555,0.4309,0.02077,0.4539
D,176368,7,dispense,17.2756,U,1,55,0.4486,0.0664,0.4364,0.02191,0.4652
D,176552,7,dispense,17.2915,U,1,55,0.4779,0.1015,0.4516,0.02103,0.5033
D,176749,7,dispense,17.3215,U,1,55,0.5251,0.1356,0.4813,0.02187,0.5590
D,176946,7,dispense,17.3311,U,1,55,0.5046,0.0522,0.4933,0.02214,0.5176
D,177127,7,dispense,17.3216,U,1,55,0.4715,0.0020,0.4837,0.02077,0.4720
D,177324,7,dispense,17.3227,U,1,55,0.4908,0.0637,0.4827,0.02182,0.5068
D,177508,7,dispense,17.3368,U,1,55,0.5237,0.1058,0.4968,0.02101,0.5501
D,177705,7,dispense,17.3670,U,1,55,0.5716,0.1380,0.5268,0.02187,0.6060
D,177902,7,dispense,17.4077,U,1,55,0.6216,0.1517,0.5677,0.02214,0.6595
D,178083,7,dispense,17.4282,U,1,55,0.6142,0.0772,0.5900,0.02077,0.6335
D,178273,7,dispense,17.4280,U,1,55,0.5879,0.0232,0.5902,0.02119,0.5937
D,178470,7,dispense,17.4363,U,1,55,0.6118,0.0774,0.5963,0.02199,0.6311
D,178668,7,dispense,17.4578,U,1,55,0.6528,0.1187,0.6177,0.02223,0.6825
D,178848,7,dispense,17.4878,U,1,55,0.6903,0.1335,0.6480,0.02071,0.7237
D,179045,7,dispense,17.5146,U,1,55,0.7106,0.1086,0.6755,0.02180,0.7377
D,179229,7,dispense,17.5279,U,1,55,0.7057,0.0649,0.6894,0.02101,0.7219
D,179426,7,dispense,17.5308,U,1,55,0.6970,0.0454,0.6922,0.02187,0.7083
D,179623,7,dispense,17.5344,U,1,55,0.7048,0.0621,0.6951,0.02214,0.7203
D,179804,7,dispense,17.5451,U,1,55,0.7254,0.0870,0.7055,0.02077,0.7472
D,180001,7,dispense,17.5656,U,1,55,0.7578,0.1101,0.7258,0.02182,0.7853
D,180186,7,dispense,17.5839,U,1,55,0.7710,0.0927,0.7448,0.02109,0.7942
D,180383,7,dispense,17.5920,U,1,55,0.7649,0.0583,0.7535,0.02189,0.7795
D,180580,7,dispense,17.5943,U,1,55,0.7612,0.0502,0.7555,0.02214,0.7738
D,180761,7,dispense,17.6038,U,1,55,0.7820,0.0829,0.7641,0.02077,0.8027
D,180958,7,dispense,17.6239,U,1,55,0.8161,0.1112,0.7840,0.02182,0.8439
D,181142,7,dispense,17.6566,U,1,55,0.8626,0.1431,0.8164,0.02101,0.8983
D,181339,7,dispense,17.6758,U,1,55,0.8621,0.0829,0.8375,0.02187,0.8828
D,181527,7,dispense,17.6799,U,1,55,0.8459,0.0394,0.8416,0.02135,0.8557
D,181724,7,dispense,17.6820,U,1,55,0.8492,0.0538,0.8428,0.02196,0.8627
D,181907,7,dispense,17.6854,U,1,55,0.8566,0.0640,0.8462,0.02093,0.8726
D,182104,7,dispense,17.7030,U,1,55,0.8923,0.1071,0.8629,0.02186,0.9190
D,182301,7,dispense,17.7218,U,1,55,0.9106,0.0972,0.8826,0.02214,0.9349
D,182482,7,dispense,17.7191,U,1,55,0.8786,0.0199,0.8814,0.02077,0.8835
D,182679,7,dispense,17.7135,U,1,55,0.8707,0.0317,0.8746,0.02182,0.8786
D,182863,7,dispense,17.7209,U,1,55,0.8986,0.0871,0.8809,0.02101,0.9204
D,183060,7,dispense,17.7464,U,1,55,0.9469,0.1323,0.9060,0.02187,0.9799
D,183257,7,dispense,17.7809,U,1,55,0.9882,0.1377,0.9411,0.02214,1.0226
D,183438,7,dispense,17.8110,U,1,55,1.0101,0.1164,0.9718,0.02077,1.0392
D,183635,7,dispense,17.8182,U,1,55,0.9876,0.0431,0.9805,0.02182,0.9983
D,183832,7,dispense,17.8224,U,1,55,0.9905,0.0545,0.9833,0.02214,1.0042
D,184012,7,dispense,17.8349,U,1,55,1.0173,0.0937,0.9950,0.02069,1.0407
D,184209,7,dispense,17.8515,U,1,55,1.0389,0.0974,1.0121,0.02180,1.0633
D,184406,7,dispense,17.8741,U,1,55,1.0666,0.1071,1.0345,0.02214,1.0934
D,184585,7,dispense,17.8932,U,1,55,1.0807,0.0937,1.0541,0.02061,1.1041
D,184776,7,dispense,17.8999,U,1,55,1.0714,0.0537,1.0616,0.02124,1.0849
D,184974,7,dispense,17.9041,U,1,55,1.0734,0.0566,1.0651,0.02210,1.0876
D,185160,7,dispense,17.9141,U,1,55,1.0931,0.0832,1.0745,0.02120,1.1139
D,185358,7,dispense,17.9369,U,1,55,1.1322,0.1179,1.0969,0.02201,1.1616
D,185541,7,dispense,17.9614,U,1,55,1.1565,0.1124,1.1220,0.02095,1.1846
D,185738,7,dispense,17.9776,U,1,55,1.1602,0.0785,1.1389,0.02186,1.1798
D,185935,7,dispense,17.9832,U,1,55,1.1525,0.0512,1.1446,0.02214,1.1653
D,186116,7,dispense,17.9907,U,1,55,1.1651,0.0709,1.1513,0.02077,1.1828
D,186313,7,dispense,18.0031,U,1,55,1.1853,0.0878,1.1636,0.02182,1.2072
D,186498,7,dispense,18.0310,U,1,55,1.2318,0.1346,1.1907,0.02109,1.2655
D,186695,7,dispense,18.0653,U,1,55,1.2724,0.1373,1.2255,0.02189,1.3068
D,186892,7,dispense,18.0748,U,1,55,1.2460,0.0445,1.2372,0.02214,1.2572
D,187073,7,dispense,18.0732,U,1,55,1.2330,0.0296,1.2346,0.02077,1.2403
D,187270,7,dispense,18.0747,U,1,55,1.2432,0.0603,1.2352,0.02182,1.2583
D,187454,7,dispense,18.0913,U,1,55,1.2801,0.1107,1.2511,0.02101,1.3078
D,187651,7,dispense,18.1209,U,1,55,1.3245,0.1347,1.2808,0.02187,1.3582
D,187848,7,dispense,18.1300,U,1,55,1.3026,0.0498,1.2922,0.02214,1.3150
D,188036,7,dispense,18.1206,U,1,55,1.2706,0.0052,1.2826,0.02136,1.2719
D,188219,7,dispense,18.1242,U,1,55,1.2953,0.0725,1.2841,0.02074,1.3134
D,188417,7,dispense,18.1442,U,1,55,1.3389,0.1210,1.3039,0.02194,1.3692
D,188614,7,dispense,18.1752,U,1,55,1.3793,0.1326,1.3354,0.02216,1.4125
D,188794,7,dispense,18.2149,U,1,55,1.4272,0.1544,1.3748,0.02069,1.4658
D,188991,7,dispense,18.2371,U,1,55,1.4256,0.0849,1.3989,0.02180,1.4468
D,189175,7,dispense,18.2385,U,1,55,1.4002,0.0256,1.4006,0.02101,1.4066
D,189372,7,dispense,18.2470,U,1,55,1.4221,0.0751,1.4071,0.02187,1.4408
D,189569,7,dispense,18.2596,U,1,55,1.4428,0.0900,1.4201,0.02214,1.4653
D,189748,7,dispense,18.2780,U,1,55,1.4664,0.1021,1.4385,0.02061,1.4920
D,189945,7,dispense,18.3022,U,1,55,1.4971,0.1127,1.4625,0.02178,1.5252
D,190142,7,dispense,18.3157,U,1,55,1.4949,0.0702,1.4772,0.02214,1.5124
D,190324,7,dispense,18.3190,U,1,55,1.4860,0.0453,1.4804,0.02085,1.4973
D,190521,7,dispense,18.3220,U,1,55,1.4911,0.0583,1.4828,0.02184,1.5057
D,190705,7,dispense,18.3288,U,1,55,1.5041,0.0740,1.4894,0.02101,1.5226
D,190902,7,dispense,18.3483,U,1,55,1.5396,0.1101,1.5083,0.02187,1.5671
D,191110,7,dispense,18.3696,U,1,55,1.5607,0.1002,1.5304,0.02316,1.5858
D,191287,7,dispense,18.3818,U,1,55,1.5597,0.0682,1.5431,0.02069,1.5767
D,191472,7,dispense,18.3895,U,1,55,1.5627,0.0626,1.5506,0.02069,1.5784
D,191670,7,dispense,18.4041,U,1,55,1.5879,0.0921,1.5643,0.02198,1.6109
D,191853,7,dispense,18.4269,U,1,55,1.6212,0.1167,1.5871,0.02095,1.6504
D,192050,7,dispense,18.4616,U,1,55,1.6694,0.1420,1.6214,0.02186,1.7049
D,192247,7,dispense,18.4843,U,1,55,1.6735,0.0887,1.6458,0.02214,1.6956
D,192426,7,dispense,18.4897,U,1,55,1.6574,0.0409,1.6515,0.02061,1.6676
D,192623,7,dispense,18.4919,U,1,55,1.6585,0.0511,1.6528,0.02178,1.6713
D,192820,7,dispense,18.4955,U,1,55,1.6671,0.0650,1.6562,0.02214,1.6833
D,193001,7,dispense,18.5163,U,1,55,1.7094,0.1210,1.6760,0.02077,1.7397
D,193198,7,dispense,18.5387,U,1,55,1.7327,0.1086,1.6994,0.02182,1.7598
D,193383,7,dispense,18.5352,U,1,55,1.6926,0.0123,1.6979,0.02109,1.6957
D,193580,7,dispense,18.5296,U,1,55,1.6862,0.0313,1.6906,0.02189,1.6941
D,193777,7,dispense,18.5414,U,1,55,1.7260,0.1021,1.7010,0.02214,1.7515
D,193958,7,dispense,18.5769,U,1,55,1.7893,0.1663,1.7361,0.02077,1.8309
D,194155,7,dispense,18.6124,U,1,55,1.8205,0.1348,1.7732,0.02182,1.8542
D,194350,7,dispense,18.6388,U,1,55,1.8307,0.0951,1.8000,0.02196,1.8544
D,194531,7,dispense,18.6416,U,1,55,1.8058,0.0300,1.8037,0.02073,1.8133
D,194729,7,dispense,18.6411,U,1,55,1.8040,0.0437,1.8021,0.02191,1.8150
D,194914,7,dispense,18.6481,U,1,55,1.8244,0.0799,1.8084,0.02111,1.8444
D,195112,7,dispense,18.6605,U,1,55,1.8435,0.0890,1.8211,0.02199,1.8657
D,195295,7,dispense,18.6828,U,1,55,1.8761,0.1147,1.8430,0.02095,1.9048
D,195492,7,dispense,18.7048,U,1,55,1.8966,0.1026,1.8656,0.02186,1.9222
D,195689,7,dispense,18.7152,U,1,55,1.8900,0.0608,1.8767,0.02214,1.9052
D,195870,7,dispense,18.7237,U,1,55,1.8980,0.0673,1.8845,0.02077,1.9148
D,196067,7,dispense,18.7386,U,1,55,1.9232,0.0936,1.8989,0.02182,1.9466
D,196264,7,dispense,18.7611,U,1,55,1.9548,0.1113,1.9214,0.02214,1.9826
D,196443,7,dispense,18.7856,U,1,55,1.9802,0.1128,1.9461,0.02061,2.0084
E,196548,STOP kf at t=26.20 s: raw 1.9463 pred 2.0084 m_hat 1.9802 r_hat 0.1128 sigma 0.0206
D,196641,7,settle,18.7969,U,0,0,,,,,
D,196828,7,settle,18.8092,U,0,0,,,,,
D,197014,7,settle,18.8116,U,0,0,,,,,
D,197202,7,settle,18.8134,U,0,0,,,,,
D,197394,7,settle,18.8163,U,0,0,,,,,
D,197587,7,settle,18.8196,U,0,0,,,,,
D,197776,7,settle,18.8188,U,0,0,,,,,
D,197967,7,settle,18.8176,U,0,0,,,,,
D,198159,7,settle,18.8173,U,0,0,,,,,
D,198350,7,settle,18.8171,U,0,0,,,,,
D,198543,7,settle,18.8169,U,0,0,,,,,
D,198732,7,settle,18.8168,U,0,0,,,,,
D,198924,7,settle,18.8167,U,0,0,,,,,
D,199116,7,settle,18.8166,U,0,0,,,,,
D,199308,7,settle,18.8166,U,0,0,,,,,
D,199498,7,settle,18.8165,U,0,0,,,,,
D,199689,7,settle,18.8164,U,0,0,,,,,
D,199881,7,settle,18.8162,U,0,0,,,,,
D,200073,7,settle,18.8161,U,0,0,,,,,
D,200265,7,settle,18.8160,U,0,0,,,,,
D,200454,7,settle,18.8159,U,0,0,,,,,
D,200646,7,settle,18.8157,U,0,0,,,,,
D,200845,7,settle,18.8156,U,0,0,,,,,
D,201032,7,settle,18.8155,U,0,0,,,,,
D,201221,7,settle,18.8154,U,0,0,,,,,
D,201410,7,settle,18.8153,U,0,0,,,,,
D,201603,7,settle,18.8153,U,0,0,,,,,
D,201794,7,settle,18.8152,U,0,0,,,,,
D,201986,7,settle,18.8152,S,0,0,,,,,
D,202174,7,settle,18.8152,S,0,0,,,,,
D,202366,7,settle,18.8152,S,0,0,,,,,
D,202559,7,settle,18.8152,S,0,0,,,,,
P,202751,7,settled,18.8152,S
D,202847,7,settle,18.8152,S,0,0,,,,,
D,203035,7,settle,18.8152,S,0,0,,,,,
D,203228,7,settle,18.8152,S,0,0,,,,,
D,203420,7,settle,18.8153,S,0,0,,,,,
D,203610,7,settle,18.8153,S,0,0,,,,,
D,203803,7,settle,18.8153,S,0,0,,,,,
D,203992,7,settle,18.8153,S,0,0,,,,,
D,204184,7,settle,18.8153,S,0,0,,,,,
D,204375,7,settle,18.8153,S,0,0,,,,,
D,204567,7,settle,18.8153,S,0,0,,,,,
D,204759,7,settle,18.8153,S,0,0,,,,,
D,204950,7,settle,18.8152,S,0,0,,,,,
D,205140,7,settle,18.8152,S,0,0,,,,,
D,205332,7,settle,18.8152,S,0,0,,,,,
D,205524,7,settle,18.8152,S,0,0,,,,,
D,205715,7,settle,18.8152,S,0,0,,,,,
P,205906,7,settled2,18.8152,S
T,7,kf,2.000,55,55,3,16.8393,18.7856,1.9802,0.1128,0.02061,2.0084,26.31,18.8152,18.8152,1.9759,-24.1,29.6,ok
E,205913,trial 7 kf: dispensed 1.9759 g, error -24.1 mg, afterflow +29.6 mg, 26.3 s
E,205916,=== trial 8 : kf target 0.200 g, tilt 55, 55 rpm, rep 3 (dispensed 5.94 g) ===
P,207150,8,base,18.8152,S
D,207152,8,preroll,18.8152,S,1,0,0.0000,0.0000,0.0000,0.01649,0.0000
D,207348,8,preroll,18.8152,S,0,0,0.0000,0.0000,0.0000,0.02711,0.0000
D,207542,8,preroll,18.8152,S,1,0,0.0000,0.0000,0.0000,0.02182,0.0000
D,207738,8,preroll,18.8151,S,1,0,-0.0003,0.0000,-0.0001,0.02006,0.0000
D,207919,8,preroll,18.8151,S,0,0,-0.0003,0.0000,-0.0002,0.02913,0.0000
D,208114,8,preroll,18.8151,S,1,0,0.0000,0.0003,-0.0001,0.02195,0.0000
D,208311,8,preroll,18.8151,S,0,0,0.0001,0.0002,-0.0000,0.03213,0.0000
D,208492,8,preroll,18.8151,S,1,0,-0.0002,0.0000,-0.0001,0.02182,0.0000
D,208691,8,dispense,18.8151,S,0,55,-0.0002,0.0174,-0.0001,0.02527,0.0042
D,208887,8,dispense,18.8151,S,1,55,0.0033,0.0466,-0.0001,0.02024,0.0150
D,209069,8,dispense,18.8150,S,1,55,0.0061,0.0538,0.0000,0.02076,0.0196
D,209267,8,dispense,18.8218,U,1,55,0.0218,0.0758,0.0064,0.02190,0.0408
D,209455,8,dispense,18.8354,U,1,55,0.0432,0.0923,0.0200,0.02137,0.0663
D,209640,8,dispense,18.8569,U,1,55,0.0734,0.1116,0.0412,0.02091,0.1013
D,209837,8,dispense,18.8874,U,1,55,0.1140,0.1298,0.0716,0.02189,0.1465
D,210034,8,dispense,18.9075,U,1,55,0.1181,0.0848,0.0930,0.02214,0.1393
D,210215,8,dispense,18.9138,U,1,55,0.1074,0.0478,0.0995,0.02077,0.1194
D,210412,8,dispense,18.9164,U,1,55,0.1080,0.0527,0.1015,0.02182,0.1211
D,210597,8,dispense,18.9271,U,1,55,0.1313,0.0875,0.1114,0.02109,0.1532
D,210794,8,dispense,18.9539,U,1,55,0.1786,0.1310,0.1377,0.02189,0.2113
E,210899,STOP kf at t=2.10 s: raw 0.1387 pred 0.2113 m_hat 0.1786 r_hat 0.1310 sigma 0.0219
D,210975,8,settle,18.9630,U,0,0,,,,,
D,211165,8,settle,18.9599,U,0,0,,,,,
D,211356,8,settle,18.9536,U,0,0,,,,,
D,211548,8,settle,18.9647,U,0,0,,,,,
D,211740,8,settle,19.0015,U,0,0,,,,,
D,211928,8,settle,19.0188,U,0,0,,,,,
D,212120,8,settle,19.0208,U,0,0,,,,,
D,212312,8,settle,19.0196,U,0,0,,,,,
D,212504,8,settle,19.0192,U,0,0,,,,,
D,212696,8,settle,19.0192,U,0,0,,,,,
D,212885,8,settle,19.0192,S,0,0,,,,,
D,213077,8,settle,19.0192,S,0,0,,,,,
D,213269,8,settle,19.0192,S,0,0,,,,,
D,213461,8,settle,19.0192,S,0,0,,,,,
D,213652,8,settle,19.0192,S,0,0,,,,,
D,213842,8,settle,19.0193,S,0,0,,,,,
D,214033,8,settle,19.0193,S,0,0,,,,,
D,214226,8,settle,19.0193,S,0,0,,,,,
D,214417,8,settle,19.0193,S,0,0,,,,,
D,214607,8,settle,19.0193,S,0,0,,,,,
D,214799,8,settle,19.0193,S,0,0,,,,,
D,214990,8,settle,19.0193,S,0,0,,,,,
D,215182,8,settle,19.0193,S,0,0,,,,,
D,215374,8,settle,19.0193,S,0,0,,,,,
D,215563,8,settle,19.0193,S,0,0,,,,,
D,215756,8,settle,19.0193,S,0,0,,,,,
D,215947,8,settle,19.0193,S,0,0,,,,,
D,216138,8,settle,19.0193,S,0,0,,,,,
D,216330,8,settle,19.0193,S,0,0,,,,,
D,216520,8,settle,19.0193,S,0,0,,,,,
D,216712,8,settle,19.0193,S,0,0,,,,,
D,216904,8,settle,19.0193,S,0,0,,,,,
P,217096,8,settled,19.0193,S
D,217192,8,settle,19.0193,S,0,0,,,,,
D,217381,8,settle,19.0193,S,0,0,,,,,
D,217572,8,settle,19.0193,S,0,0,,,,,
D,217764,8,settle,19.0193,S,0,0,,,,,
D,217963,8,settle,19.0193,S,0,0,,,,,
D,218149,8,settle,19.0193,S,0,0,,,,,
D,218337,8,settle,19.0193,S,0,0,,,,,
D,218530,8,settle,19.0193,S,0,0,,,,,
D,218721,8,settle,19.0193,S,0,0,,,,,
D,218912,8,settle,19.0193,S,0,0,,,,,
D,219102,8,settle,19.0193,S,0,0,,,,,
D,219295,8,settle,19.0193,S,0,0,,,,,
D,219486,8,settle,19.0193,S,0,0,,,,,
D,219677,8,settle,19.0192,S,0,0,,,,,
D,219870,8,settle,19.0192,S,0,0,,,,,
D,220060,8,settle,19.0192,S,0,0,,,,,
P,220251,8,settled2,19.0192,S
T,8,kf,0.200,55,55,3,18.8152,18.9539,0.1786,0.1310,0.02189,0.2113,2.21,19.0193,19.0192,0.2040,4.0,65.3,ok
E,220258,trial 8 kf: dispensed 0.2040 g, error +4.0 mg, afterflow +65.3 mg, 2.2 s
E,220260,=== trial 9 : kf target 0.100 g, tilt 55, 55 rpm, rep 2 (dispensed 6.14 g) ===
P,221495,9,base,19.0192,S
D,221497,9,preroll,19.0192,S,1,0,0.0000,0.0000,0.0000,0.01649,0.0000
D,221693,9,preroll,19.0192,S,0,0,0.0000,0.0000,0.0000,0.02711,0.0000
D,221887,9,preroll,19.0192,S,1,0,0.0000,0.0000,0.0000,0.02182,0.0000
D,222083,9,preroll,19.0192,S,0,0,0.0000,0.0000,0.0000,0.03192,0.0000
D,222262,9,preroll,19.0192,S,1,0,0.0000,0.0000,0.0000,0.02157,0.0000
D,222458,9,preroll,19.0192,S,0,0,0.0000,0.0000,0.0000,0.03158,0.0000
D,222652,9,preroll,19.0192,S,1,0,0.0000,0.0000,0.0000,0.02289,0.0000
D,222848,9,preroll,19.0192,S,0,0,0.0000,0.0000,0.0000,0.03290,0.0000
D,223029,9,dispense,19.0192,S,1,55,0.0000,0.0174,0.0000,0.01760,0.0044
D,223226,9,dispense,19.0192,S,0,55,0.0034,0.0467,0.0000,0.02776,0.0151
D,223423,9,dispense,19.0192,S,1,55,0.0083,0.0602,0.0001,0.02337,0.0234
D,223605,9,dispense,19.0266,U,1,55,0.0233,0.0776,0.0073,0.02084,0.0427
D,223803,9,dispense,19.0418,U,1,55,0.0476,0.0957,0.0223,0.02195,0.0716
D,223985,9,dispense,19.0588,U,1,55,0.0653,0.0945,0.0396,0.02087,0.0889
D,224182,9,dispense,19.0744,U,1,55,0.0781,0.0853,0.0554,0.02183,0.0994
D,224370,9,dispense,19.0892,U,1,55,0.0917,0.0841,0.0701,0.02135,0.1127
E,224476,STOP kf at t=1.34 s: raw 0.0700 pred 0.1127 m_hat 0.0917 r_hat 0.0841 sigma 0.0213
D,224553,9,settle,19.0913,U,0,0,,,,,
D,224745,9,settle,19.0922,U,0,0,,,,,
D,224936,9,settle,19.1016,U,0,0,,,,,
D,225127,9,settle,19.1144,U,0,0,,,,,
D,225317,9,settle,19.1390,U,0,0,,,,,
D,225510,9,settle,19.1650,U,0,0,,,,,
D,225700,9,settle,19.1741,U,0,0,,,,,
D,225893,9,settle,19.1728,U,0,0,,,,,
D,226085,9,settle,19.1715,U,0,0,,,,,
D,226273,9,settle,19.1713,U,0,0,,,,,
D,226465,9,settle,19.1712,U,0,0,,,,,
D,226657,9,settle,19.1711,U,0,0,,,,,
D,226849,9,settle,19.1711,S,0,0,,,,,
D,227040,9,settle,19.1710,U,0,0,,,,,
D,227231,9,settle,19.1710,S,0,0,,,,,
D,227423,9,settle,19.1709,S,0,0,,,,,
D,227613,9,settle,19.1709,S,0,0,,,,,
D,227805,9,settle,19.1709,S,0,0,,,,,
D,227996,9,settle,19.1708,S,0,0,,,,,
D,228188,9,settle,19.1707,U,0,0,,,,,
D,228379,9,settle,19.1707,S,0,0,,,,,
D,228571,9,settle,19.1706,U,0,0,,,,,
D,228763,9,settle,19.1705,U,0,0,,,,,
D,228952,9,settle,19.1705,S,0,0,,,,,
D,229144,9,settle,19.1704,U,0,0,,,,,
D,229336,9,settle,19.1704,S,0,0,,,,,
D,229526,9,settle,19.1704,S,0,0,,,,,
D,229718,9,settle,19.1703,S,0,0,,,,,
D,229908,9,settle,19.1703,S,0,0,,,,,
D,230100,9,settle,19.1703,S,0,0,,,,,
D,230291,9,settle,19.1703,S,0,0,,,,,
D,230483,9,settle,19.1703,S,0,0,,,,,
P,230674,9,settled,19.1703,S
D,230769,9,settle,19.1703,S,0,0,,,,,
D,230960,9,settle,19.1703,S,0,0,,,,,
D,231152,9,settle,19.1703,S,0,0,,,,,
D,231345,9,settle,19.1703,S,0,0,,,,,
D,231535,9,settle,19.1703,S,0,0,,,,,
D,231725,9,settle,19.1703,S,0,0,,,,,
D,231917,9,settle,19.1703,S,0,0,,,,,
D,232109,9,settle,19.1703,S,0,0,,,,,
D,232300,9,settle,19.1703,S,0,0,,,,,
D,232490,9,settle,19.1703,S,0,0,,,,,
D,232682,9,settle,19.1703,S,0,0,,,,,
D,232874,9,settle,19.1703,S,0,0,,,,,
D,233065,9,settle,19.1703,S,0,0,,,,,
D,233257,9,settle,19.1703,S,0,0,,,,,
D,233447,9,settle,19.1703,S,0,0,,,,,
D,233640,9,settle,19.1703,S,0,0,,,,,
P,233831,9,settled2,19.1703,S
T,9,kf,0.100,55,55,2,19.0192,19.0892,0.0917,0.0841,0.02135,0.1127,1.45,19.1703,19.1703,0.1511,51.1,81.1,ok
E,233838,trial 9 kf: dispensed 0.1511 g, error +51.1 mg, afterflow +81.1 mg, 1.4 s
E,233841,=== trial 10 : kf target 1.000 g, tilt 55, 90 rpm, rep 2 (dispensed 6.29 g) ===
P,235075,10,base,19.1704,S
D,235077,10,preroll,19.1704,S,1,0,0.0000,0.0000,0.0000,0.01649,0.0000
D,235273,10,preroll,19.1704,S,0,0,0.0000,0.0000,0.0000,0.02711,0.0000
D,235468,10,preroll,19.1704,S,1,0,0.0000,0.0000,0.0000,0.02192,0.0000
D,235652,10,preroll,19.1704,S,0,0,0.0000,0.0000,0.0000,0.03106,0.0000
D,235847,10,preroll,19.1704,S,1,0,0.0000,0.0000,0.0000,0.02242,0.0000
D,236035,10,preroll,19.1704,S,0,0,0.0000,0.0000,0.0000,0.03183,0.0000
D,236230,10,preroll,19.1704,S,1,0,0.0000,0.0000,0.0000,0.02269,0.0000
D,236426,10,preroll,19.1704,S,0,0,0.0000,0.0000,0.0000,0.03272,0.0000
D,236609,10,dispense,19.1704,S,1,90,0.0000,0.0285,0.0000,0.01757,0.0071
D,236806,10,dispense,19.1704,S,0,90,0.0056,0.0764,0.0000,0.02773,0.0247
D,237002,10,dispense,19.1705,S,1,90,0.0137,0.0985,0.0002,0.02328,0.0383
D,237183,10,dispense,19.1705,S,0,90,0.0315,0.1172,0.0093,0.03206,0.0608
D,237380,10,dispense,19.1760,U,1,90,0.0216,0.1013,0.0059,0.02320,0.0470
D,237565,10,dispense,19.1772,U,1,90,0.0177,0.0863,0.0074,0.02109,0.0392
D,237763,10,dispense,19.1786,U,1,90,0.0200,0.0910,0.0087,0.02201,0.0427
D,237947,10,dispense,19.1895,U,1,90,0.0429,0.1220,0.0189,0.02103,0.0734
D,238144,10,dispense,19.2137,U,1,90,0.0838,0.1566,0.0427,0.02188,0.1229
D,238341,10,dispense,19.2404,U,1,90,0.1105,0.1482,0.0701,0.02214,0.1475
D,238522,10,dispense,19.2569,U,1,90,0.1123,0.1109,0.0873,0.02077,0.1400
D,238719,10,dispense,19.2719,U,1,90,0.1262,0.1152,0.1018,0.02182,0.1550
D,238903,10,dispense,19.2950,U,1,90,0.1614,0.1491,0.1241,0.02101,0.1987
D,239100,10,dispense,19.3183,U,1,90,0.1848,0.1411,0.1481,0.02187,0.2201
D,239288,10,dispense,19.3299,U,1,90,0.1793,0.0974,0.1606,0.02135,0.2037
D,239485,10,dispense,19.3519,U,1,90,0.2160,0.1425,0.1809,0.02196,0.2516
D,239668,10,dispense,19.3859,U,1,90,0.2665,0.1820,0.2147,0.02093,0.3120
D,239866,10,dispense,19.4073,U,1,90,0.2694,0.1234,0.2380,0.02195,0.3003
D,240063,10,dispense,19.4329,U,1,90,0.2989,0.1411,0.2623,0.02216,0.3342
D,240243,10,dispense,19.4652,U,1,90,0.3420,0.1713,0.2942,0.02069,0.3848
D,240441,10,dispense,19.4768,U,1,90,0.3265,0.0942,0.3081,0.02189,0.3501
D,240624,10,dispense,19.4741,U,1,90,0.3050,0.0558,0.3050,0.02095,0.3189
D,240822,10,dispense,19.4886,U,1,90,0.3461,0.1349,0.3172,0.02194,0.3798
D,241019,10,dispense,19.5166,U,1,90,0.3923,0.1684,0.3456,0.02216,0.4344
D,241199,10,dispense,19.5374,U,1,90,0.3995,0.1265,0.3678,0.02069,0.4311
D,241396,10,dispense,19.5564,U,1,90,0.4148,0.1223,0.3863,0.02180,0.4454
D,241581,10,dispense,19.5890,U,1,90,0.4666,0.1763,0.4176,0.02109,0.5107
D,241779,10,dispense,19.6174,U,1,90,0.4892,0.1488,0.4474,0.02199,0.5264
D,241976,10,dispense,19.6375,U,1,90,0.4957,0.1174,0.4678,0.02216,0.5250
D,242156,10,dispense,19.6638,U,1,90,0.5322,0.1525,0.4929,0.02069,0.5703
D,242353,10,dispense,19.6940,U,1,90,0.5688,0.1606,0.5234,0.02180,0.6089
D,242541,10,dispense,19.7134,U,1,90,0.5720,0.1170,0.5439,0.02135,0.6013
D,242738,10,dispense,19.7302,U,1,90,0.5859,0.1172,0.5601,0.02196,0.6152
D,242921,10,dispense,19.7636,U,1,90,0.6428,0.1826,0.5920,0.02093,0.6884
D,243119,10,dispense,19.7888,U,1,90,0.6570,0.1392,0.6191,0.02195,0.6918
D,243302,10,dispense,19.8003,U,1,90,0.6481,0.0912,0.6310,0.02095,0.6709
D,243500,10,dispense,19.8253,U,1,90,0.6929,0.1516,0.6540,0.02195,0.7308
D,243697,10,dispense,19.8521,U,1,90,0.7231,0.1515,0.6817,0.02216,0.7610
D,243877,10,dispense,19.8617,U,1,90,0.7085,0.0872,0.6927,0.02069,0.7303
D,244075,10,dispense,19.8703,U,1,90,0.7166,0.0993,0.7002,0.02189,0.7415
D,244258,10,dispense,19.8914,U,1,90,0.7568,0.1511,0.7203,0.02095,0.7945
D,244455,10,dispense,19.9158,U,1,90,0.7849,0.1484,0.7455,0.02185,0.8220
D,244652,10,dispense,19.9323,U,1,90,0.7877,0.1120,0.7627,0.02214,0.8157
D,244833,10,dispense,19.9552,U,1,90,0.8197,0.1436,0.7844,0.02077,0.8556
D,245030,10,dispense,19.9845,U,1,90,0.8586,0.1610,0.8137,0.02182,0.8989
D,245227,10,dispense,20.0086,U,1,90,0.8735,0.1330,0.8387,0.02214,0.9067
D,245407,10,dispense,20.0348,U,1,90,0.9024,0.1468,0.8642,0.02069,0.9391
D,245605,10,dispense,20.0660,U,1,90,0.9411,0.1615,0.8953,0.02189,0.9815
D,245793,10,dispense,20.0942,U,1,90,0.9642,0.1464,0.9240,0.02137,1.0008
E,245899,STOP kf at t=9.18 s: raw 0.9238 pred 1.0008 m_hat 0.9642 r_hat 0.1464 sigma 0.0214
D,245973,10,settle,20.1021,U,0,0,,,,,
D,246166,10,settle,20.1199,U,0,0,,,,,
D,246358,10,settle,20.1544,U,0,0,,,,,
D,246550,10,settle,20.1767,U,0,0,,,,,
D,246739,10,settle,20.1846,U,0,0,,,,,
D,246930,10,settle,20.1912,U,0,0,,,,,
D,247123,10,settle,20.1929,U,0,0,,,,,
D,247315,10,settle,20.1919,U,0,0,,,,,
D,247505,10,settle,20.1915,U,0,0,,,,,
D,247696,10,settle,20.1914,U,0,0,,,,,
D,247887,10,settle,20.1912,U,0,0,,,,,
D,248078,10,settle,20.1911,U,0,0,,,,,
D,248270,10,settle,20.1911,U,0,0,,,,,
D,248463,10,settle,20.1910,U,0,0,,,,,
D,248652,10,settle,20.1909,U,0,0,,,,,
D,248844,10,settle,20.1909,S,0,0,,,,,
D,249036,10,settle,20.1908,U,0,0,,,,,
D,249227,10,settle,20.1908,S,0,0,,,,,
D,249417,10,settle,20.1907,U,0,0,,,,,
D,249608,10,settle,20.1906,U,0,0,,,,,
D,249801,10,settle,20.1906,S,0,0,,,,,
D,249992,10,settle,20.1905,U,0,0,,,,,
D,250183,10,settle,20.1905,S,0,0,,,,,
D,250374,10,settle,20.1904,U,0,0,,,,,
D,250566,10,settle,20.1904,S,0,0,,,,,
D,250756,10,settle,20.1904,S,0,0,,,,,
D,250949,10,settle,20.1904,S,0,0,,,,,
D,251140,10,settle,20.1904,S,0,0,,,,,
D,251330,10,settle,20.1904,S,0,0,,,,,
D,251522,10,settle,20.1904,S,0,0,,,,,
D,251714,10,settle,20.1904,S,0,0,,,,,
D,251906,10,settle,20.1904,S,0,0,,,,,
P,252095,10,settled,20.1904,S
D,252191,10,settle,20.1904,S,0,0,,,,,
D,252382,10,settle,20.1903,S,0,0,,,,,
D,252574,10,settle,20.1903,S,0,0,,,,,
D,252765,10,settle,20.1903,S,0,0,,,,,
D,252955,10,settle,20.1903,S,0,0,,,,,
D,253147,10,settle,20.1903,S,0,0,,,,,
D,253338,10,settle,20.1903,S,0,0,,,,,
D,253530,10,settle,20.1903,S,0,0,,,,,
D,253722,10,settle,20.1903,S,0,0,,,,,
D,253912,10,settle,20.1903,S,0,0,,,,,
D,254104,10,settle,20.1903,S,0,0,,,,,
D,254295,10,settle,20.1903,S,0,0,,,,,
D,254487,10,settle,20.1903,S,0,0,,,,,
D,254679,10,settle,20.1903,S,0,0,,,,,
D,254869,10,settle,20.1903,S,0,0,,,,,
D,255061,10,settle,20.1903,S,0,0,,,,,
P,255253,10,settled2,20.1903,S
T,10,kf,1.000,55,90,2,19.1704,20.0942,0.9642,0.1464,0.02137,1.0008,9.29,20.1904,20.1903,1.0199,19.9,96.1,ok
E,255261,trial 10 kf: dispensed 1.0199 g, error +19.9 mg, afterflow +96.1 mg, 9.3 s
E,255263,battery complete: 10 trials, 7.315 g dispensed
SUMMARY,trials=10,dispensed=7.315
