import powder_battery
>>> powder_battery.run(powder_id='white-rice-flour', attended=False)
[vib] DRV2605L unavailable ([Errno 5] EIO); skipping init
RUN,BEGIN
META,powder_id,white-rice-flour
META,battery_version,1
META,blocks,ABCDEFG
META,tilts_deg,0.0;45.0;90.0
META,baseline_reads,8
META,hold_s,15
META,rotation_trials,6
META,rotation_step_deg,360.0
META,rotation_rpm,30.0
META,speed_rpms,15.0;45.0;90.0
META,speed_revs,3.0
META,tap_tilts,0.0;45.0
META,tap_trials,8
META,taps_per_point,1
META,refeed_deg,360.0
META,vib_bursts,3
META,dose_repeats,3
META,dose_target_g,1.0
META,settle_ms,2000
META,min_flow_g,0.0005
META,attended,0
META,config.SCALE_BAUD,19200
META,config.SCALE_BITS,8
META,config.SCALE_PARITY,0
META,config.SCALE_STABLE_TIMEOUT_MS,10000
META,config.SCALE_STOP,1
META,config.SERVO_SPEED_DEG_PER_S,60
META,config.STEPPER_ACCEL_REV_PER_S2,4.0
META,config.STEPPER_FULL_STEPS_REV,200
META,config.STEPPER_MICROSTEPS,8
META,config.STEPPER_SPEED_RPM,60
META,config.TAP_OFF_MS,150
META,config.TAP_ON_MS,60
META,config.TAP_PWM_DUTY,1.0
[battery] block A
CSV,A,45.0,baseline,0,,,0.0000,0.0000,0.0000,,7532
CSV,A,45.0,baseline,1,,,0.0000,0.0000,0.0000,,9626
CSV,A,45.0,baseline,2,,,0.0000,0.0000,0.0000,,11728
CSV,A,45.0,baseline,3,,,0.0000,0.0000,0.0000,,13843
CSV,A,45.0,baseline,4,,,0.0000,0.0000,0.0000,,15938
CSV,A,45.0,baseline,5,,,0.0000,0.0000,0.0000,,18040
CSV,A,45.0,baseline,6,,,0.0000,0.0000,0.0000,,20155
CSV,A,45.0,baseline,7,,,0.0000,0.0000,0.0000,,22249
SUM,A,45.0,baseline,8,0.0000,0.0000,0.0000,0.0000,0.0000
[battery] block B
CSV,B,0.0,hold,0,15,,0.0000,0.0000,0.0000,,42723
CSV,B,45.0,hold,0,15,,0.0000,0.0000,0.0000,,63187
CSV,B,90.0,hold,0,15,,0.0000,0.0000,0.0000,,83651
[battery] block C
PROMPT,block C at tilt 0.0 -- empty the collection cup if it is getting full, then Enter ('skip'/'abort')
CSV,C,0.0,rotation,0,360.0,30,0.0000,0.0051,0.0051,,96077
CSV,C,0.0,rotation,1,360.0,30,0.0051,0.0090,0.0039,,102485
CSV,C,0.0,rotation,2,360.0,30,0.0090,0.0127,0.0037,,108893
CSV,C,0.0,rotation,3,360.0,30,0.0127,0.0167,0.0040,,115301
CSV,C,0.0,rotation,4,360.0,30,0.0167,0.0197,0.0030,,121707
CSV,C,0.0,rotation,5,360.0,30,0.0197,0.0225,0.0028,,128114
SUM,C,0.0,rotation,6,0.0038,0.0008,0.0003,0.0028,0.0051
PROMPT,block C at tilt 45.0 -- empty the collection cup if it is getting full, then Enter ('skip'/'abort')
CSV,C,45.0,rotation,0,360.0,30,0.0000,0.0113,0.0113,,139789
CSV,C,45.0,rotation,1,360.0,30,0.0113,0.0203,0.0090,,146194
CSV,C,45.0,rotation,2,360.0,30,0.0203,0.0285,0.0082,,152601
CSV,C,45.0,rotation,3,360.0,30,0.0285,0.0392,0.0107,,159007
CSV,C,45.0,rotation,4,360.0,30,0.0392,0.0570,0.0178,,165411
CSV,C,45.0,rotation,5,360.0,30,0.0569,0.0766,0.0197,,171817
SUM,C,45.0,rotation,6,0.0128,0.0048,0.0020,0.0082,0.0197
PROMPT,block C at tilt 90.0 -- empty the collection cup if it is getting full, then Enter ('skip'/'abort')
CSV,C,90.0,rotation,0,360.0,30,0.0000,0.0632,0.0632,,184438
CSV,C,90.0,rotation,1,360.0,30,0.0632,0.0874,0.0242,,190846
CSV,C,90.0,rotation,2,360.0,30,0.0874,0.1195,0.0321,,197254
CSV,C,90.0,rotation,3,360.0,30,0.1195,0.1668,0.0473,,203661
CSV,C,90.0,rotation,4,360.0,30,0.1668,0.2063,0.0395,,210070
CSV,C,90.0,rotation,5,360.0,30,0.2063,0.2229,0.0166,,216476
SUM,C,90.0,rotation,6,0.0372,0.0167,0.0068,0.0166,0.0632
[battery] block D
POLL,D,45.0,15,222116,0.0000,1
POLL,D,45.0,15,222404,0.0000,1
POLL,D,45.0,15,222689,0.0000,1
POLL,D,45.0,15,222976,0.0004,0
POLL,D,45.0,15,223264,0.0008,0
POLL,D,45.0,15,223549,0.0015,0
POLL,D,45.0,15,223837,0.0024,0
POLL,D,45.0,15,224124,0.0090,0
POLL,D,45.0,15,224409,0.0094,0
POLL,D,45.0,15,224697,0.0099,0
POLL,D,45.0,15,224984,0.0176,0
POLL,D,45.0,15,225273,0.0223,0
POLL,D,45.0,15,225558,0.0257,0
POLL,D,45.0,15,225845,0.0293,0
POLL,D,45.0,15,226133,0.0296,0
POLL,D,45.0,15,226419,0.0303,0
POLL,D,45.0,15,226706,0.0308,0
POLL,D,45.0,15,226994,0.0311,0
POLL,D,45.0,15,227279,0.0314,0
POLL,D,45.0,15,227567,0.0317,0
POLL,D,45.0,15,227854,0.0320,0
POLL,D,45.0,15,228141,0.0325,0
POLL,D,45.0,15,228428,0.0331,0
POLL,D,45.0,15,228715,0.0337,0
POLL,D,45.0,15,229000,0.0346,0
POLL,D,45.0,15,229289,0.0354,0
POLL,D,45.0,15,229576,0.0362,0
POLL,D,45.0,15,229861,0.0370,0
POLL,D,45.0,15,230148,0.0378,0
POLL,D,45.0,15,230436,0.0385,0
POLL,D,45.0,15,230721,0.0391,0
POLL,D,45.0,15,231009,0.0396,0
POLL,D,45.0,15,231311,0.0402,0
POLL,D,45.0,15,231678,0.0410,0
POLL,D,45.0,15,231965,0.0418,0
POLL,D,45.0,15,232254,0.0428,0
POLL,D,45.0,15,232539,0.0437,0
POLL,D,45.0,15,232826,0.0446,0
POLL,D,45.0,15,233114,0.0454,0
POLL,D,45.0,15,233399,0.0462,0
POLL,D,45.0,15,233687,0.0470,0
POLL,D,45.0,15,233974,0.0477,0
POLL,D,45.0,15,234260,0.0484,0
POLL,D,45.0,15,234548,0.0491,0
POLL,D,45.0,15,234835,0.0500,0
POLL,D,45.0,15,235120,0.0509,0
POLL,D,45.0,15,235408,0.0517,0
POLL,D,45.0,15,235696,0.0524,0
CSV,D,45.0,speed,0,3.0,15,0.0000,0.0572,0.0572,,238757
POLL,D,45.0,45,239138,0.0572,1
POLL,D,45.0,45,239426,0.0572,1
POLL,D,45.0,45,239711,0.0573,1
POLL,D,45.0,45,239998,0.0613,0
POLL,D,45.0,45,240286,0.0690,0
POLL,D,45.0,45,240571,0.0711,0
POLL,D,45.0,45,240859,0.0739,0
POLL,D,45.0,45,241146,0.0814,0
POLL,D,45.0,45,241432,0.0914,0
POLL,D,45.0,45,241719,0.0956,0
POLL,D,45.0,45,242007,0.0964,0
POLL,D,45.0,45,242293,0.0970,0
POLL,D,45.0,45,242580,0.1041,0
POLL,D,45.0,45,242868,0.1103,0
POLL,D,45.0,45,243154,0.1122,0
POLL,D,45.0,45,243442,0.1134,0
CSV,D,45.0,speed,1,3.0,45,0.0572,0.1295,0.0723,,245558
POLL,D,45.0,90,246023,0.1295,1
POLL,D,45.0,90,246310,0.1295,1
POLL,D,45.0,90,246598,0.1295,1
POLL,D,45.0,90,246883,0.1347,0
POLL,D,45.0,90,247171,0.1535,0
POLL,D,45.0,90,247458,0.1714,0
POLL,D,45.0,90,247744,0.1834,0
POLL,D,45.0,90,248031,0.2083,0
CSV,D,45.0,speed,2,3.0,90,0.1295,0.2406,0.1111,,250148
SUM,D,45.0,speed,3,0.0802,0.0278,0.0161,0.0572,0.1111
[battery] block E
CSV,E,0.0,refeed,0,360.0,30,0.0000,0.0029,0.0029,,261805
CSV,E,0.0,tap,0,1,,0.0029,0.0029,0.0000,,264202
CSV,E,0.0,refeed,1,360.0,30,0.0029,0.0063,0.0034,,270607
CSV,E,0.0,tap,1,1,,0.0063,0.0063,0.0000,,273004
CSV,E,0.0,refeed,2,360.0,30,0.0063,0.0091,0.0028,,279410
CSV,E,0.0,tap,2,1,,0.0091,0.0090,-0.0001,,281799
CSV,E,0.0,refeed,3,360.0,30,0.0090,0.0118,0.0028,,288205
CSV,E,0.0,tap,3,1,,0.0117,0.0118,0.0001,,290590
CSV,E,0.0,refeed,4,360.0,30,0.0118,0.0142,0.0024,,296999
CSV,E,0.0,tap,4,1,,0.0142,0.0147,0.0005,,299396
CSV,E,0.0,refeed,5,360.0,30,0.0147,0.0168,0.0021,,305803
CSV,E,0.0,tap,5,1,,0.0168,0.0168,0.0000,,308185
CSV,E,0.0,refeed,6,360.0,30,0.0168,0.0196,0.0028,,314593
CSV,E,0.0,tap,6,1,,0.0196,0.0197,0.0001,,316990
CSV,E,0.0,refeed,7,360.0,30,0.0197,0.0226,0.0029,,323397
CSV,E,0.0,tap,7,1,,0.0226,0.0227,0.0001,,325794
SUM,E,0.0,refeed,8,0.0028,0.0004,0.0001,0.0021,0.0034
SUM,E,0.0,tap,8,0.0001,0.0002,0.0001,-0.0001,0.0005
CSV,E,45.0,refeed,0,360.0,30,0.0000,0.0080,0.0080,,337454
CSV,E,45.0,tap,0,1,,0.0080,0.0080,0.0000,,339851
CSV,E,45.0,refeed,1,360.0,30,0.0080,0.0184,0.0104,,346255
CSV,E,45.0,tap,1,1,,0.0184,0.0185,0.0001,,348638
CSV,E,45.0,refeed,2,360.0,30,0.0185,0.0257,0.0072,,355046
CSV,E,45.0,tap,2,1,,0.0257,0.0258,0.0001,,357443
CSV,E,45.0,refeed,3,360.0,30,0.0258,0.0374,0.0116,,363851
CSV,E,45.0,tap,3,1,,0.0374,0.0374,0.0000,,366240
CSV,E,45.0,refeed,4,360.0,30,0.0374,0.0486,0.0112,,372645
CSV,E,45.0,tap,4,1,,0.0486,0.0486,0.0000,,375042
CSV,E,45.0,refeed,5,360.0,30,0.0486,0.0582,0.0096,,381448
CSV,E,45.0,tap,5,1,,0.0582,0.0583,0.0001,,383830
CSV,E,45.0,refeed,6,360.0,30,0.0583,0.0689,0.0106,,390237
CSV,E,45.0,tap,6,1,,0.0689,0.0695,0.0006,,393203
CSV,E,45.0,refeed,7,360.0,30,0.0695,0.0770,0.0075,,399611
CSV,E,45.0,tap,7,1,,0.0770,0.0770,0.0000,,402008
SUM,E,45.0,refeed,8,0.0095,0.0017,0.0006,0.0072,0.0116
SUM,E,45.0,tap,8,0.0001,0.0002,0.0001,0.0000,0.0006
[battery] block F
META,vib,unavailable
[battery] vibration driver unavailable -- skipping block F
[battery] block G
PROMPT,block G (three-phase doses): EMPTY the collection cup now, then Enter ('skip'/'abort')
[dose] three-phase dose to 1.0000 g; taring scale
=== phase 1/3 'bulk' start: 1.0000 g to go, exit at 0.5000 g to go; angle 45.0 plate deg, CONTINUOUS @ 55 auger rpm (poll 250 ms, anticipation 0.1200 g), settle 800 ms
[phase 1 bulk] poll 1: mass 0.0000 / 1.0000 g (1.0000 g to go, +0.0000 g this poll), elapsed 2.0 s
[phase 1 bulk] poll 2: mass 0.0000 / 1.0000 g (1.0000 g to go, +0.0000 g this poll), elapsed 2.0 s
[phase 1 bulk] poll 3: mass 0.0000 / 1.0000 g (1.0000 g to go, +0.0000 g this poll), elapsed 2.0 s
[phase 1 bulk] poll 4 (unstable): mass 0.0043 / 1.0000 g (0.9957 g to go, +0.0043 g this poll), elapsed 3.0 s
[phase 1 bulk] poll 5 (unstable): mass 0.0103 / 1.0000 g (0.9897 g to go, +0.0060 g this poll), elapsed 3.0 s
[phase 1 bulk] poll 6 (unstable): mass 0.0124 / 1.0000 g (0.9876 g to go, +0.0021 g this poll), elapsed 3.0 s
[phase 1 bulk] poll 7 (unstable): mass 0.0160 / 1.0000 g (0.9840 g to go, +0.0036 g this poll), elapsed 3.0 s
[phase 1 bulk] poll 8 (unstable): mass 0.0210 / 1.0000 g (0.9790 g to go, +0.0050 g this poll), elapsed 4.0 s
[phase 1 bulk] poll 9 (unstable): mass 0.0277 / 1.0000 g (0.9723 g to go, +0.0067 g this poll), elapsed 4.0 s
[phase 1 bulk] poll 10 (unstable): mass 0.0317 / 1.0000 g (0.9683 g to go, +0.0040 g this poll), elapsed 4.0 s
[phase 1 bulk] poll 11 (unstable): mass 0.0355 / 1.0000 g (0.9645 g to go, +0.0038 g this poll), elapsed 5.0 s
[phase 1 bulk] poll 12 (unstable): mass 0.0442 / 1.0000 g (0.9558 g to go, +0.0087 g this poll), elapsed 5.0 s
[phase 1 bulk] poll 13 (unstable): mass 0.0541 / 1.0000 g (0.9459 g to go, +0.0099 g this poll), elapsed 5.0 s
[phase 1 bulk] poll 14 (unstable): mass 0.0624 / 1.0000 g (0.9376 g to go, +0.0083 g this poll), elapsed 5.0 s
[phase 1 bulk] poll 15 (unstable): mass 0.0630 / 1.0000 g (0.9370 g to go, +0.0006 g this poll), elapsed 6.0 s
[phase 1 bulk] poll 16 (unstable): mass 0.0668 / 1.0000 g (0.9332 g to go, +0.0038 g this poll), elapsed 6.0 s
[phase 1 bulk] poll 17 (unstable): mass 0.0701 / 1.0000 g (0.9299 g to go, +0.0033 g this poll), elapsed 6.0 s
[phase 1 bulk] poll 18 (unstable): mass 0.0744 / 1.0000 g (0.9256 g to go, +0.0043 g this poll), elapsed 7.0 s
[phase 1 bulk] poll 19 (unstable): mass 0.0788 / 1.0000 g (0.9212 g to go, +0.0044 g this poll), elapsed 7.0 s
[phase 1 bulk] poll 20 (unstable): mass 0.0900 / 1.0000 g (0.9100 g to go, +0.0112 g this poll), elapsed 7.0 s
[phase 1 bulk] poll 21 (unstable): mass 0.1051 / 1.0000 g (0.8949 g to go, +0.0151 g this poll), elapsed 8.0 s
[phase 1 bulk] poll 22 (unstable): mass 0.1120 / 1.0000 g (0.8880 g to go, +0.0069 g this poll), elapsed 8.0 s
[phase 1 bulk] poll 23 (unstable): mass 0.1156 / 1.0000 g (0.8844 g to go, +0.0036 g this poll), elapsed 8.0 s
[phase 1 bulk] poll 24 (unstable): mass 0.1303 / 1.0000 g (0.8697 g to go, +0.0147 g this poll), elapsed 8.0 s
[phase 1 bulk] poll 25 (unstable): mass 0.1458 / 1.0000 g (0.8542 g to go, +0.0155 g this poll), elapsed 9.0 s
[phase 1 bulk] poll 26 (unstable): mass 0.1516 / 1.0000 g (0.8484 g to go, +0.0058 g this poll), elapsed 9.0 s
[phase 1 bulk] poll 27 (unstable): mass 0.1614 / 1.0000 g (0.8386 g to go, +0.0098 g this poll), elapsed 9.0 s
[phase 1 bulk] poll 28 (unstable): mass 0.1830 / 1.0000 g (0.8170 g to go, +0.0216 g this poll), elapsed 10.0 s
[phase 1 bulk] poll 29 (unstable): mass 0.1962 / 1.0000 g (0.8038 g to go, +0.0132 g this poll), elapsed 10.0 s
[phase 1 bulk] poll 30 (unstable): mass 0.1974 / 1.0000 g (0.8026 g to go, +0.0012 g this poll), elapsed 10.0 s
[phase 1 bulk] poll 31 (unstable): mass 0.2071 / 1.0000 g (0.7929 g to go, +0.0097 g this poll), elapsed 10.0 s
[phase 1 bulk] poll 32 (unstable): mass 0.2282 / 1.0000 g (0.7718 g to go, +0.0211 g this poll), elapsed 11.0 s
[phase 1 bulk] poll 33 (unstable): mass 0.2402 / 1.0000 g (0.7598 g to go, +0.0120 g this poll), elapsed 11.0 s
[phase 1 bulk] poll 34 (unstable): mass 0.2405 / 1.0000 g (0.7595 g to go, +0.0003 g this poll), elapsed 11.0 s
[phase 1 bulk] poll 35 (unstable): mass 0.2464 / 1.0000 g (0.7536 g to go, +0.0059 g this poll), elapsed 12.0 s
[phase 1 bulk] poll 36 (unstable): mass 0.2603 / 1.0000 g (0.7397 g to go, +0.0139 g this poll), elapsed 12.0 s
[phase 1 bulk] poll 37 (unstable): mass 0.2654 / 1.0000 g (0.7346 g to go, +0.0051 g this poll), elapsed 12.0 s
[phase 1 bulk] poll 38 (unstable): mass 0.2693 / 1.0000 g (0.7307 g to go, +0.0039 g this poll), elapsed 12.0 s
[phase 1 bulk] poll 39 (unstable): mass 0.2824 / 1.0000 g (0.7176 g to go, +0.0131 g this poll), elapsed 13.0 s
[phase 1 bulk] poll 40 (unstable): mass 0.2941 / 1.0000 g (0.7059 g to go, +0.0117 g this poll), elapsed 13.0 s
[phase 1 bulk] poll 41 (unstable): mass 0.2972 / 1.0000 g (0.7028 g to go, +0.0031 g this poll), elapsed 13.0 s
[phase 1 bulk] poll 42 (unstable): mass 0.3042 / 1.0000 g (0.6958 g to go, +0.0070 g this poll), elapsed 14.0 s
[phase 1 bulk] poll 43 (unstable): mass 0.3212 / 1.0000 g (0.6788 g to go, +0.0170 g this poll), elapsed 14.0 s
[phase 1 bulk] poll 44 (unstable): mass 0.3322 / 1.0000 g (0.6678 g to go, +0.0110 g this poll), elapsed 14.0 s
[phase 1 bulk] poll 45 (unstable): mass 0.3339 / 1.0000 g (0.6661 g to go, +0.0017 g this poll), elapsed 14.0 s
[phase 1 bulk] poll 46 (unstable): mass 0.3368 / 1.0000 g (0.6632 g to go, +0.0029 g this poll), elapsed 15.0 s
[phase 1 bulk] poll 47 (unstable): mass 0.3459 / 1.0000 g (0.6541 g to go, +0.0091 g this poll), elapsed 15.0 s
[phase 1 bulk] poll 48 (unstable): mass 0.3566 / 1.0000 g (0.6434 g to go, +0.0107 g this poll), elapsed 15.0 s
[phase 1 bulk] poll 49 (unstable): mass 0.3593 / 1.0000 g (0.6407 g to go, +0.0027 g this poll), elapsed 16.0 s
[phase 1 bulk] poll 50 (unstable): mass 0.3759 / 1.0000 g (0.6241 g to go, +0.0166 g this poll), elapsed 16.0 s
[phase 1 bulk] poll 51 (unstable): mass 0.3964 / 1.0000 g (0.6036 g to go, +0.0205 g this poll), elapsed 16.0 s
[phase 1 bulk] auger halted at 0.6036 g to go (halt threshold 0.6200 g); settling 800 ms
[phase 1 bulk] settled: mass 0.4200 / 1.0000 g (0.5800 g to go, +0.0236 g while settling), elapsed 18.0 s
=== phase 1/3 'bulk' end (51 cycles): mass 0.4200 / 1.0000 g (0.5800 g to go, +0.4200 g this phase), elapsed 18.0 s
=== phase 2/3 'fine' start: 0.5800 g to go, exit at 0.0500 g to go; angle 22.5 plate deg, 45 auger deg/cycle @ 30 rpm, 0 taps/cycle, settle 1500 ms
[phase 2 fine] cycle 1: mass 0.4269 / 1.0000 g (0.5731 g to go, +0.0069 g this cycle), elapsed 23.0 s
[phase 2 fine] cycle 2: mass 0.4337 / 1.0000 g (0.5663 g to go, +0.0068 g this cycle), elapsed 27.0 s
[phase 2 fine] cycle 3: mass 0.4370 / 1.0000 g (0.5630 g to go, +0.0033 g this cycle), elapsed 31.0 s
[phase 2 fine] cycle 4: mass 0.4377 / 1.0000 g (0.5623 g to go, +0.0007 g this cycle), elapsed 35.0 s
[phase 2 fine] cycle 5: mass 0.4383 / 1.0000 g (0.5617 g to go, +0.0006 g this cycle), elapsed 39.0 s
[phase 2 fine] cycle 6: mass 0.4394 / 1.0000 g (0.5606 g to go, +0.0011 g this cycle), elapsed 43.0 s
[phase 2 fine] cycle 7: mass 0.4404 / 1.0000 g (0.5596 g to go, +0.0010 g this cycle), elapsed 47.0 s
[phase 2 fine] cycle 8: mass 0.4425 / 1.0000 g (0.5575 g to go, +0.0021 g this cycle), elapsed 51.0 s
[phase 2 fine] cycle 9: mass 0.4470 / 1.0000 g (0.5530 g to go, +0.0045 g this cycle), elapsed 55.0 s
[phase 2 fine] cycle 10: mass 0.4536 / 1.0000 g (0.5464 g to go, +0.0066 g this cycle), elapsed 59.0 s
[phase 2 fine] cycle 11: mass 0.4561 / 1.0000 g (0.5439 g to go, +0.0025 g this cycle), elapsed 63.0 s
[phase 2 fine] cycle 12: mass 0.4577 / 1.0000 g (0.5423 g to go, +0.0016 g this cycle), elapsed 67.0 s
[phase 2 fine] cycle 13: mass 0.4582 / 1.0000 g (0.5418 g to go, +0.0005 g this cycle), elapsed 71.0 s
[phase 2 fine] cycle 14: mass 0.4592 / 1.0000 g (0.5408 g to go, +0.0010 g this cycle), elapsed 75.0 s
[phase 2 fine] cycle 15: mass 0.4601 / 1.0000 g (0.5399 g to go, +0.0009 g this cycle), elapsed 79.0 s
[phase 2 fine] cycle 16: mass 0.4609 / 1.0000 g (0.5391 g to go, +0.0008 g this cycle), elapsed 83.0 s
[phase 2 fine] cycle 17: mass 0.4633 / 1.0000 g (0.5367 g to go, +0.0024 g this cycle), elapsed 87.0 s
[phase 2 fine] cycle 18: mass 0.4666 / 1.0000 g (0.5334 g to go, +0.0033 g this cycle), elapsed 91.0 s
[phase 2 fine] cycle 19: mass 0.4710 / 1.0000 g (0.5290 g to go, +0.0044 g this cycle), elapsed 95.0 s
[phase 2 fine] cycle 20: mass 0.4730 / 1.0000 g (0.5270 g to go, +0.0020 g this cycle), elapsed 99.0 s
[phase 2 fine] cycle 21: mass 0.4732 / 1.0000 g (0.5268 g to go, +0.0002 g this cycle), elapsed 103.0 s
[phase 2 fine] cycle 22: mass 0.4743 / 1.0000 g (0.5257 g to go, +0.0011 g this cycle), elapsed 107.0 s
[phase 2 fine] cycle 23: mass 0.4752 / 1.0000 g (0.5248 g to go, +0.0009 g this cycle), elapsed 111.0 s
[phase 2 fine] cycle 24: mass 0.4779 / 1.0000 g (0.5221 g to go, +0.0027 g this cycle), elapsed 115.0 s
[phase 2 fine] cycle 25: mass 0.4809 / 1.0000 g (0.5191 g to go, +0.0030 g this cycle), elapsed 119.0 s
[phase 2 fine] cycle 26: mass 0.4864 / 1.0000 g (0.5136 g to go, +0.0055 g this cycle), elapsed 123.0 s
[phase 2 fine] cycle 27: mass 0.4899 / 1.0000 g (0.5101 g to go, +0.0035 g this cycle), elapsed 127.0 s
[phase 2 fine] cycle 28: mass 0.4930 / 1.0000 g (0.5070 g to go, +0.0031 g this cycle), elapsed 131.0 s
[phase 2 fine] cycle 29: mass 0.4931 / 1.0000 g (0.5069 g to go, +0.0001 g this cycle), elapsed 135.0 s
[phase 2 fine] cycle 30: mass 0.4944 / 1.0000 g (0.5056 g to go, +0.0013 g this cycle), elapsed 139.0 s
[phase 2 fine] cycle 31: mass 0.4958 / 1.0000 g (0.5042 g to go, +0.0014 g this cycle), elapsed 143.0 s
[phase 2 fine] cycle 32: mass 0.4978 / 1.0000 g (0.5022 g to go, +0.0020 g this cycle), elapsed 147.0 s
[phase 2 fine] cycle 33: mass 0.5008 / 1.0000 g (0.4992 g to go, +0.0030 g this cycle), elapsed 151.0 s
[phase 2 fine] cycle 34: mass 0.5040 / 1.0000 g (0.4960 g to go, +0.0032 g this cycle), elapsed 155.0 s
[phase 2 fine] cycle 35: mass 0.5071 / 1.0000 g (0.4929 g to go, +0.0031 g this cycle), elapsed 159.0 s
[phase 2 fine] cycle 36: mass 0.5120 / 1.0000 g (0.4880 g to go, +0.0049 g this cycle), elapsed 163.0 s
[phase 2 fine] cycle 37: mass 0.5122 / 1.0000 g (0.4878 g to go, +0.0002 g this cycle), elapsed 167.0 s
[phase 2 fine] cycle 38: mass 0.5131 / 1.0000 g (0.4869 g to go, +0.0009 g this cycle), elapsed 171.0 s
[phase 2 fine] cycle 39: mass 0.5148 / 1.0000 g (0.4852 g to go, +0.0017 g this cycle), elapsed 175.0 s
[phase 2 fine] cycle 40: mass 0.5170 / 1.0000 g (0.4830 g to go, +0.0022 g this cycle), elapsed 179.0 s
[phase 2 fine] cycle 41: mass 0.5227 / 1.0000 g (0.4773 g to go, +0.0057 g this cycle), elapsed 183.0 s
[phase 2 fine] cycle 42: mass 0.5277 / 1.0000 g (0.4723 g to go, +0.0050 g this cycle), elapsed 187.0 s
[phase 2 fine] cycle 43: mass 0.5314 / 1.0000 g (0.4686 g to go, +0.0037 g this cycle), elapsed 191.0 s
[phase 2 fine] cycle 44: mass 0.5352 / 1.0000 g (0.4648 g to go, +0.0038 g this cycle), elapsed 196.0 s
[phase 2 fine] cycle 45: mass 0.5353 / 1.0000 g (0.4647 g to go, +0.0001 g this cycle), elapsed 200.0 s
[phase 2 fine] cycle 46: mass 0.5365 / 1.0000 g (0.4635 g to go, +0.0012 g this cycle), elapsed 204.0 s
[phase 2 fine] cycle 47: mass 0.5381 / 1.0000 g (0.4619 g to go, +0.0016 g this cycle), elapsed 208.0 s
[phase 2 fine] cycle 48: mass 0.5420 / 1.0000 g (0.4580 g to go, +0.0039 g this cycle), elapsed 212.0 s
[phase 2 fine] cycle 49: mass 0.5479 / 1.0000 g (0.4521 g to go, +0.0059 g this cycle), elapsed 216.0 s
[phase 2 fine] cycle 50: mass 0.5533 / 1.0000 g (0.4467 g to go, +0.0054 g this cycle), elapsed 220.0 s
[phase 2 fine] cycle 51: mass 0.5568 / 1.0000 g (0.4432 g to go, +0.0035 g this cycle), elapsed 224.0 s
[phase 2 fine] cycle 52: mass 0.5591 / 1.0000 g (0.4409 g to go, +0.0023 g this cycle), elapsed 228.0 s
[phase 2 fine] cycle 53: mass 0.5595 / 1.0000 g (0.4405 g to go, +0.0004 g this cycle), elapsed 232.0 s
[phase 2 fine] cycle 54: mass 0.5608 / 1.0000 g (0.4392 g to go, +0.0013 g this cycle), elapsed 236.0 s
[phase 2 fine] cycle 55: mass 0.5610 / 1.0000 g (0.4390 g to go, +0.0002 g this cycle), elapsed 240.0 s
[phase 2 fine] cycle 56: mass 0.5628 / 1.0000 g (0.4372 g to go, +0.0018 g this cycle), elapsed 244.0 s
[phase 2 fine] cycle 57: mass 0.5663 / 1.0000 g (0.4337 g to go, +0.0035 g this cycle), elapsed 248.0 s
[phase 2 fine] cycle 58: mass 0.5700 / 1.0000 g (0.4300 g to go, +0.0037 g this cycle), elapsed 252.0 s
[phase 2 fine] cycle 59: mass 0.5736 / 1.0000 g (0.4264 g to go, +0.0036 g this cycle), elapsed 256.0 s
[phase 2 fine] cycle 60: mass 0.5770 / 1.0000 g (0.4230 g to go, +0.0034 g this cycle), elapsed 260.0 s
[phase 2 fine] cycle 61: mass 0.5775 / 1.0000 g (0.4225 g to go, +0.0005 g this cycle), elapsed 264.0 s
[phase 2 fine] cycle 62: mass 0.5791 / 1.0000 g (0.4209 g to go, +0.0016 g this cycle), elapsed 268.0 s
[phase 2 fine] cycle 63: mass 0.5800 / 1.0000 g (0.4200 g to go, +0.0009 g this cycle), elapsed 272.0 s
[phase 2 fine] cycle 64: mass 0.5830 / 1.0000 g (0.4170 g to go, +0.0030 g this cycle), elapsed 276.0 s
[phase 2 fine] cycle 65: mass 0.5856 / 1.0000 g (0.4144 g to go, +0.0026 g this cycle), elapsed 280.0 s
[phase 2 fine] cycle 66: mass 0.5887 / 1.0000 g (0.4113 g to go, +0.0031 g this cycle), elapsed 284.0 s
[phase 2 fine] cycle 67: mass 0.5922 / 1.0000 g (0.4078 g to go, +0.0035 g this cycle), elapsed 288.0 s
[phase 2 fine] cycle 68: mass 0.5968 / 1.0000 g (0.4032 g to go, +0.0046 g this cycle), elapsed 292.0 s
[phase 2 fine] cycle 69: mass 0.5973 / 1.0000 g (0.4027 g to go, +0.0005 g this cycle), elapsed 296.0 s
[phase 2 fine] cycle 70: mass 0.5985 / 1.0000 g (0.4015 g to go, +0.0012 g this cycle), elapsed 300.0 s
[phase 2 fine] cycle 71: mass 0.5999 / 1.0000 g (0.4001 g to go, +0.0014 g this cycle), elapsed 304.0 s
[phase 2 fine] cycle 72: mass 0.6018 / 1.0000 g (0.3982 g to go, +0.0019 g this cycle), elapsed 308.0 s
[phase 2 fine] cycle 73: mass 0.6040 / 1.0000 g (0.3960 g to go, +0.0022 g this cycle), elapsed 312.0 s
[phase 2 fine] cycle 74: mass 0.6074 / 1.0000 g (0.3926 g to go, +0.0034 g this cycle), elapsed 316.0 s
[phase 2 fine] cycle 75: mass 0.6120 / 1.0000 g (0.3880 g to go, +0.0046 g this cycle), elapsed 320.0 s
[phase 2 fine] cycle 76: mass 0.6149 / 1.0000 g (0.3851 g to go, +0.0029 g this cycle), elapsed 324.0 s
[phase 2 fine] cycle 77: mass 0.6152 / 1.0000 g (0.3848 g to go, +0.0003 g this cycle), elapsed 328.0 s
[phase 2 fine] cycle 78: mass 0.6165 / 1.0000 g (0.3835 g to go, +0.0013 g this cycle), elapsed 332.0 s
[phase 2 fine] cycle 79: mass 0.6178 / 1.0000 g (0.3822 g to go, +0.0013 g this cycle), elapsed 336.0 s
[phase 2 fine] cycle 80: mass 0.6193 / 1.0000 g (0.3807 g to go, +0.0015 g this cycle), elapsed 340.0 s
[phase 2 fine] cycle 81: mass 0.6230 / 1.0000 g (0.3770 g to go, +0.0037 g this cycle), elapsed 344.0 s
[phase 2 fine] cycle 82: mass 0.6253 / 1.0000 g (0.3747 g to go, +0.0023 g this cycle), elapsed 348.0 s
[phase 2 fine] cycle 83: mass 0.6289 / 1.0000 g (0.3711 g to go, +0.0036 g this cycle), elapsed 352.0 s
[phase 2 fine] cycle 84: mass 0.6322 / 1.0000 g (0.3678 g to go, +0.0033 g this cycle), elapsed 356.0 s
[phase 2 fine] cycle 85: mass 0.6328 / 1.0000 g (0.3672 g to go, +0.0006 g this cycle), elapsed 360.0 s
[phase 2 fine] cycle 86: mass 0.6340 / 1.0000 g (0.3660 g to go, +0.0012 g this cycle), elapsed 364.0 s
[phase 2 fine] cycle 87: mass 0.6348 / 1.0000 g (0.3652 g to go, +0.0008 g this cycle), elapsed 368.0 s
[phase 2 fine] cycle 88: mass 0.6368 / 1.0000 g (0.3632 g to go, +0.0020 g this cycle), elapsed 372.0 s
[phase 2 fine] cycle 89: mass 0.6392 / 1.0000 g (0.3608 g to go, +0.0024 g this cycle), elapsed 376.0 s
[phase 2 fine] cycle 90: mass 0.6429 / 1.0000 g (0.3571 g to go, +0.0037 g this cycle), elapsed 380.0 s
[phase 2 fine] cycle 91: mass 0.6454 / 1.0000 g (0.3546 g to go, +0.0025 g this cycle), elapsed 384.0 s
[phase 2 fine] cycle 92: mass 0.6489 / 1.0000 g (0.3511 g to go, +0.0035 g this cycle), elapsed 388.0 s
[phase 2 fine] cycle 93: mass 0.6492 / 1.0000 g (0.3508 g to go, +0.0003 g this cycle), elapsed 392.0 s
[phase 2 fine] cycle 94: mass 0.6505 / 1.0000 g (0.3495 g to go, +0.0013 g this cycle), elapsed 396.0 s
[phase 2 fine] cycle 95: mass 0.6515 / 1.0000 g (0.3485 g to go, +0.0010 g this cycle), elapsed 400.0 s
[phase 2 fine] cycle 96: mass 0.6525 / 1.0000 g (0.3475 g to go, +0.0010 g this cycle), elapsed 404.0 s
[phase 2 fine] cycle 97: mass 0.6560 / 1.0000 g (0.3440 g to go, +0.0035 g this cycle), elapsed 408.0 s
[phase 2 fine] cycle 98: mass 0.6596 / 1.0000 g (0.3404 g to go, +0.0036 g this cycle), elapsed 412.0 s
[phase 2 fine] cycle 99: mass 0.6627 / 1.0000 g (0.3373 g to go, +0.0031 g this cycle), elapsed 416.0 s
[phase 2 fine] cycle 100: mass 0.6658 / 1.0000 g (0.3342 g to go, +0.0031 g this cycle), elapsed 420.0 s
[phase 2 fine] cycle 101: mass 0.6664 / 1.0000 g (0.3336 g to go, +0.0006 g this cycle), elapsed 424.0 s
[phase 2 fine] cycle 102: mass 0.6672 / 1.0000 g (0.3328 g to go, +0.0008 g this cycle), elapsed 428.0 s
[phase 2 fine] cycle 103: mass 0.6686 / 1.0000 g (0.3314 g to go, +0.0014 g this cycle), elapsed 432.0 s
[phase 2 fine] cycle 104: mass 0.6705 / 1.0000 g (0.3295 g to go, +0.0019 g this cycle), elapsed 437.0 s
[phase 2 fine] cycle 105: mass 0.6730 / 1.0000 g (0.3270 g to go, +0.0025 g this cycle), elapsed 441.0 s
[phase 2 fine] cycle 106: mass 0.6758 / 1.0000 g (0.3242 g to go, +0.0028 g this cycle), elapsed 445.0 s
[phase 2 fine] cycle 107: mass 0.6792 / 1.0000 g (0.3208 g to go, +0.0034 g this cycle), elapsed 449.0 s
[phase 2 fine] cycle 108: mass 0.6823 / 1.0000 g (0.3177 g to go, +0.0031 g this cycle), elapsed 453.0 s
[phase 2 fine] cycle 109: mass 0.6825 / 1.0000 g (0.3175 g to go, +0.0002 g this cycle), elapsed 457.0 s
[phase 2 fine] cycle 110: mass 0.6841 / 1.0000 g (0.3159 g to go, +0.0016 g this cycle), elapsed 461.0 s
[phase 2 fine] cycle 111: mass 0.6851 / 1.0000 g (0.3149 g to go, +0.0010 g this cycle), elapsed 465.0 s
[phase 2 fine] cycle 112: mass 0.6862 / 1.0000 g (0.3138 g to go, +0.0011 g this cycle), elapsed 469.0 s
[phase 2 fine] cycle 113: mass 0.6881 / 1.0000 g (0.3119 g to go, +0.0019 g this cycle), elapsed 473.0 s
[phase 2 fine] cycle 114: mass 0.6913 / 1.0000 g (0.3087 g to go, +0.0032 g this cycle), elapsed 477.0 s
[phase 2 fine] cycle 115: mass 0.6952 / 1.0000 g (0.3048 g to go, +0.0039 g this cycle), elapsed 481.0 s
[phase 2 fine] cycle 116: mass 0.6986 / 1.0000 g (0.3014 g to go, +0.0034 g this cycle), elapsed 485.0 s
[phase 2 fine] cycle 117: mass 0.6988 / 1.0000 g (0.3012 g to go, +0.0002 g this cycle), elapsed 489.0 s
[phase 2 fine] cycle 118: mass 0.6999 / 1.0000 g (0.3001 g to go, +0.0011 g this cycle), elapsed 493.0 s
[phase 2 fine] cycle 119: mass 0.7010 / 1.0000 g (0.2990 g to go, +0.0011 g this cycle), elapsed 497.0 s
[phase 2 fine] cycle 120: mass 0.7022 / 1.0000 g (0.2978 g to go, +0.0012 g this cycle), elapsed 501.0 s
[phase 2 fine] cycle 121: mass 0.7062 / 1.0000 g (0.2938 g to go, +0.0040 g this cycle), elapsed 505.0 s
[phase 2 fine] cycle 122: mass 0.7084 / 1.0000 g (0.2916 g to go, +0.0022 g this cycle), elapsed 509.0 s
[phase 2 fine] cycle 123: mass 0.7114 / 1.0000 g (0.2886 g to go, +0.0030 g this cycle), elapsed 513.0 s
[phase 2 fine] cycle 124: mass 0.7148 / 1.0000 g (0.2852 g to go, +0.0034 g this cycle), elapsed 517.0 s
[phase 2 fine] cycle 125: mass 0.7149 / 1.0000 g (0.2851 g to go, +0.0001 g this cycle), elapsed 521.0 s
[phase 2 fine] cycle 126: mass 0.7163 / 1.0000 g (0.2837 g to go, +0.0014 g this cycle), elapsed 525.0 s
[phase 2 fine] cycle 127: mass 0.7175 / 1.0000 g (0.2825 g to go, +0.0012 g this cycle), elapsed 529.0 s
[phase 2 fine] cycle 128: mass 0.7188 / 1.0000 g (0.2812 g to go, +0.0013 g this cycle), elapsed 533.0 s
[phase 2 fine] cycle 129: mass 0.7208 / 1.0000 g (0.2792 g to go, +0.0020 g this cycle), elapsed 537.0 s
[phase 2 fine] cycle 130: mass 0.7250 / 1.0000 g (0.2750 g to go, +0.0042 g this cycle), elapsed 541.0 s
[phase 2 fine] cycle 131: mass 0.7276 / 1.0000 g (0.2724 g to go, +0.0026 g this cycle), elapsed 545.0 s
[phase 2 fine] cycle 132: mass 0.7307 / 1.0000 g (0.2693 g to go, +0.0031 g this cycle), elapsed 549.0 s
[phase 2 fine] cycle 133: mass 0.7309 / 1.0000 g (0.2691 g to go, +0.0002 g this cycle), elapsed 553.0 s
[phase 2 fine] cycle 134: mass 0.7321 / 1.0000 g (0.2679 g to go, +0.0012 g this cycle), elapsed 557.0 s
[phase 2 fine] cycle 135: mass 0.7330 / 1.0000 g (0.2670 g to go, +0.0009 g this cycle), elapsed 561.0 s
[phase 2 fine] cycle 136: mass 0.7332 / 1.0000 g (0.2668 g to go, +0.0002 g this cycle), elapsed 565.0 s
[phase 2 fine] cycle 137: mass 0.7370 / 1.0000 g (0.2630 g to go, +0.0038 g this cycle), elapsed 569.0 s
[phase 2 fine] cycle 138: mass 0.7404 / 1.0000 g (0.2596 g to go, +0.0034 g this cycle), elapsed 573.0 s
[phase 2 fine] cycle 139: mass 0.7454 / 1.0000 g (0.2546 g to go, +0.0050 g this cycle), elapsed 577.0 s
[phase 2 fine] cycle 140: mass 0.7469 / 1.0000 g (0.2531 g to go, +0.0015 g this cycle), elapsed 581.0 s
[phase 2 fine] cycle 141: mass 0.7469 / 1.0000 g (0.2531 g to go, +0.0000 g this cycle), elapsed 585.0 s
[phase 2 fine] cycle 142: mass 0.7479 / 1.0000 g (0.2521 g to go, +0.0010 g this cycle), elapsed 589.0 s
[phase 2 fine] cycle 143: mass 0.7489 / 1.0000 g (0.2511 g to go, +0.0010 g this cycle), elapsed 593.0 s
[phase 2 fine] cycle 144: mass 0.7503 / 1.0000 g (0.2497 g to go, +0.0014 g this cycle), elapsed 597.0 s
[phase 2 fine] cycle 145: mass 0.7531 / 1.0000 g (0.2469 g to go, +0.0028 g this cycle), elapsed 601.0 s
[phase 2 fine] cycle 146: mass 0.7561 / 1.0000 g (0.2439 g to go, +0.0030 g this cycle), elapsed 605.0 s
[phase 2 fine] cycle 147: mass 0.7585 / 1.0000 g (0.2415 g to go, +0.0024 g this cycle), elapsed 609.0 s
[phase 2 fine] cycle 148: mass 0.7621 / 1.0000 g (0.2379 g to go, +0.0036 g this cycle), elapsed 613.0 s
[phase 2 fine] cycle 149: mass 0.7626 / 1.0000 g (0.2374 g to go, +0.0005 g this cycle), elapsed 617.0 s
[phase 2 fine] cycle 150: mass 0.7639 / 1.0000 g (0.2361 g to go, +0.0013 g this cycle), elapsed 621.0 s
[phase 2 fine] cycle 151: mass 0.7650 / 1.0000 g (0.2350 g to go, +0.0011 g this cycle), elapsed 625.0 s
[phase 2 fine] cycle 152: mass 0.7662 / 1.0000 g (0.2338 g to go, +0.0012 g this cycle), elapsed 629.0 s
[phase 2 fine] cycle 153: mass 0.7687 / 1.0000 g (0.2313 g to go, +0.0025 g this cycle), elapsed 633.0 s
[phase 2 fine] cycle 154: mass 0.7727 / 1.0000 g (0.2273 g to go, +0.0040 g this cycle), elapsed 637.0 s
[phase 2 fine] cycle 155: mass 0.7766 / 1.0000 g (0.2234 g to go, +0.0039 g this cycle), elapsed 641.0 s
[phase 2 fine] cycle 156: mass 0.7788 / 1.0000 g (0.2212 g to go, +0.0022 g this cycle), elapsed 645.0 s
[phase 2 fine] cycle 157: mass 0.7790 / 1.0000 g (0.2210 g to go, +0.0002 g this cycle), elapsed 649.0 s
[phase 2 fine] cycle 158: mass 0.7802 / 1.0000 g (0.2198 g to go, +0.0012 g this cycle), elapsed 653.0 s
[phase 2 fine] cycle 159: mass 0.7814 / 1.0000 g (0.2186 g to go, +0.0012 g this cycle), elapsed 657.0 s
[phase 2 fine] cycle 160: mass 0.7827 / 1.0000 g (0.2173 g to go, +0.0013 g this cycle), elapsed 661.0 s
[phase 2 fine] cycle 161: mass 0.7855 / 1.0000 g (0.2145 g to go, +0.0028 g this cycle), elapsed 665.0 s
[phase 2 fine] cycle 162: mass 0.7893 / 1.0000 g (0.2107 g to go, +0.0038 g this cycle), elapsed 669.0 s
[phase 2 fine] cycle 163: mass 0.7913 / 1.0000 g (0.2087 g to go, +0.0020 g this cycle), elapsed 673.0 s
[phase 2 fine] cycle 164: mass 0.7945 / 1.0000 g (0.2055 g to go, +0.0032 g this cycle), elapsed 677.0 s
[phase 2 fine] cycle 165: mass 0.7947 / 1.0000 g (0.2053 g to go, +0.0002 g this cycle), elapsed 682.0 s
[phase 2 fine] cycle 166: mass 0.7957 / 1.0000 g (0.2043 g to go, +0.0010 g this cycle), elapsed 686.0 s
[phase 2 fine] cycle 167: mass 0.7967 / 1.0000 g (0.2033 g to go, +0.0010 g this cycle), elapsed 690.0 s
[phase 2 fine] cycle 168: mass 0.7982 / 1.0000 g (0.2018 g to go, +0.0015 g this cycle), elapsed 694.0 s
[phase 2 fine] cycle 169: mass 0.8011 / 1.0000 g (0.1989 g to go, +0.0029 g this cycle), elapsed 698.0 s
[phase 2 fine] cycle 170: mass 0.8035 / 1.0000 g (0.1965 g to go, +0.0024 g this cycle), elapsed 702.0 s
[phase 2 fine] cycle 171: mass 0.8067 / 1.0000 g (0.1933 g to go, +0.0032 g this cycle), elapsed 706.0 s
[phase 2 fine] cycle 172: mass 0.8099 / 1.0000 g (0.1901 g to go, +0.0032 g this cycle), elapsed 710.0 s
[phase 2 fine] cycle 173: mass 0.8101 / 1.0000 g (0.1899 g to go, +0.0002 g this cycle), elapsed 714.0 s
[phase 2 fine] cycle 174: mass 0.8117 / 1.0000 g (0.1883 g to go, +0.0016 g this cycle), elapsed 718.0 s
[phase 2 fine] cycle 175: mass 0.8123 / 1.0000 g (0.1877 g to go, +0.0006 g this cycle), elapsed 722.0 s
[phase 2 fine] cycle 176: mass 0.8135 / 1.0000 g (0.1865 g to go, +0.0012 g this cycle), elapsed 726.0 s
[phase 2 fine] cycle 177: mass 0.8165 / 1.0000 g (0.1835 g to go, +0.0030 g this cycle), elapsed 730.0 s
[phase 2 fine] cycle 178: mass 0.8181 / 1.0000 g (0.1819 g to go, +0.0016 g this cycle), elapsed 734.0 s
[phase 2 fine] cycle 179: mass 0.8207 / 1.0000 g (0.1793 g to go, +0.0026 g this cycle), elapsed 738.0 s
[phase 2 fine] cycle 180: mass 0.8247 / 1.0000 g (0.1753 g to go, +0.0040 g this cycle), elapsed 742.0 s
[phase 2 fine] cycle 181: mass 0.8247 / 1.0000 g (0.1753 g to go, +0.0000 g this cycle), elapsed 746.0 s
[phase 2 fine] cycle 182: mass 0.8259 / 1.0000 g (0.1741 g to go, +0.0012 g this cycle), elapsed 750.0 s
[phase 2 fine] cycle 183: mass 0.8270 / 1.0000 g (0.1730 g to go, +0.0011 g this cycle), elapsed 754.0 s
[phase 2 fine] cycle 184: mass 0.8288 / 1.0000 g (0.1712 g to go, +0.0018 g this cycle), elapsed 758.0 s
[phase 2 fine] cycle 185: mass 0.8310 / 1.0000 g (0.1690 g to go, +0.0022 g this cycle), elapsed 762.0 s
[phase 2 fine] cycle 186: mass 0.8341 / 1.0000 g (0.1659 g to go, +0.0031 g this cycle), elapsed 766.0 s
[phase 2 fine] cycle 187: mass 0.8374 / 1.0000 g (0.1626 g to go, +0.0033 g this cycle), elapsed 770.0 s
[phase 2 fine] cycle 188: mass 0.8406 / 1.0000 g (0.1594 g to go, +0.0032 g this cycle), elapsed 774.0 s
[phase 2 fine] cycle 189: mass 0.8409 / 1.0000 g (0.1591 g to go, +0.0003 g this cycle), elapsed 778.0 s
[phase 2 fine] cycle 190: mass 0.8421 / 1.0000 g (0.1579 g to go, +0.0012 g this cycle), elapsed 782.0 s
[phase 2 fine] cycle 191: mass 0.8423 / 1.0000 g (0.1577 g to go, +0.0002 g this cycle), elapsed 786.0 s
[phase 2 fine] cycle 192: mass 0.8438 / 1.0000 g (0.1562 g to go, +0.0015 g this cycle), elapsed 790.0 s
[phase 2 fine] cycle 193: mass 0.8459 / 1.0000 g (0.1541 g to go, +0.0021 g this cycle), elapsed 794.0 s
[phase 2 fine] cycle 194: mass 0.8486 / 1.0000 g (0.1514 g to go, +0.0027 g this cycle), elapsed 798.0 s
[phase 2 fine] cycle 195: mass 0.8534 / 1.0000 g (0.1466 g to go, +0.0048 g this cycle), elapsed 802.0 s
[phase 2 fine] cycle 196: mass 0.8554 / 1.0000 g (0.1446 g to go, +0.0020 g this cycle), elapsed 806.0 s
[phase 2 fine] cycle 197: mass 0.8562 / 1.0000 g (0.1438 g to go, +0.0008 g this cycle), elapsed 810.0 s
[phase 2 fine] cycle 198: mass 0.8570 / 1.0000 g (0.1430 g to go, +0.0008 g this cycle), elapsed 814.0 s
[phase 2 fine] cycle 199: mass 0.8579 / 1.0000 g (0.1421 g to go, +0.0009 g this cycle), elapsed 818.0 s
[phase 2 fine] cycle 200: mass 0.8597 / 1.0000 g (0.1403 g to go, +0.0018 g this cycle), elapsed 822.0 s
[phase 2 fine] cycle budget (200) exhausted
=== phase 2/3 'fine' end (200 cycles): mass 0.8597 / 1.0000 g (0.1403 g to go, +0.4397 g this phase), elapsed 822.0 s
[dose] done: DoseResult(cycle-budget: 0.8597/1.0000 g in 822.0s; cycles bulk:51, fine:200; 38.75 auger rev, 0 taps)
DOSE,0,1.0000,0.8597,-0.1403,cycle-budget,822.0,38.75,0,bulk:51;fine:200,1223964
PROMPT,dose 1 done -- empty the cup for the next dose, then Enter ('skip'/'abort')
[dose] three-phase dose to 1.0000 g; taring scale
=== phase 1/3 'bulk' start: 1.0000 g to go, exit at 0.5000 g to go; angle 45.0 plate deg, CONTINUOUS @ 55 auger rpm (poll 250 ms, anticipation 0.1200 g), settle 800 ms
[phase 1 bulk] poll 1: mass 0.0000 / 1.0000 g (1.0000 g to go, +0.0000 g this poll), elapsed 2.0 s
[phase 1 bulk] poll 2: mass 0.0000 / 1.0000 g (1.0000 g to go, +0.0000 g this poll), elapsed 2.0 s
[phase 1 bulk] poll 3: mass 0.0000 / 1.0000 g (1.0000 g to go, +0.0000 g this poll), elapsed 2.0 s
[phase 1 bulk] poll 4 (unstable): mass 0.0097 / 1.0000 g (0.9903 g to go, +0.0097 g this poll), elapsed 3.0 s
[phase 1 bulk] poll 5 (unstable): mass 0.0166 / 1.0000 g (0.9834 g to go, +0.0069 g this poll), elapsed 3.0 s
[phase 1 bulk] poll 6 (unstable): mass 0.0169 / 1.0000 g (0.9831 g to go, +0.0003 g this poll), elapsed 3.0 s
[phase 1 bulk] poll 7 (unstable): mass 0.0215 / 1.0000 g (0.9785 g to go, +0.0046 g this poll), elapsed 4.0 s
[phase 1 bulk] poll 8 (unstable): mass 0.0312 / 1.0000 g (0.9688 g to go, +0.0097 g this poll), elapsed 4.0 s
[phase 1 bulk] poll 9 (unstable): mass 0.0354 / 1.0000 g (0.9646 g to go, +0.0042 g this poll), elapsed 4.0 s
[phase 1 bulk] poll 10 (unstable): mass 0.0362 / 1.0000 g (0.9638 g to go, +0.0008 g this poll), elapsed 4.0 s
[phase 1 bulk] poll 11 (unstable): mass 0.0416 / 1.0000 g (0.9584 g to go, +0.0054 g this poll), elapsed 5.0 s
[phase 1 bulk] poll 12 (unstable): mass 0.0515 / 1.0000 g (0.9485 g to go, +0.0099 g this poll), elapsed 5.0 s
[phase 1 bulk] poll 13 (unstable): mass 0.0565 / 1.0000 g (0.9435 g to go, +0.0050 g this poll), elapsed 5.0 s
[phase 1 bulk] poll 14 (unstable): mass 0.0654 / 1.0000 g (0.9346 g to go, +0.0089 g this poll), elapsed 6.0 s
[phase 1 bulk] poll 15 (unstable): mass 0.0863 / 1.0000 g (0.9137 g to go, +0.0209 g this poll), elapsed 6.0 s
[phase 1 bulk] poll 16 (unstable): mass 0.0981 / 1.0000 g (0.9019 g to go, +0.0118 g this poll), elapsed 6.0 s
[phase 1 bulk] poll 17 (unstable): mass 0.0990 / 1.0000 g (0.9010 g to go, +0.0009 g this poll), elapsed 6.0 s
[phase 1 bulk] poll 18 (unstable): mass 0.1111 / 1.0000 g (0.8889 g to go, +0.0121 g this poll), elapsed 7.0 s
[phase 1 bulk] poll 19 (unstable): mass 0.1307 / 1.0000 g (0.8693 g to go, +0.0196 g this poll), elapsed 7.0 s
[phase 1 bulk] poll 20 (unstable): mass 0.1384 / 1.0000 g (0.8616 g to go, +0.0077 g this poll), elapsed 7.0 s
[phase 1 bulk] poll 21 (unstable): mass 0.1396 / 1.0000 g (0.8604 g to go, +0.0012 g this poll), elapsed 8.0 s
[phase 1 bulk] poll 22 (unstable): mass 0.1501 / 1.0000 g (0.8499 g to go, +0.0105 g this poll), elapsed 8.0 s
[phase 1 bulk] poll 23 (unstable): mass 0.1675 / 1.0000 g (0.8325 g to go, +0.0174 g this poll), elapsed 8.0 s
[phase 1 bulk] poll 24 (unstable): mass 0.1750 / 1.0000 g (0.8250 g to go, +0.0075 g this poll), elapsed 8.0 s
[phase 1 bulk] poll 25 (unstable): mass 0.1780 / 1.0000 g (0.8220 g to go, +0.0030 g this poll), elapsed 9.0 s
[phase 1 bulk] poll 26 (unstable): mass 0.1980 / 1.0000 g (0.8020 g to go, +0.0200 g this poll), elapsed 9.0 s
[phase 1 bulk] poll 27 (unstable): mass 0.2162 / 1.0000 g (0.7838 g to go, +0.0182 g this poll), elapsed 9.0 s
[phase 1 bulk] poll 28 (unstable): mass 0.2200 / 1.0000 g (0.7800 g to go, +0.0038 g this poll), elapsed 10.0 s
[phase 1 bulk] poll 29 (unstable): mass 0.2240 / 1.0000 g (0.7760 g to go, +0.0040 g this poll), elapsed 10.0 s
[phase 1 bulk] poll 30 (unstable): mass 0.2402 / 1.0000 g (0.7598 g to go, +0.0162 g this poll), elapsed 10.0 s
[phase 1 bulk] poll 31 (unstable): mass 0.2556 / 1.0000 g (0.7444 g to go, +0.0154 g this poll), elapsed 10.0 s
[phase 1 bulk] poll 32 (unstable): mass 0.2585 / 1.0000 g (0.7415 g to go, +0.0029 g this poll), elapsed 11.0 s
[phase 1 bulk] poll 33 (unstable): mass 0.2646 / 1.0000 g (0.7354 g to go, +0.0061 g this poll), elapsed 11.0 s
[phase 1 bulk] poll 34 (unstable): mass 0.2762 / 1.0000 g (0.7238 g to go, +0.0116 g this poll), elapsed 11.0 s
[phase 1 bulk] poll 35 (unstable): mass 0.2870 / 1.0000 g (0.7130 g to go, +0.0108 g this poll), elapsed 12.0 s
[phase 1 bulk] poll 36 (unstable): mass 0.2898 / 1.0000 g (0.7102 g to go, +0.0028 g this poll), elapsed 12.0 s
[phase 1 bulk] poll 37 (unstable): mass 0.2974 / 1.0000 g (0.7026 g to go, +0.0076 g this poll), elapsed 12.0 s
[phase 1 bulk] poll 38 (unstable): mass 0.3078 / 1.0000 g (0.6922 g to go, +0.0104 g this poll), elapsed 12.0 s
[phase 1 bulk] poll 39 (unstable): mass 0.3169 / 1.0000 g (0.6831 g to go, +0.0091 g this poll), elapsed 13.0 s
[phase 1 bulk] poll 40 (unstable): mass 0.3189 / 1.0000 g (0.6811 g to go, +0.0020 g this poll), elapsed 13.0 s
[phase 1 bulk] poll 41 (unstable): mass 0.3298 / 1.0000 g (0.6702 g to go, +0.0109 g this poll), elapsed 13.0 s
[phase 1 bulk] poll 42 (unstable): mass 0.3419 / 1.0000 g (0.6581 g to go, +0.0121 g this poll), elapsed 14.0 s
[phase 1 bulk] poll 43 (unstable): mass 0.3471 / 1.0000 g (0.6529 g to go, +0.0052 g this poll), elapsed 14.0 s
[phase 1 bulk] poll 44 (unstable): mass 0.3490 / 1.0000 g (0.6510 g to go, +0.0019 g this poll), elapsed 14.0 s
[phase 1 bulk] poll 45 (unstable): mass 0.3577 / 1.0000 g (0.6423 g to go, +0.0087 g this poll), elapsed 14.0 s
[phase 1 bulk] poll 46 (unstable): mass 0.3723 / 1.0000 g (0.6277 g to go, +0.0146 g this poll), elapsed 15.0 s
[phase 1 bulk] poll 47 (unstable): mass 0.3765 / 1.0000 g (0.6235 g to go, +0.0042 g this poll), elapsed 15.0 s
[phase 1 bulk] poll 48 (unstable): mass 0.3840 / 1.0000 g (0.6160 g to go, +0.0075 g this poll), elapsed 15.0 s
[phase 1 bulk] auger halted at 0.6160 g to go (halt threshold 0.6200 g); settling 800 ms
[phase 1 bulk] settled: mass 0.4212 / 1.0000 g (0.5788 g to go, +0.0372 g while settling), elapsed 17.0 s
=== phase 1/3 'bulk' end (48 cycles): mass 0.4212 / 1.0000 g (0.5788 g to go, +0.4212 g this phase), elapsed 17.0 s
=== phase 2/3 'fine' start: 0.5788 g to go, exit at 0.0500 g to go; angle 22.5 plate deg, 45 auger deg/cycle @ 30 rpm, 0 taps/cycle, settle 1500 ms
[phase 2 fine] cycle 1: mass 0.4215 / 1.0000 g (0.5785 g to go, +0.0003 g this cycle), elapsed 22.0 s
[phase 2 fine] cycle 2: mass 0.4227 / 1.0000 g (0.5773 g to go, +0.0012 g this cycle), elapsed 26.0 s
[phase 2 fine] cycle 3: mass 0.4247 / 1.0000 g (0.5753 g to go, +0.0020 g this cycle), elapsed 30.0 s
[phase 2 fine] cycle 4: mass 0.4305 / 1.0000 g (0.5695 g to go, +0.0058 g this cycle), elapsed 34.0 s
[phase 2 fine] cycle 5: mass 0.4354 / 1.0000 g (0.5646 g to go, +0.0049 g this cycle), elapsed 38.0 s
[phase 2 fine] cycle 6: mass 0.4398 / 1.0000 g (0.5602 g to go, +0.0044 g this cycle), elapsed 42.0 s
[phase 2 fine] cycle 7: mass 0.4437 / 1.0000 g (0.5563 g to go, +0.0039 g this cycle), elapsed 46.0 s
[phase 2 fine] cycle 8: mass 0.4438 / 1.0000 g (0.5562 g to go, +0.0001 g this cycle), elapsed 50.0 s
[phase 2 fine] cycle 9: mass 0.4447 / 1.0000 g (0.5553 g to go, +0.0009 g this cycle), elapsed 54.0 s
[phase 2 fine] cycle 10: mass 0.4462 / 1.0000 g (0.5538 g to go, +0.0015 g this cycle), elapsed 58.0 s
[phase 2 fine] cycle 11: mass 0.4476 / 1.0000 g (0.5524 g to go, +0.0014 g this cycle), elapsed 62.0 s
[phase 2 fine] cycle 12: mass 0.4521 / 1.0000 g (0.5479 g to go, +0.0045 g this cycle), elapsed 66.0 s
[phase 2 fine] cycle 13: mass 0.4584 / 1.0000 g (0.5416 g to go, +0.0063 g this cycle), elapsed 70.0 s
[phase 2 fine] cycle 14: mass 0.4629 / 1.0000 g (0.5371 g to go, +0.0045 g this cycle), elapsed 74.0 s
[phase 2 fine] cycle 15: mass 0.4665 / 1.0000 g (0.5335 g to go, +0.0036 g this cycle), elapsed 78.0 s
[phase 2 fine] cycle 16: mass 0.4670 / 1.0000 g (0.5330 g to go, +0.0005 g this cycle), elapsed 82.0 s
[phase 2 fine] cycle 17: mass 0.4681 / 1.0000 g (0.5319 g to go, +0.0011 g this cycle), elapsed 86.0 s
[phase 2 fine] cycle 18: mass 0.4690 / 1.0000 g (0.5310 g to go, +0.0009 g this cycle), elapsed 90.0 s
[phase 2 fine] cycle 19: mass 0.4713 / 1.0000 g (0.5287 g to go, +0.0023 g this cycle), elapsed 94.0 s
[phase 2 fine] cycle 20: mass 0.4741 / 1.0000 g (0.5259 g to go, +0.0028 g this cycle), elapsed 98.0 s
[phase 2 fine] cycle 21: mass 0.4779 / 1.0000 g (0.5221 g to go, +0.0038 g this cycle), elapsed 102.0 s
[phase 2 fine] cycle 22: mass 0.4829 / 1.0000 g (0.5171 g to go, +0.0050 g this cycle), elapsed 106.0 s
[phase 2 fine] cycle 23: mass 0.4849 / 1.0000 g (0.5151 g to go, +0.0020 g this cycle), elapsed 110.0 s
[phase 2 fine] cycle 24: mass 0.4856 / 1.0000 g (0.5144 g to go, +0.0007 g this cycle), elapsed 114.0 s
[phase 2 fine] cycle 25: mass 0.4858 / 1.0000 g (0.5142 g to go, +0.0002 g this cycle), elapsed 118.0 s
[phase 2 fine] cycle 26: mass 0.4873 / 1.0000 g (0.5127 g to go, +0.0015 g this cycle), elapsed 122.0 s
[phase 2 fine] cycle 27: mass 0.4894 / 1.0000 g (0.5106 g to go, +0.0021 g this cycle), elapsed 126.0 s
[phase 2 fine] cycle 28: mass 0.4949 / 1.0000 g (0.5051 g to go, +0.0055 g this cycle), elapsed 130.0 s
[phase 2 fine] cycle 29: mass 0.4987 / 1.0000 g (0.5013 g to go, +0.0038 g this cycle), elapsed 134.0 s
[phase 2 fine] cycle 30: mass 0.5036 / 1.0000 g (0.4964 g to go, +0.0049 g this cycle), elapsed 138.0 s
[phase 2 fine] cycle 31: mass 0.5059 / 1.0000 g (0.4941 g to go, +0.0023 g this cycle), elapsed 142.0 s
[phase 2 fine] cycle 32: mass 0.5064 / 1.0000 g (0.4936 g to go, +0.0005 g this cycle), elapsed 146.0 s
[phase 2 fine] cycle 33: mass 0.5071 / 1.0000 g (0.4929 g to go, +0.0007 g this cycle), elapsed 150.0 s
[phase 2 fine] cycle 34: mass 0.5084 / 1.0000 g (0.4916 g to go, +0.0013 g this cycle), elapsed 154.0 s
[phase 2 fine] cycle 35: mass 0.5099 / 1.0000 g (0.4901 g to go, +0.0015 g this cycle), elapsed 158.0 s
[phase 2 fine] cycle 36: mass 0.5153 / 1.0000 g (0.4847 g to go, +0.0054 g this cycle), elapsed 162.0 s
[phase 2 fine] cycle 37: mass 0.5182 / 1.0000 g (0.4818 g to go, +0.0029 g this cycle), elapsed 166.0 s
[phase 2 fine] cycle 38: mass 0.5224 / 1.0000 g (0.4776 g to go, +0.0042 g this cycle), elapsed 171.0 s
[phase 2 fine] cycle 39: mass 0.5254 / 1.0000 g (0.4746 g to go, +0.0030 g this cycle), elapsed 175.0 s
[phase 2 fine] cycle 40: mass 0.5261 / 1.0000 g (0.4739 g to go, +0.0007 g this cycle), elapsed 179.0 s
[phase 2 fine] cycle 41: mass 0.5261 / 1.0000 g (0.4739 g to go, +0.0000 g this cycle), elapsed 183.0 s
[phase 2 fine] cycle 42: mass 0.5274 / 1.0000 g (0.4726 g to go, +0.0013 g this cycle), elapsed 187.0 s
[phase 2 fine] cycle 43: mass 0.5292 / 1.0000 g (0.4708 g to go, +0.0018 g this cycle), elapsed 191.0 s
[phase 2 fine] cycle 44: mass 0.5325 / 1.0000 g (0.4675 g to go, +0.0033 g this cycle), elapsed 195.0 s
[phase 2 fine] cycle 45: mass 0.5342 / 1.0000 g (0.4658 g to go, +0.0017 g this cycle), elapsed 199.0 s
[phase 2 fine] cycle 46: mass 0.5357 / 1.0000 g (0.4643 g to go, +0.0015 g this cycle), elapsed 203.0 s
[phase 2 fine] cycle 47: mass 0.5414 / 1.0000 g (0.4586 g to go, +0.0057 g this cycle), elapsed 207.0 s
[phase 2 fine] cycle 48: mass 0.5420 / 1.0000 g (0.4580 g to go, +0.0006 g this cycle), elapsed 211.0 s
[phase 2 fine] cycle 49: mass 0.5427 / 1.0000 g (0.4573 g to go, +0.0007 g this cycle), elapsed 215.0 s
[phase 2 fine] cycle 50: mass 0.5433 / 1.0000 g (0.4567 g to go, +0.0006 g this cycle), elapsed 219.0 s
[phase 2 fine] cycle 51: mass 0.5445 / 1.0000 g (0.4555 g to go, +0.0012 g this cycle), elapsed 223.0 s
[phase 2 fine] cycle 52: mass 0.5475 / 1.0000 g (0.4525 g to go, +0.0030 g this cycle), elapsed 227.0 s
[phase 2 fine] cycle 53: mass 0.5515 / 1.0000 g (0.4485 g to go, +0.0040 g this cycle), elapsed 231.0 s
[phase 2 fine] cycle 54: mass 0.5569 / 1.0000 g (0.4431 g to go, +0.0054 g this cycle), elapsed 235.0 s
[phase 2 fine] cycle 55: mass 0.5584 / 1.0000 g (0.4416 g to go, +0.0015 g this cycle), elapsed 239.0 s
[phase 2 fine] cycle 56: mass 0.5593 / 1.0000 g (0.4407 g to go, +0.0009 g this cycle), elapsed 243.0 s
[phase 2 fine] cycle 57: mass 0.5602 / 1.0000 g (0.4398 g to go, +0.0009 g this cycle), elapsed 247.0 s
[phase 2 fine] cycle 58: mass 0.5612 / 1.0000 g (0.4388 g to go, +0.0010 g this cycle), elapsed 251.0 s
[phase 2 fine] cycle 59: mass 0.5626 / 1.0000 g (0.4374 g to go, +0.0014 g this cycle), elapsed 255.0 s
[phase 2 fine] cycle 60: mass 0.5657 / 1.0000 g (0.4343 g to go, +0.0031 g this cycle), elapsed 259.0 s
[phase 2 fine] cycle 61: mass 0.5670 / 1.0000 g (0.4330 g to go, +0.0013 g this cycle), elapsed 263.0 s
[phase 2 fine] cycle 62: mass 0.5702 / 1.0000 g (0.4298 g to go, +0.0032 g this cycle), elapsed 267.0 s
[phase 2 fine] cycle 63: mass 0.5741 / 1.0000 g (0.4259 g to go, +0.0039 g this cycle), elapsed 271.0 s
[phase 2 fine] cycle 64: mass 0.5749 / 1.0000 g (0.4251 g to go, +0.0008 g this cycle), elapsed 275.0 s
[phase 2 fine] cycle 65: mass 0.5758 / 1.0000 g (0.4242 g to go, +0.0009 g this cycle), elapsed 279.0 s
[phase 2 fine] cycle 66: mass 0.5768 / 1.0000 g (0.4232 g to go, +0.0010 g this cycle), elapsed 283.0 s
[phase 2 fine] cycle 67: mass 0.5782 / 1.0000 g (0.4218 g to go, +0.0014 g this cycle), elapsed 287.0 s
[phase 2 fine] cycle 68: mass 0.5813 / 1.0000 g (0.4187 g to go, +0.0031 g this cycle), elapsed 291.0 s
[phase 2 fine] cycle 69: mass 0.5843 / 1.0000 g (0.4157 g to go, +0.0030 g this cycle), elapsed 295.0 s
[phase 2 fine] cycle 70: mass 0.5867 / 1.0000 g (0.4133 g to go, +0.0024 g this cycle), elapsed 299.0 s
[phase 2 fine] cycle 71: mass 0.5906 / 1.0000 g (0.4094 g to go, +0.0039 g this cycle), elapsed 303.0 s
[phase 2 fine] cycle 72: mass 0.5907 / 1.0000 g (0.4093 g to go, +0.0001 g this cycle), elapsed 307.0 s
[phase 2 fine] cycle 73: mass 0.5916 / 1.0000 g (0.4084 g to go, +0.0009 g this cycle), elapsed 311.0 s
[phase 2 fine] cycle 74: mass 0.5933 / 1.0000 g (0.4067 g to go, +0.0017 g this cycle), elapsed 315.0 s
[phase 2 fine] cycle 75: mass 0.5946 / 1.0000 g (0.4054 g to go, +0.0013 g this cycle), elapsed 319.0 s
[phase 2 fine] cycle 76: mass 0.5985 / 1.0000 g (0.4015 g to go, +0.0039 g this cycle), elapsed 323.0 s
[phase 2 fine] cycle 77: mass 0.5997 / 1.0000 g (0.4003 g to go, +0.0012 g this cycle), elapsed 327.0 s
[phase 2 fine] cycle 78: mass 0.6024 / 1.0000 g (0.3976 g to go, +0.0027 g this cycle), elapsed 331.0 s
[phase 2 fine] cycle 79: mass 0.6063 / 1.0000 g (0.3937 g to go, +0.0039 g this cycle), elapsed 335.0 s
[phase 2 fine] cycle 80: mass 0.6064 / 1.0000 g (0.3936 g to go, +0.0001 g this cycle), elapsed 339.0 s
[phase 2 fine] cycle 81: mass 0.6075 / 1.0000 g (0.3925 g to go, +0.0011 g this cycle), elapsed 343.0 s
[phase 2 fine] cycle 82: mass 0.6095 / 1.0000 g (0.3905 g to go, +0.0020 g this cycle), elapsed 347.0 s
[phase 2 fine] cycle 83: mass 0.6113 / 1.0000 g (0.3887 g to go, +0.0018 g this cycle), elapsed 351.0 s
[phase 2 fine] cycle 84: mass 0.6159 / 1.0000 g (0.3841 g to go, +0.0046 g this cycle), elapsed 356.0 s
[phase 2 fine] cycle 85: mass 0.6191 / 1.0000 g (0.3809 g to go, +0.0032 g this cycle), elapsed 360.0 s
[phase 2 fine] cycle 86: mass 0.6213 / 1.0000 g (0.3787 g to go, +0.0022 g this cycle), elapsed 364.0 s
[phase 2 fine] cycle 87: mass 0.6264 / 1.0000 g (0.3736 g to go, +0.0051 g this cycle), elapsed 368.0 s
[phase 2 fine] cycle 88: mass 0.6264 / 1.0000 g (0.3736 g to go, +0.0000 g this cycle), elapsed 372.0 s
[phase 2 fine] cycle 89: mass 0.6277 / 1.0000 g (0.3723 g to go, +0.0013 g this cycle), elapsed 376.0 s
[phase 2 fine] cycle 90: mass 0.6285 / 1.0000 g (0.3715 g to go, +0.0008 g this cycle), elapsed 380.0 s
[phase 2 fine] cycle 91: mass 0.6294 / 1.0000 g (0.3706 g to go, +0.0009 g this cycle), elapsed 384.0 s
[phase 2 fine] cycle 92: mass 0.6321 / 1.0000 g (0.3679 g to go, +0.0027 g this cycle), elapsed 388.0 s
[phase 2 fine] cycle 93: mass 0.6348 / 1.0000 g (0.3652 g to go, +0.0027 g this cycle), elapsed 392.0 s
[phase 2 fine] cycle 94: mass 0.6390 / 1.0000 g (0.3610 g to go, +0.0042 g this cycle), elapsed 396.0 s
[phase 2 fine] cycle 95: mass 0.6412 / 1.0000 g (0.3588 g to go, +0.0022 g this cycle), elapsed 400.0 s
[phase 2 fine] cycle 96: mass 0.6419 / 1.0000 g (0.3581 g to go, +0.0007 g this cycle), elapsed 404.0 s
[phase 2 fine] cycle 97: mass 0.6426 / 1.0000 g (0.3574 g to go, +0.0007 g this cycle), elapsed 408.0 s
[phase 2 fine] cycle 98: mass 0.6440 / 1.0000 g (0.3560 g to go, +0.0014 g this cycle), elapsed 412.0 s
[phase 2 fine] cycle 99: mass 0.6451 / 1.0000 g (0.3549 g to go, +0.0011 g this cycle), elapsed 416.0 s
[phase 2 fine] cycle 100: mass 0.6477 / 1.0000 g (0.3523 g to go, +0.0026 g this cycle), elapsed 420.0 s
[phase 2 fine] cycle 101: mass 0.6484 / 1.0000 g (0.3516 g to go, +0.0007 g this cycle), elapsed 424.0 s
[phase 2 fine] cycle 102: mass 0.6496 / 1.0000 g (0.3504 g to go, +0.0012 g this cycle), elapsed 428.0 s
[phase 2 fine] cycle 103: mass 0.6534 / 1.0000 g (0.3466 g to go, +0.0038 g this cycle), elapsed 434.0 s
[phase 2 fine] cycle 104: mass 0.6541 / 1.0000 g (0.3459 g to go, +0.0007 g this cycle), elapsed 438.0 s
[phase 2 fine] cycle 105: mass 0.6548 / 1.0000 g (0.3452 g to go, +0.0007 g this cycle), elapsed 442.0 s
[phase 2 fine] cycle 106: mass 0.6559 / 1.0000 g (0.3441 g to go, +0.0011 g this cycle), elapsed 447.0 s
[phase 2 fine] cycle 107: mass 0.6574 / 1.0000 g (0.3426 g to go, +0.0015 g this cycle), elapsed 451.0 s
[phase 2 fine] cycle 108: mass 0.6605 / 1.0000 g (0.3395 g to go, +0.0031 g this cycle), elapsed 455.0 s
[phase 2 fine] cycle 109: mass 0.6630 / 1.0000 g (0.3370 g to go, +0.0025 g this cycle), elapsed 459.0 s
[phase 2 fine] cycle 110: mass 0.6645 / 1.0000 g (0.3355 g to go, +0.0015 g this cycle), elapsed 463.0 s
[phase 2 fine] cycle 111: mass 0.6683 / 1.0000 g (0.3317 g to go, +0.0038 g this cycle), elapsed 467.0 s
[phase 2 fine] cycle 112: mass 0.6687 / 1.0000 g (0.3313 g to go, +0.0004 g this cycle), elapsed 471.0 s
[phase 2 fine] cycle 113: mass 0.6696 / 1.0000 g (0.3304 g to go, +0.0009 g this cycle), elapsed 475.0 s
[phase 2 fine] cycle 114: mass 0.6707 / 1.0000 g (0.3293 g to go, +0.0011 g this cycle), elapsed 479.0 s
[phase 2 fine] cycle 115: mass 0.6720 / 1.0000 g (0.3280 g to go, +0.0013 g this cycle), elapsed 483.0 s
[phase 2 fine] cycle 116: mass 0.6753 / 1.0000 g (0.3247 g to go, +0.0033 g this cycle), elapsed 487.0 s
[phase 2 fine] cycle 117: mass 0.6768 / 1.0000 g (0.3232 g to go, +0.0015 g this cycle), elapsed 491.0 s
[phase 2 fine] cycle 118: mass 0.6794 / 1.0000 g (0.3206 g to go, +0.0026 g this cycle), elapsed 495.0 s
[phase 2 fine] cycle 119: mass 0.6826 / 1.0000 g (0.3174 g to go, +0.0032 g this cycle), elapsed 499.0 s
[phase 2 fine] cycle 120: mass 0.6832 / 1.0000 g (0.3168 g to go, +0.0006 g this cycle), elapsed 503.0 s
[phase 2 fine] cycle 121: mass 0.6844 / 1.0000 g (0.3156 g to go, +0.0012 g this cycle), elapsed 507.0 s
[phase 2 fine] cycle 122: mass 0.6855 / 1.0000 g (0.3145 g to go, +0.0011 g this cycle), elapsed 511.0 s
[phase 2 fine] cycle 123: mass 0.6866 / 1.0000 g (0.3134 g to go, +0.0011 g this cycle), elapsed 515.0 s
[phase 2 fine] cycle 124: mass 0.6900 / 1.0000 g (0.3100 g to go, +0.0034 g this cycle), elapsed 519.0 s
[phase 2 fine] cycle 125: mass 0.6912 / 1.0000 g (0.3088 g to go, +0.0012 g this cycle), elapsed 523.0 s
[phase 2 fine] cycle 126: mass 0.6931 / 1.0000 g (0.3069 g to go, +0.0019 g this cycle), elapsed 527.0 s
[phase 2 fine] cycle 127: mass 0.6978 / 1.0000 g (0.3022 g to go, +0.0047 g this cycle), elapsed 531.0 s
[phase 2 fine] cycle 128: mass 0.6980 / 1.0000 g (0.3020 g to go, +0.0002 g this cycle), elapsed 535.0 s
[phase 2 fine] cycle 129: mass 0.6989 / 1.0000 g (0.3011 g to go, +0.0009 g this cycle), elapsed 539.0 s
[phase 2 fine] cycle 130: mass 0.7001 / 1.0000 g (0.2999 g to go, +0.0012 g this cycle), elapsed 543.0 s
[phase 2 fine] cycle 131: mass 0.7007 / 1.0000 g (0.2993 g to go, +0.0006 g this cycle), elapsed 547.0 s
[phase 2 fine] cycle 132: mass 0.7037 / 1.0000 g (0.2963 g to go, +0.0030 g this cycle), elapsed 551.0 s
[phase 2 fine] cycle 133: mass 0.7057 / 1.0000 g (0.2943 g to go, +0.0020 g this cycle), elapsed 555.0 s
[phase 2 fine] cycle 134: mass 0.7099 / 1.0000 g (0.2901 g to go, +0.0042 g this cycle), elapsed 559.0 s
[phase 2 fine] cycle 135: mass 0.7120 / 1.0000 g (0.2880 g to go, +0.0021 g this cycle), elapsed 563.0 s
[phase 2 fine] cycle 136: mass 0.7128 / 1.0000 g (0.2872 g to go, +0.0008 g this cycle), elapsed 567.0 s
[phase 2 fine] cycle 137: mass 0.7138 / 1.0000 g (0.2862 g to go, +0.0010 g this cycle), elapsed 571.0 s
[phase 2 fine] cycle 138: mass 0.7147 / 1.0000 g (0.2853 g to go, +0.0009 g this cycle), elapsed 575.0 s
[phase 2 fine] cycle 139: mass 0.7159 / 1.0000 g (0.2841 g to go, +0.0012 g this cycle), elapsed 579.0 s
[phase 2 fine] cycle 140: mass 0.7196 / 1.0000 g (0.2804 g to go, +0.0037 g this cycle), elapsed 583.0 s
[phase 2 fine] cycle 141: mass 0.7232 / 1.0000 g (0.2768 g to go, +0.0036 g this cycle), elapsed 587.0 s
[phase 2 fine] cycle 142: mass 0.7271 / 1.0000 g (0.2729 g to go, +0.0039 g this cycle), elapsed 591.0 s
[phase 2 fine] cycle 143: mass 0.7295 / 1.0000 g (0.2705 g to go, +0.0024 g this cycle), elapsed 595.0 s
[phase 2 fine] cycle 144: mass 0.7297 / 1.0000 g (0.2703 g to go, +0.0002 g this cycle), elapsed 599.0 s
[phase 2 fine] cycle 145: mass 0.7300 / 1.0000 g (0.2700 g to go, +0.0003 g this cycle), elapsed 603.0 s
[phase 2 fine] cycle 146: mass 0.7312 / 1.0000 g (0.2688 g to go, +0.0012 g this cycle), elapsed 607.0 s
[phase 2 fine] cycle 147: mass 0.7324 / 1.0000 g (0.2676 g to go, +0.0012 g this cycle), elapsed 611.0 s
[phase 2 fine] cycle 148: mass 0.7352 / 1.0000 g (0.2648 g to go, +0.0028 g this cycle), elapsed 615.0 s
[phase 2 fine] cycle 149: mass 0.7374 / 1.0000 g (0.2626 g to go, +0.0022 g this cycle), elapsed 619.0 s
[phase 2 fine] cycle 150: mass 0.7390 / 1.0000 g (0.2610 g to go, +0.0016 g this cycle), elapsed 623.0 s
[phase 2 fine] cycle 151: mass 0.7421 / 1.0000 g (0.2579 g to go, +0.0031 g this cycle), elapsed 627.0 s
[phase 2 fine] cycle 152: mass 0.7430 / 1.0000 g (0.2570 g to go, +0.0009 g this cycle), elapsed 631.0 s
[phase 2 fine] cycle 153: mass 0.7439 / 1.0000 g (0.2561 g to go, +0.0009 g this cycle), elapsed 635.0 s
[phase 2 fine] cycle 154: mass 0.7451 / 1.0000 g (0.2549 g to go, +0.0012 g this cycle), elapsed 639.0 s
[phase 2 fine] cycle 155: mass 0.7468 / 1.0000 g (0.2532 g to go, +0.0017 g this cycle), elapsed 643.0 s
[phase 2 fine] cycle 156: mass 0.7496 / 1.0000 g (0.2504 g to go, +0.0028 g this cycle), elapsed 647.0 s
[phase 2 fine] cycle 157: mass 0.7506 / 1.0000 g (0.2494 g to go, +0.0010 g this cycle), elapsed 651.0 s
[phase 2 fine] cycle 158: mass 0.7513 / 1.0000 g (0.2487 g to go, +0.0007 g this cycle), elapsed 655.0 s
[phase 2 fine] cycle 159: mass 0.7564 / 1.0000 g (0.2436 g to go, +0.0051 g this cycle), elapsed 659.0 s
[phase 2 fine] cycle 160: mass 0.7566 / 1.0000 g (0.2434 g to go, +0.0002 g this cycle), elapsed 663.0 s
[phase 2 fine] cycle 161: mass 0.7576 / 1.0000 g (0.2424 g to go, +0.0010 g this cycle), elapsed 667.0 s
[phase 2 fine] cycle 162: mass 0.7587 / 1.0000 g (0.2413 g to go, +0.0011 g this cycle), elapsed 671.0 s
[phase 2 fine] cycle 163: mass 0.7595 / 1.0000 g (0.2405 g to go, +0.0008 g this cycle), elapsed 675.0 s
[phase 2 fine] cycle 164: mass 0.7637 / 1.0000 g (0.2363 g to go, +0.0042 g this cycle), elapsed 679.0 s
[phase 2 fine] cycle 165: mass 0.7678 / 1.0000 g (0.2322 g to go, +0.0041 g this cycle), elapsed 683.0 s
[phase 2 fine] cycle 166: mass 0.7715 / 1.0000 g (0.2285 g to go, +0.0037 g this cycle), elapsed 687.0 s
[phase 2 fine] cycle 167: mass 0.7746 / 1.0000 g (0.2254 g to go, +0.0031 g this cycle), elapsed 691.0 s
[phase 2 fine] cycle 168: mass 0.7754 / 1.0000 g (0.2246 g to go, +0.0008 g this cycle), elapsed 696.0 s
[phase 2 fine] cycle 169: mass 0.7756 / 1.0000 g (0.2244 g to go, +0.0002 g this cycle), elapsed 700.0 s
[phase 2 fine] cycle 170: mass 0.7768 / 1.0000 g (0.2232 g to go, +0.0012 g this cycle), elapsed 704.0 s
[phase 2 fine] cycle 171: mass 0.7784 / 1.0000 g (0.2216 g to go, +0.0016 g this cycle), elapsed 708.0 s
[phase 2 fine] cycle 172: mass 0.7818 / 1.0000 g (0.2182 g to go, +0.0034 g this cycle), elapsed 712.0 s
[phase 2 fine] cycle 173: mass 0.7843 / 1.0000 g (0.2157 g to go, +0.0025 g this cycle), elapsed 716.0 s
[phase 2 fine] cycle 174: mass 0.7858 / 1.0000 g (0.2142 g to go, +0.0015 g this cycle), elapsed 720.0 s
[phase 2 fine] cycle 175: mass 0.7902 / 1.0000 g (0.2098 g to go, +0.0044 g this cycle), elapsed 724.0 s
[phase 2 fine] cycle 176: mass 0.7910 / 1.0000 g (0.2090 g to go, +0.0008 g this cycle), elapsed 728.0 s
[phase 2 fine] cycle 177: mass 0.7920 / 1.0000 g (0.2080 g to go, +0.0010 g this cycle), elapsed 732.0 s
[phase 2 fine] cycle 178: mass 0.7930 / 1.0000 g (0.2070 g to go, +0.0010 g this cycle), elapsed 736.0 s
[phase 2 fine] cycle 179: mass 0.7945 / 1.0000 g (0.2055 g to go, +0.0015 g this cycle), elapsed 740.0 s
[phase 2 fine] cycle 180: mass 0.7966 / 1.0000 g (0.2034 g to go, +0.0021 g this cycle), elapsed 744.0 s
[phase 2 fine] cycle 181: mass 0.7998 / 1.0000 g (0.2002 g to go, +0.0032 g this cycle), elapsed 748.0 s
[phase 2 fine] cycle 182: mass 0.8021 / 1.0000 g (0.1979 g to go, +0.0023 g this cycle), elapsed 752.0 s
[phase 2 fine] cycle 183: mass 0.8050 / 1.0000 g (0.1950 g to go, +0.0029 g this cycle), elapsed 756.0 s
[phase 2 fine] cycle 184: mass 0.8058 / 1.0000 g (0.1942 g to go, +0.0008 g this cycle), elapsed 760.0 s
[phase 2 fine] cycle 185: mass 0.8066 / 1.0000 g (0.1934 g to go, +0.0008 g this cycle), elapsed 764.0 s
[phase 2 fine] cycle 186: mass 0.8073 / 1.0000 g (0.1927 g to go, +0.0007 g this cycle), elapsed 768.0 s
[phase 2 fine] cycle 187: mass 0.8081 / 1.0000 g (0.1919 g to go, +0.0008 g this cycle), elapsed 772.0 s
[phase 2 fine] cycle 188: mass 0.8111 / 1.0000 g (0.1889 g to go, +0.0030 g this cycle), elapsed 776.0 s
[phase 2 fine] cycle 189: mass 0.8121 / 1.0000 g (0.1879 g to go, +0.0010 g this cycle), elapsed 780.0 s
[phase 2 fine] cycle 190: mass 0.8164 / 1.0000 g (0.1836 g to go, +0.0043 g this cycle), elapsed 784.0 s
[phase 2 fine] cycle 191: mass 0.8193 / 1.0000 g (0.1807 g to go, +0.0029 g this cycle), elapsed 788.0 s
[phase 2 fine] cycle 192: mass 0.8195 / 1.0000 g (0.1805 g to go, +0.0002 g this cycle), elapsed 792.0 s
[phase 2 fine] cycle 193: mass 0.8208 / 1.0000 g (0.1792 g to go, +0.0013 g this cycle), elapsed 796.0 s
[phase 2 fine] cycle 194: mass 0.8221 / 1.0000 g (0.1779 g to go, +0.0013 g this cycle), elapsed 800.0 s
[phase 2 fine] cycle 195: mass 0.8230 / 1.0000 g (0.1770 g to go, +0.0009 g this cycle), elapsed 804.0 s
[phase 2 fine] cycle 196: mass 0.8299 / 1.0000 g (0.1701 g to go, +0.0069 g this cycle), elapsed 808.0 s
[phase 2 fine] cycle 197: mass 0.8335 / 1.0000 g (0.1665 g to go, +0.0036 g this cycle), elapsed 812.0 s
[phase 2 fine] cycle 198: mass 0.8375 / 1.0000 g (0.1625 g to go, +0.0040 g this cycle), elapsed 816.0 s
[phase 2 fine] cycle 199: mass 0.8396 / 1.0000 g (0.1604 g to go, +0.0021 g this cycle), elapsed 820.0 s
[phase 2 fine] cycle 200: mass 0.8399 / 1.0000 g (0.1601 g to go, +0.0003 g this cycle), elapsed 825.0 s
[phase 2 fine] cycle budget (200) exhausted
=== phase 2/3 'fine' end (200 cycles): mass 0.8399 / 1.0000 g (0.1601 g to go, +0.4187 g this phase), elapsed 825.0 s
[dose] done: DoseResult(cycle-budget: 0.8399/1.0000 g in 825.0s; cycles bulk:48, fine:200; 37.83 auger rev, 0 taps)
DOSE,1,1.0000,0.8399,-0.1601,cycle-budget,825.0,37.83,0,bulk:48;fine:200,2048494
PROMPT,dose 2 done -- empty the cup for the next dose, then Enter ('skip'/'abort')
[dose] three-phase dose to 1.0000 g; taring scale
=== phase 1/3 'bulk' start: 1.0000 g to go, exit at 0.5000 g to go; angle 45.0 plate deg, CONTINUOUS @ 55 auger rpm (poll 250 ms, anticipation 0.1200 g), settle 800 ms
[phase 1 bulk] poll 1: mass 0.0000 / 1.0000 g (1.0000 g to go, +0.0000 g this poll), elapsed 1.0 s
[phase 1 bulk] poll 2: mass 0.0000 / 1.0000 g (1.0000 g to go, +0.0000 g this poll), elapsed 2.0 s
[phase 1 bulk] poll 3: mass 0.0000 / 1.0000 g (1.0000 g to go, +0.0000 g this poll), elapsed 2.0 s
[phase 1 bulk] poll 4 (unstable): mass 0.0042 / 1.0000 g (0.9958 g to go, +0.0042 g this poll), elapsed 2.0 s
[phase 1 bulk] poll 5 (unstable): mass 0.0103 / 1.0000 g (0.9897 g to go, +0.0061 g this poll), elapsed 2.0 s
[phase 1 bulk] poll 6 (unstable): mass 0.0207 / 1.0000 g (0.9793 g to go, +0.0104 g this poll), elapsed 3.0 s
[phase 1 bulk] poll 7 (unstable): mass 0.0246 / 1.0000 g (0.9754 g to go, +0.0039 g this poll), elapsed 3.0 s
[phase 1 bulk] poll 8 (unstable): mass 0.0334 / 1.0000 g (0.9666 g to go, +0.0088 g this poll), elapsed 3.0 s
[phase 1 bulk] poll 9 (unstable): mass 0.0507 / 1.0000 g (0.9493 g to go, +0.0173 g this poll), elapsed 4.0 s
[phase 1 bulk] poll 10 (unstable): mass 0.0626 / 1.0000 g (0.9374 g to go, +0.0119 g this poll), elapsed 4.0 s
[phase 1 bulk] poll 11 (unstable): mass 0.0673 / 1.0000 g (0.9327 g to go, +0.0047 g this poll), elapsed 4.0 s
[phase 1 bulk] poll 12 (unstable): mass 0.0888 / 1.0000 g (0.9112 g to go, +0.0215 g this poll), elapsed 4.0 s
[phase 1 bulk] poll 13 (unstable): mass 0.1105 / 1.0000 g (0.8895 g to go, +0.0217 g this poll), elapsed 5.0 s
[phase 1 bulk] poll 14 (unstable): mass 0.1178 / 1.0000 g (0.8822 g to go, +0.0073 g this poll), elapsed 5.0 s
[phase 1 bulk] poll 15 (unstable): mass 0.1207 / 1.0000 g (0.8793 g to go, +0.0029 g this poll), elapsed 5.0 s
[phase 1 bulk] poll 16 (unstable): mass 0.1391 / 1.0000 g (0.8609 g to go, +0.0184 g this poll), elapsed 6.0 s
[phase 1 bulk] poll 17 (unstable): mass 0.1557 / 1.0000 g (0.8443 g to go, +0.0166 g this poll), elapsed 6.0 s
[phase 1 bulk] poll 18 (unstable): mass 0.1607 / 1.0000 g (0.8393 g to go, +0.0050 g this poll), elapsed 6.0 s
[phase 1 bulk] poll 19 (unstable): mass 0.1735 / 1.0000 g (0.8265 g to go, +0.0128 g this poll), elapsed 7.0 s
[phase 1 bulk] poll 20 (unstable): mass 0.1970 / 1.0000 g (0.8030 g to go, +0.0235 g this poll), elapsed 7.0 s
[phase 1 bulk] poll 21 (unstable): mass 0.2087 / 1.0000 g (0.7913 g to go, +0.0117 g this poll), elapsed 7.0 s
[phase 1 bulk] poll 22 (unstable): mass 0.2112 / 1.0000 g (0.7888 g to go, +0.0025 g this poll), elapsed 7.0 s
[phase 1 bulk] poll 23 (unstable): mass 0.2278 / 1.0000 g (0.7722 g to go, +0.0166 g this poll), elapsed 8.0 s
[phase 1 bulk] poll 24 (unstable): mass 0.2487 / 1.0000 g (0.7513 g to go, +0.0209 g this poll), elapsed 8.0 s
[phase 1 bulk] poll 25 (unstable): mass 0.2573 / 1.0000 g (0.7427 g to go, +0.0086 g this poll), elapsed 8.0 s
[phase 1 bulk] poll 26 (unstable): mass 0.2605 / 1.0000 g (0.7395 g to go, +0.0032 g this poll), elapsed 9.0 s
[phase 1 bulk] poll 27 (unstable): mass 0.2759 / 1.0000 g (0.7241 g to go, +0.0154 g this poll), elapsed 9.0 s
[phase 1 bulk] poll 28 (unstable): mass 0.2913 / 1.0000 g (0.7087 g to go, +0.0154 g this poll), elapsed 9.0 s
[phase 1 bulk] poll 29 (unstable): mass 0.2982 / 1.0000 g (0.7018 g to go, +0.0069 g this poll), elapsed 9.0 s
[phase 1 bulk] poll 30 (unstable): mass 0.3024 / 1.0000 g (0.6976 g to go, +0.0042 g this poll), elapsed 10.0 s
[phase 1 bulk] poll 31 (unstable): mass 0.3194 / 1.0000 g (0.6806 g to go, +0.0170 g this poll), elapsed 10.0 s
[phase 1 bulk] poll 32 (unstable): mass 0.3363 / 1.0000 g (0.6637 g to go, +0.0169 g this poll), elapsed 10.0 s
[phase 1 bulk] poll 33 (unstable): mass 0.3409 / 1.0000 g (0.6591 g to go, +0.0046 g this poll), elapsed 11.0 s
[phase 1 bulk] poll 34 (unstable): mass 0.3496 / 1.0000 g (0.6504 g to go, +0.0087 g this poll), elapsed 11.0 s
[phase 1 bulk] poll 35 (unstable): mass 0.3704 / 1.0000 g (0.6296 g to go, +0.0208 g this poll), elapsed 11.0 s
[phase 1 bulk] poll 36 (unstable): mass 0.3850 / 1.0000 g (0.6150 g to go, +0.0146 g this poll), elapsed 11.0 s
[phase 1 bulk] auger halted at 0.6150 g to go (halt threshold 0.6200 g); settling 800 ms
[phase 1 bulk] settled: mass 0.4167 / 1.0000 g (0.5833 g to go, +0.0317 g while settling), elapsed 14.0 s
=== phase 1/3 'bulk' end (36 cycles): mass 0.4167 / 1.0000 g (0.5833 g to go, +0.4167 g this phase), elapsed 14.0 s
=== phase 2/3 'fine' start: 0.5833 g to go, exit at 0.0500 g to go; angle 22.5 plate deg, 45 auger deg/cycle @ 30 rpm, 0 taps/cycle, settle 1500 ms
[phase 2 fine] cycle 1: mass 0.4224 / 1.0000 g (0.5776 g to go, +0.0057 g this cycle), elapsed 18.0 s
[phase 2 fine] cycle 2: mass 0.4257 / 1.0000 g (0.5743 g to go, +0.0033 g this cycle), elapsed 23.0 s
[phase 2 fine] cycle 3: mass 0.4270 / 1.0000 g (0.5730 g to go, +0.0013 g this cycle), elapsed 27.0 s
[phase 2 fine] cycle 4: mass 0.4272 / 1.0000 g (0.5728 g to go, +0.0002 g this cycle), elapsed 31.0 s
[phase 2 fine] cycle 5: mass 0.4283 / 1.0000 g (0.5717 g to go, +0.0011 g this cycle), elapsed 35.0 s
[phase 2 fine] cycle 6: mass 0.4289 / 1.0000 g (0.5711 g to go, +0.0006 g this cycle), elapsed 39.0 s
[phase 2 fine] cycle 7: mass 0.4318 / 1.0000 g (0.5682 g to go, +0.0029 g this cycle), elapsed 43.0 s
[phase 2 fine] cycle 8: mass 0.4349 / 1.0000 g (0.5651 g to go, +0.0031 g this cycle), elapsed 47.0 s
[phase 2 fine] cycle 9: mass 0.4379 / 1.0000 g (0.5621 g to go, +0.0030 g this cycle), elapsed 51.0 s
[phase 2 fine] cycle 10: mass 0.4427 / 1.0000 g (0.5573 g to go, +0.0048 g this cycle), elapsed 55.0 s
[phase 2 fine] cycle 11: mass 0.4445 / 1.0000 g (0.5555 g to go, +0.0018 g this cycle), elapsed 59.0 s
[phase 2 fine] cycle 12: mass 0.4447 / 1.0000 g (0.5553 g to go, +0.0002 g this cycle), elapsed 63.0 s
[phase 2 fine] cycle 13: mass 0.4458 / 1.0000 g (0.5542 g to go, +0.0011 g this cycle), elapsed 67.0 s
[phase 2 fine] cycle 14: mass 0.4464 / 1.0000 g (0.5536 g to go, +0.0006 g this cycle), elapsed 71.0 s
[phase 2 fine] cycle 15: mass 0.4490 / 1.0000 g (0.5510 g to go, +0.0026 g this cycle), elapsed 75.0 s
[phase 2 fine] cycle 16: mass 0.4535 / 1.0000 g (0.5465 g to go, +0.0045 g this cycle), elapsed 79.0 s
[phase 2 fine] cycle 17: mass 0.4592 / 1.0000 g (0.5408 g to go, +0.0057 g this cycle), elapsed 83.0 s
[phase 2 fine] cycle 18: mass 0.4638 / 1.0000 g (0.5362 g to go, +0.0046 g this cycle), elapsed 87.0 s
[phase 2 fine] cycle 19: mass 0.4646 / 1.0000 g (0.5354 g to go, +0.0008 g this cycle), elapsed 91.0 s
[phase 2 fine] cycle 20: mass 0.4648 / 1.0000 g (0.5352 g to go, +0.0002 g this cycle), elapsed 95.0 s
[phase 2 fine] cycle 21: mass 0.4667 / 1.0000 g (0.5333 g to go, +0.0019 g this cycle), elapsed 99.0 s
[phase 2 fine] cycle 22: mass 0.4677 / 1.0000 g (0.5323 g to go, +0.0010 g this cycle), elapsed 103.0 s
[phase 2 fine] cycle 23: mass 0.4709 / 1.0000 g (0.5291 g to go, +0.0032 g this cycle), elapsed 107.0 s
[phase 2 fine] cycle 24: mass 0.4732 / 1.0000 g (0.5268 g to go, +0.0023 g this cycle), elapsed 111.0 s
[phase 2 fine] cycle 25: mass 0.4786 / 1.0000 g (0.5214 g to go, +0.0054 g this cycle), elapsed 115.0 s
[phase 2 fine] cycle 26: mass 0.4827 / 1.0000 g (0.5173 g to go, +0.0041 g this cycle), elapsed 119.0 s
[phase 2 fine] cycle 27: mass 0.4842 / 1.0000 g (0.5158 g to go, +0.0015 g this cycle), elapsed 123.0 s
[phase 2 fine] cycle 28: mass 0.4854 / 1.0000 g (0.5146 g to go, +0.0012 g this cycle), elapsed 127.0 s
[phase 2 fine] cycle 29: mass 0.4862 / 1.0000 g (0.5138 g to go, +0.0008 g this cycle), elapsed 131.0 s
[phase 2 fine] cycle 30: mass 0.4874 / 1.0000 g (0.5126 g to go, +0.0012 g this cycle), elapsed 135.0 s
[phase 2 fine] cycle 31: mass 0.4901 / 1.0000 g (0.5099 g to go, +0.0027 g this cycle), elapsed 139.0 s
[phase 2 fine] cycle 32: mass 0.4944 / 1.0000 g (0.5056 g to go, +0.0043 g this cycle), elapsed 143.0 s
[phase 2 fine] cycle 33: mass 0.4977 / 1.0000 g (0.5023 g to go, +0.0033 g this cycle), elapsed 147.0 s
[phase 2 fine] cycle 34: mass 0.5017 / 1.0000 g (0.4983 g to go, +0.0040 g this cycle), elapsed 151.0 s
[phase 2 fine] cycle 35: mass 0.5038 / 1.0000 g (0.4962 g to go, +0.0021 g this cycle), elapsed 155.0 s
[phase 2 fine] cycle 36: mass 0.5051 / 1.0000 g (0.4949 g to go, +0.0013 g this cycle), elapsed 159.0 s
[phase 2 fine] cycle 37: mass 0.5062 / 1.0000 g (0.4938 g to go, +0.0011 g this cycle), elapsed 163.0 s
[phase 2 fine] cycle 38: mass 0.5076 / 1.0000 g (0.4924 g to go, +0.0014 g this cycle), elapsed 167.0 s
[phase 2 fine] cycle 39: mass 0.5099 / 1.0000 g (0.4901 g to go, +0.0023 g this cycle), elapsed 171.0 s
[phase 2 fine] cycle 40: mass 0.5154 / 1.0000 g (0.4846 g to go, +0.0055 g this cycle), elapsed 175.0 s
[phase 2 fine] cycle 41: mass 0.5188 / 1.0000 g (0.4812 g to go, +0.0034 g this cycle), elapsed 180.0 s
[phase 2 fine] cycle 42: mass 0.5231 / 1.0000 g (0.4769 g to go, +0.0043 g this cycle), elapsed 184.0 s
[phase 2 fine] cycle 43: mass 0.5258 / 1.0000 g (0.4742 g to go, +0.0027 g this cycle), elapsed 188.0 s
[phase 2 fine] cycle 44: mass 0.5264 / 1.0000 g (0.4736 g to go, +0.0006 g this cycle), elapsed 192.0 s
[phase 2 fine] cycle 45: mass 0.5271 / 1.0000 g (0.4729 g to go, +0.0007 g this cycle), elapsed 196.0 s
[phase 2 fine] cycle 46: mass 0.5280 / 1.0000 g (0.4720 g to go, +0.0009 g this cycle), elapsed 200.0 s
[phase 2 fine] cycle 47: mass 0.5300 / 1.0000 g (0.4700 g to go, +0.0020 g this cycle), elapsed 204.0 s
[phase 2 fine] cycle 48: mass 0.5332 / 1.0000 g (0.4668 g to go, +0.0032 g this cycle), elapsed 208.0 s
[phase 2 fine] cycle 49: mass 0.5365 / 1.0000 g (0.4635 g to go, +0.0033 g this cycle), elapsed 212.0 s
[phase 2 fine] cycle 50: mass 0.5416 / 1.0000 g (0.4584 g to go, +0.0051 g this cycle), elapsed 216.0 s
[phase 2 fine] cycle 51: mass 0.5437 / 1.0000 g (0.4563 g to go, +0.0021 g this cycle), elapsed 220.0 s
[phase 2 fine] cycle 52: mass 0.5438 / 1.0000 g (0.4562 g to go, +0.0001 g this cycle), elapsed 224.0 s
[phase 2 fine] cycle 53: mass 0.5449 / 1.0000 g (0.4551 g to go, +0.0011 g this cycle), elapsed 228.0 s
[phase 2 fine] cycle 54: mass 0.5457 / 1.0000 g (0.4543 g to go, +0.0008 g this cycle), elapsed 232.0 s
[phase 2 fine] cycle 55: mass 0.5475 / 1.0000 g (0.4525 g to go, +0.0018 g this cycle), elapsed 236.0 s
[phase 2 fine] cycle 56: mass 0.5505 / 1.0000 g (0.4495 g to go, +0.0030 g this cycle), elapsed 240.0 s
[phase 2 fine] cycle 57: mass 0.5558 / 1.0000 g (0.4442 g to go, +0.0053 g this cycle), elapsed 244.0 s
[phase 2 fine] cycle 58: mass 0.5592 / 1.0000 g (0.4408 g to go, +0.0034 g this cycle), elapsed 248.0 s
[phase 2 fine] cycle 59: mass 0.5616 / 1.0000 g (0.4384 g to go, +0.0024 g this cycle), elapsed 252.0 s
[phase 2 fine] cycle 60: mass 0.5617 / 1.0000 g (0.4383 g to go, +0.0001 g this cycle), elapsed 256.0 s
[phase 2 fine] cycle 61: mass 0.5629 / 1.0000 g (0.4371 g to go, +0.0012 g this cycle), elapsed 260.0 s
[phase 2 fine] cycle 62: mass 0.5638 / 1.0000 g (0.4362 g to go, +0.0009 g this cycle), elapsed 264.0 s
[phase 2 fine] cycle 63: mass 0.5655 / 1.0000 g (0.4345 g to go, +0.0017 g this cycle), elapsed 268.0 s
[phase 2 fine] cycle 64: mass 0.5688 / 1.0000 g (0.4312 g to go, +0.0033 g this cycle), elapsed 272.0 s
[phase 2 fine] cycle 65: mass 0.5728 / 1.0000 g (0.4272 g to go, +0.0040 g this cycle), elapsed 276.0 s
[phase 2 fine] cycle 66: mass 0.5788 / 1.0000 g (0.4212 g to go, +0.0060 g this cycle), elapsed 280.0 s
[phase 2 fine] cycle 67: mass 0.5798 / 1.0000 g (0.4202 g to go, +0.0010 g this cycle), elapsed 284.0 s
[phase 2 fine] cycle 68: mass 0.5803 / 1.0000 g (0.4197 g to go, +0.0005 g this cycle), elapsed 288.0 s
[phase 2 fine] cycle 69: mass 0.5817 / 1.0000 g (0.4183 g to go, +0.0014 g this cycle), elapsed 292.0 s
[phase 2 fine] cycle 70: mass 0.5826 / 1.0000 g (0.4174 g to go, +0.0009 g this cycle), elapsed 296.0 s
[phase 2 fine] cycle 71: mass 0.5845 / 1.0000 g (0.4155 g to go, +0.0019 g this cycle), elapsed 300.0 s
[phase 2 fine] cycle 72: mass 0.5878 / 1.0000 g (0.4122 g to go, +0.0033 g this cycle), elapsed 304.0 s
[phase 2 fine] cycle 73: mass 0.5912 / 1.0000 g (0.4088 g to go, +0.0034 g this cycle), elapsed 308.0 s
[phase 2 fine] cycle 74: mass 0.5939 / 1.0000 g (0.4061 g to go, +0.0027 g this cycle), elapsed 312.0 s
[phase 2 fine] cycle 75: mass 0.5962 / 1.0000 g (0.4038 g to go, +0.0023 g this cycle), elapsed 316.0 s
[phase 2 fine] cycle 76: mass 0.5970 / 1.0000 g (0.4030 g to go, +0.0008 g this cycle), elapsed 320.0 s
[phase 2 fine] cycle 77: mass 0.5980 / 1.0000 g (0.4020 g to go, +0.0010 g this cycle), elapsed 324.0 s
[phase 2 fine] cycle 78: mass 0.5993 / 1.0000 g (0.4007 g to go, +0.0013 g this cycle), elapsed 328.0 s
[phase 2 fine] cycle 79: mass 0.6011 / 1.0000 g (0.3989 g to go, +0.0018 g this cycle), elapsed 332.0 s
[phase 2 fine] cycle 80: mass 0.6032 / 1.0000 g (0.3968 g to go, +0.0021 g this cycle), elapsed 336.0 s
[phase 2 fine] cycle 81: mass 0.6061 / 1.0000 g (0.3939 g to go, +0.0029 g this cycle), elapsed 340.0 s
[phase 2 fine] cycle 82: mass 0.6095 / 1.0000 g (0.3905 g to go, +0.0034 g this cycle), elapsed 344.0 s
[phase 2 fine] cycle 83: mass 0.6124 / 1.0000 g (0.3876 g to go, +0.0029 g this cycle), elapsed 348.0 s
[phase 2 fine] cycle 84: mass 0.6130 / 1.0000 g (0.3870 g to go, +0.0006 g this cycle), elapsed 352.0 s
[phase 2 fine] cycle 85: mass 0.6143 / 1.0000 g (0.3857 g to go, +0.0013 g this cycle), elapsed 356.0 s
[phase 2 fine] cycle 86: mass 0.6161 / 1.0000 g (0.3839 g to go, +0.0018 g this cycle), elapsed 360.0 s
[phase 2 fine] cycle 87: mass 0.6189 / 1.0000 g (0.3811 g to go, +0.0028 g this cycle), elapsed 364.0 s
[phase 2 fine] cycle 88: mass 0.6272 / 1.0000 g (0.3728 g to go, +0.0083 g this cycle), elapsed 368.0 s
[phase 2 fine] cycle 89: mass 0.6313 / 1.0000 g (0.3687 g to go, +0.0041 g this cycle), elapsed 372.0 s
[phase 2 fine] cycle 90: mass 0.6360 / 1.0000 g (0.3640 g to go, +0.0047 g this cycle), elapsed 376.0 s
[phase 2 fine] cycle 91: mass 0.6376 / 1.0000 g (0.3624 g to go, +0.0016 g this cycle), elapsed 380.0 s
[phase 2 fine] cycle 92: mass 0.6378 / 1.0000 g (0.3622 g to go, +0.0002 g this cycle), elapsed 384.0 s
[phase 2 fine] cycle 93: mass 0.6389 / 1.0000 g (0.3611 g to go, +0.0011 g this cycle), elapsed 388.0 s
[phase 2 fine] cycle 94: mass 0.6391 / 1.0000 g (0.3609 g to go, +0.0002 g this cycle), elapsed 392.0 s
[phase 2 fine] cycle 95: mass 0.6412 / 1.0000 g (0.3588 g to go, +0.0021 g this cycle), elapsed 396.0 s
[phase 2 fine] cycle 96: mass 0.6443 / 1.0000 g (0.3557 g to go, +0.0031 g this cycle), elapsed 400.0 s
[phase 2 fine] cycle 97: mass 0.6488 / 1.0000 g (0.3512 g to go, +0.0045 g this cycle), elapsed 404.0 s
[phase 2 fine] cycle 98: mass 0.6525 / 1.0000 g (0.3475 g to go, +0.0037 g this cycle), elapsed 408.0 s
[phase 2 fine] cycle 99: mass 0.6552 / 1.0000 g (0.3448 g to go, +0.0027 g this cycle), elapsed 412.0 s
[phase 2 fine] cycle 100: mass 0.6553 / 1.0000 g (0.3447 g to go, +0.0001 g this cycle), elapsed 416.0 s
[phase 2 fine] cycle 101: mass 0.6564 / 1.0000 g (0.3436 g to go, +0.0011 g this cycle), elapsed 420.0 s
[phase 2 fine] cycle 102: mass 0.6578 / 1.0000 g (0.3422 g to go, +0.0014 g this cycle), elapsed 425.0 s
[phase 2 fine] cycle 103: mass 0.6606 / 1.0000 g (0.3394 g to go, +0.0028 g this cycle), elapsed 429.0 s
[phase 2 fine] cycle 104: mass 0.6660 / 1.0000 g (0.3340 g to go, +0.0054 g this cycle), elapsed 433.0 s
[phase 2 fine] cycle 105: mass 0.6689 / 1.0000 g (0.3311 g to go, +0.0029 g this cycle), elapsed 437.0 s
[phase 2 fine] cycle 106: mass 0.6737 / 1.0000 g (0.3263 g to go, +0.0048 g this cycle), elapsed 441.0 s
[phase 2 fine] cycle 107: mass 0.6754 / 1.0000 g (0.3246 g to go, +0.0017 g this cycle), elapsed 445.0 s
[phase 2 fine] cycle 108: mass 0.6760 / 1.0000 g (0.3240 g to go, +0.0006 g this cycle), elapsed 449.0 s
[phase 2 fine] cycle 109: mass 0.6777 / 1.0000 g (0.3223 g to go, +0.0017 g this cycle), elapsed 453.0 s
[phase 2 fine] cycle 110: mass 0.6790 / 1.0000 g (0.3210 g to go, +0.0013 g this cycle), elapsed 457.0 s
[phase 2 fine] cycle 111: mass 0.6811 / 1.0000 g (0.3189 g to go, +0.0021 g this cycle), elapsed 461.0 s
[phase 2 fine] cycle 112: mass 0.6850 / 1.0000 g (0.3150 g to go, +0.0039 g this cycle), elapsed 465.0 s
[phase 2 fine] cycle 113: mass 0.6877 / 1.0000 g (0.3123 g to go, +0.0027 g this cycle), elapsed 469.0 s
[phase 2 fine] cycle 114: mass 0.6920 / 1.0000 g (0.3080 g to go, +0.0043 g this cycle), elapsed 473.0 s
[phase 2 fine] cycle 115: mass 0.6948 / 1.0000 g (0.3052 g to go, +0.0028 g this cycle), elapsed 477.0 s
[phase 2 fine] cycle 116: mass 0.6954 / 1.0000 g (0.3046 g to go, +0.0006 g this cycle), elapsed 481.0 s
[phase 2 fine] cycle 117: mass 0.6966 / 1.0000 g (0.3034 g to go, +0.0012 g this cycle), elapsed 485.0 s
[phase 2 fine] cycle 118: mass 0.6982 / 1.0000 g (0.3018 g to go, +0.0016 g this cycle), elapsed 489.0 s
[phase 2 fine] cycle 119: mass 0.7010 / 1.0000 g (0.2990 g to go, +0.0028 g this cycle), elapsed 493.0 s
[phase 2 fine] cycle 120: mass 0.7054 / 1.0000 g (0.2946 g to go, +0.0044 g this cycle), elapsed 497.0 s
[phase 2 fine] cycle 121: mass 0.7084 / 1.0000 g (0.2916 g to go, +0.0030 g this cycle), elapsed 501.0 s
[phase 2 fine] cycle 122: mass 0.7124 / 1.0000 g (0.2876 g to go, +0.0040 g this cycle), elapsed 505.0 s
[phase 2 fine] cycle 123: mass 0.7145 / 1.0000 g (0.2855 g to go, +0.0021 g this cycle), elapsed 509.0 s
[phase 2 fine] cycle 124: mass 0.7154 / 1.0000 g (0.2846 g to go, +0.0009 g this cycle), elapsed 513.0 s
[phase 2 fine] cycle 125: mass 0.7164 / 1.0000 g (0.2836 g to go, +0.0010 g this cycle), elapsed 517.0 s
[phase 2 fine] cycle 126: mass 0.7173 / 1.0000 g (0.2827 g to go, +0.0009 g this cycle), elapsed 521.0 s
[phase 2 fine] cycle 127: mass 0.7193 / 1.0000 g (0.2807 g to go, +0.0020 g this cycle), elapsed 525.0 s
[phase 2 fine] cycle 128: mass 0.7228 / 1.0000 g (0.2772 g to go, +0.0035 g this cycle), elapsed 529.0 s
[phase 2 fine] cycle 129: mass 0.7267 / 1.0000 g (0.2733 g to go, +0.0039 g this cycle), elapsed 533.0 s
[phase 2 fine] cycle 130: mass 0.7309 / 1.0000 g (0.2691 g to go, +0.0042 g this cycle), elapsed 537.0 s
[phase 2 fine] cycle 131: mass 0.7335 / 1.0000 g (0.2665 g to go, +0.0026 g this cycle), elapsed 541.0 s
[phase 2 fine] cycle 132: mass 0.7337 / 1.0000 g (0.2663 g to go, +0.0002 g this cycle), elapsed 545.0 s
[phase 2 fine] cycle 133: mass 0.7347 / 1.0000 g (0.2653 g to go, +0.0010 g this cycle), elapsed 549.0 s
[phase 2 fine] cycle 134: mass 0.7357 / 1.0000 g (0.2643 g to go, +0.0010 g this cycle), elapsed 553.0 s
[phase 2 fine] cycle 135: mass 0.7375 / 1.0000 g (0.2625 g to go, +0.0018 g this cycle), elapsed 557.0 s
[phase 2 fine] cycle 136: mass 0.7405 / 1.0000 g (0.2595 g to go, +0.0030 g this cycle), elapsed 561.0 s
[phase 2 fine] cycle 137: mass 0.7447 / 1.0000 g (0.2553 g to go, +0.0042 g this cycle), elapsed 565.0 s
[phase 2 fine] cycle 138: mass 0.7486 / 1.0000 g (0.2514 g to go, +0.0039 g this cycle), elapsed 569.0 s
[phase 2 fine] cycle 139: mass 0.7510 / 1.0000 g (0.2490 g to go, +0.0024 g this cycle), elapsed 573.0 s
[phase 2 fine] cycle 140: mass 0.7511 / 1.0000 g (0.2489 g to go, +0.0001 g this cycle), elapsed 577.0 s
[phase 2 fine] cycle 141: mass 0.7525 / 1.0000 g (0.2475 g to go, +0.0014 g this cycle), elapsed 581.0 s
[phase 2 fine] cycle 142: mass 0.7538 / 1.0000 g (0.2462 g to go, +0.0013 g this cycle), elapsed 585.0 s
[phase 2 fine] cycle 143: mass 0.7558 / 1.0000 g (0.2442 g to go, +0.0020 g this cycle), elapsed 589.0 s
[phase 2 fine] cycle 144: mass 0.7602 / 1.0000 g (0.2398 g to go, +0.0044 g this cycle), elapsed 593.0 s
[phase 2 fine] cycle 145: mass 0.7654 / 1.0000 g (0.2346 g to go, +0.0052 g this cycle), elapsed 597.0 s
[phase 2 fine] cycle 146: mass 0.7688 / 1.0000 g (0.2312 g to go, +0.0034 g this cycle), elapsed 601.0 s
[phase 2 fine] cycle 147: mass 0.7715 / 1.0000 g (0.2285 g to go, +0.0027 g this cycle), elapsed 605.0 s
[phase 2 fine] cycle 148: mass 0.7717 / 1.0000 g (0.2283 g to go, +0.0002 g this cycle), elapsed 609.0 s
[phase 2 fine] cycle 149: mass 0.7724 / 1.0000 g (0.2276 g to go, +0.0007 g this cycle), elapsed 613.0 s
[phase 2 fine] cycle 150: mass 0.7738 / 1.0000 g (0.2262 g to go, +0.0014 g this cycle), elapsed 617.0 s
[phase 2 fine] cycle 151: mass 0.7755 / 1.0000 g (0.2245 g to go, +0.0017 g this cycle), elapsed 621.0 s
[phase 2 fine] cycle 152: mass 0.7798 / 1.0000 g (0.2202 g to go, +0.0043 g this cycle), elapsed 625.0 s
[phase 2 fine] cycle 153: mass 0.7831 / 1.0000 g (0.2169 g to go, +0.0033 g this cycle), elapsed 629.0 s
[phase 2 fine] cycle 154: mass 0.7871 / 1.0000 g (0.2129 g to go, +0.0040 g this cycle), elapsed 633.0 s
[phase 2 fine] cycle 155: mass 0.7891 / 1.0000 g (0.2109 g to go, +0.0020 g this cycle), elapsed 637.0 s
[phase 2 fine] cycle 156: mass 0.7898 / 1.0000 g (0.2102 g to go, +0.0007 g this cycle), elapsed 641.0 s
[phase 2 fine] cycle 157: mass 0.7907 / 1.0000 g (0.2093 g to go, +0.0009 g this cycle), elapsed 645.0 s
[phase 2 fine] cycle 158: mass 0.7914 / 1.0000 g (0.2086 g to go, +0.0007 g this cycle), elapsed 649.0 s
[phase 2 fine] cycle 159: mass 0.7930 / 1.0000 g (0.2070 g to go, +0.0016 g this cycle), elapsed 653.0 s
[phase 2 fine] cycle 160: mass 0.7972 / 1.0000 g (0.2028 g to go, +0.0042 g this cycle), elapsed 657.0 s
[phase 2 fine] cycle 161: mass 0.8009 / 1.0000 g (0.1991 g to go, +0.0037 g this cycle), elapsed 661.0 s
[phase 2 fine] cycle 162: mass 0.8048 / 1.0000 g (0.1952 g to go, +0.0039 g this cycle), elapsed 665.0 s
[phase 2 fine] cycle 163: mass 0.8065 / 1.0000 g (0.1935 g to go, +0.0017 g this cycle), elapsed 670.0 s
[phase 2 fine] cycle 164: mass 0.8073 / 1.0000 g (0.1927 g to go, +0.0008 g this cycle), elapsed 674.0 s
[phase 2 fine] cycle 165: mass 0.8079 / 1.0000 g (0.1921 g to go, +0.0006 g this cycle), elapsed 678.0 s
[phase 2 fine] cycle 166: mass 0.8080 / 1.0000 g (0.1920 g to go, +0.0001 g this cycle), elapsed 682.0 s
[phase 2 fine] cycle 167: mass 0.8102 / 1.0000 g (0.1898 g to go, +0.0022 g this cycle), elapsed 686.0 s
[phase 2 fine] cycle 168: mass 0.8132 / 1.0000 g (0.1868 g to go, +0.0030 g this cycle), elapsed 690.0 s
[phase 2 fine] cycle 169: mass 0.8176 / 1.0000 g (0.1824 g to go, +0.0044 g this cycle), elapsed 694.0 s
[phase 2 fine] cycle 170: mass 0.8208 / 1.0000 g (0.1792 g to go, +0.0032 g this cycle), elapsed 698.0 s
[phase 2 fine] cycle 171: mass 0.8233 / 1.0000 g (0.1767 g to go, +0.0025 g this cycle), elapsed 702.0 s
[phase 2 fine] cycle 172: mass 0.8238 / 1.0000 g (0.1762 g to go, +0.0005 g this cycle), elapsed 706.0 s
[phase 2 fine] cycle 173: mass 0.8249 / 1.0000 g (0.1751 g to go, +0.0011 g this cycle), elapsed 710.0 s
[phase 2 fine] cycle 174: mass 0.8258 / 1.0000 g (0.1742 g to go, +0.0009 g this cycle), elapsed 714.0 s
[phase 2 fine] cycle 175: mass 0.8273 / 1.0000 g (0.1727 g to go, +0.0015 g this cycle), elapsed 718.0 s
[phase 2 fine] cycle 176: mass 0.8296 / 1.0000 g (0.1704 g to go, +0.0023 g this cycle), elapsed 722.0 s
[phase 2 fine] cycle 177: mass 0.8333 / 1.0000 g (0.1667 g to go, +0.0037 g this cycle), elapsed 726.0 s
[phase 2 fine] cycle 178: mass 0.8377 / 1.0000 g (0.1623 g to go, +0.0044 g this cycle), elapsed 730.0 s
[phase 2 fine] cycle 179: mass 0.8397 / 1.0000 g (0.1603 g to go, +0.0020 g this cycle), elapsed 734.0 s
[phase 2 fine] cycle 180: mass 0.8398 / 1.0000 g (0.1602 g to go, +0.0001 g this cycle), elapsed 738.0 s
[phase 2 fine] cycle 181: mass 0.8411 / 1.0000 g (0.1589 g to go, +0.0013 g this cycle), elapsed 742.0 s
[phase 2 fine] cycle 182: mass 0.8423 / 1.0000 g (0.1577 g to go, +0.0012 g this cycle), elapsed 746.0 s
[phase 2 fine] cycle 183: mass 0.8439 / 1.0000 g (0.1561 g to go, +0.0016 g this cycle), elapsed 750.0 s
[phase 2 fine] cycle 184: mass 0.8494 / 1.0000 g (0.1506 g to go, +0.0055 g this cycle), elapsed 754.0 s
[phase 2 fine] cycle 185: mass 0.8549 / 1.0000 g (0.1451 g to go, +0.0055 g this cycle), elapsed 758.0 s
[phase 2 fine] cycle 186: mass 0.8581 / 1.0000 g (0.1419 g to go, +0.0032 g this cycle), elapsed 762.0 s
[phase 2 fine] cycle 187: mass 0.8594 / 1.0000 g (0.1406 g to go, +0.0013 g this cycle), elapsed 766.0 s
[phase 2 fine] cycle 188: mass 0.8601 / 1.0000 g (0.1399 g to go, +0.0007 g this cycle), elapsed 770.0 s
[phase 2 fine] cycle 189: mass 0.8611 / 1.0000 g (0.1389 g to go, +0.0010 g this cycle), elapsed 774.0 s
[phase 2 fine] cycle 190: mass 0.8621 / 1.0000 g (0.1379 g to go, +0.0010 g this cycle), elapsed 778.0 s
[phase 2 fine] cycle 191: mass 0.8644 / 1.0000 g (0.1356 g to go, +0.0023 g this cycle), elapsed 782.0 s
[phase 2 fine] cycle 192: mass 0.8684 / 1.0000 g (0.1316 g to go, +0.0040 g this cycle), elapsed 786.0 s
[phase 2 fine] cycle 193: mass 0.8723 / 1.0000 g (0.1277 g to go, +0.0039 g this cycle), elapsed 790.0 s
[phase 2 fine] cycle 194: mass 0.8769 / 1.0000 g (0.1231 g to go, +0.0046 g this cycle), elapsed 794.0 s
[phase 2 fine] cycle 195: mass 0.8783 / 1.0000 g (0.1217 g to go, +0.0014 g this cycle), elapsed 798.0 s
[phase 2 fine] cycle 196: mass 0.8792 / 1.0000 g (0.1208 g to go, +0.0009 g this cycle), elapsed 802.0 s
[phase 2 fine] cycle 197: mass 0.8803 / 1.0000 g (0.1197 g to go, +0.0011 g this cycle), elapsed 806.0 s
[phase 2 fine] cycle 198: mass 0.8815 / 1.0000 g (0.1185 g to go, +0.0012 g this cycle), elapsed 810.0 s
[phase 2 fine] cycle 199: mass 0.8831 / 1.0000 g (0.1169 g to go, +0.0016 g this cycle), elapsed 814.0 s
[phase 2 fine] cycle 200: mass 0.8868 / 1.0000 g (0.1132 g to go, +0.0037 g this cycle), elapsed 818.0 s
[phase 2 fine] cycle budget (200) exhausted
=== phase 2/3 'fine' end (200 cycles): mass 0.8868 / 1.0000 g (0.1132 g to go, +0.4701 g this phase), elapsed 818.0 s
[dose] done: DoseResult(cycle-budget: 0.8868/1.0000 g in 818.0s; cycles bulk:36, fine:200; 34.17 auger rev, 0 taps)
DOSE,2,1.0000,0.8868,-0.1132,cycle-budget,818.0,34.17,0,bulk:36;fine:200,2867008
RUN,END,ok
