D,25.0,0.0000,S
D,25.0,0.0000,S
D,25.0,0.0000,S
D,25.0,0.0000,S
D,25.0,0.0000,S
D,25.0,0.0000,S
D,25.0,0.0000,S
D,25.0,0.0000,S
D,25.0,0.0000,S
D,25.0,0.0000,S
D,25.0,0.0000,S
D,25.0,0.0000,S
D,25.0,0.0000,S
D,25.0,0.0000,S
D,25.0,0.0000,S
D,25.0,0.0000,S
P,25.0,0.0000,+0.0
D,32.0,0.0000,S
D,32.0,0.0000,S
D,32.0,0.0000,S
D,32.0,0.0000,S
D,32.0,0.0000,S
D,32.0,0.0000,S
D,32.0,0.0000,S
D,32.0,0.0000,S
D,32.0,0.0000,S
D,32.0,0.0000,S
D,32.0,0.0000,S
D,32.0,0.0000,S
D,32.0,0.0000,S
D,32.0,0.0000,S
D,32.0,0.0000,S
D,32.0,0.0000,S
P,32.0,0.0000,+0.0
D,40.0,0.0000,S
D,40.0,0.0000,S
D,40.0,0.0000,S
D,40.0,0.0000,S
D,40.0,0.0000,S
D,40.0,0.0000,S
D,40.0,0.0000,S
D,40.0,0.0000,S
D,40.0,0.0000,S
D,40.0,0.0000,S
D,40.0,0.0000,S
D,40.0,0.0000,S
D,40.0,0.0000,S
D,40.0,0.0000,S
D,40.0,0.0000,S
P,40.0,0.0000,+0.0
D,48.0,0.0000,S
D,48.0,0.0000,S
D,48.0,0.0000,S
D,48.0,0.0000,S
D,48.0,0.0000,S
D,48.0,0.0000,S
D,48.0,0.0000,S
D,48.0,0.0000,S
D,48.0,0.0000,S
D,48.0,0.0000,S
D,48.0,0.0000,S
D,48.0,0.0000,S
D,48.0,0.0000,S
D,48.0,0.0000,S
D,48.0,0.0000,S
D,48.0,0.0000,S
P,48.0,0.0000,+0.0
D,56.0,0.0000,S
D,56.0,0.0000,S
D,56.0,0.0000,S
D,56.0,0.0000,S
D,56.0,0.0000,S
D,56.0,0.0000,S
D,56.0,0.0000,S
D,56.0,0.0000,S
D,56.0,0.0000,S
D,56.0,0.0000,S
D,56.0,0.0000,S
D,56.0,0.0000,S
D,56.0,0.0000,S
D,56.0,0.0000,S
D,56.0,0.0000,S
D,56.0,0.0000,S
P,56.0,0.0000,+0.0
D,64.0,0.0000,S
D,64.0,0.0000,S
D,64.0,0.0000,S
D,64.0,0.0000,S
D,64.0,0.0000,S
D,64.0,0.0000,S
D,64.0,0.0000,S
D,64.0,0.0000,S
D,64.0,0.0000,S
D,64.0,0.0000,S
D,64.0,0.0000,S
D,64.0,0.0000,S
D,64.0,0.0000,S
D,64.0,0.0000,S
D,64.0,0.0000,S
P,64.0,0.0000,+0.0
D,72.0,0.0000,S
D,72.0,0.0000,S
D,72.0,0.0000,S
D,72.0,0.0000,S
D,72.0,0.0000,S
D,72.0,0.0000,S
D,72.0,0.0000,S
D,72.0,0.0000,S
D,72.0,0.0000,S
D,72.0,0.0000,S
D,72.0,0.0000,S
D,72.0,0.0000,S
D,72.0,0.0000,S
D,72.0,0.0000,S
D,72.0,0.0000,S
D,72.0,0.0000,S
P,72.0,0.0000,+0.0
PROBE-DONE
