M,controller,pid-v2
M,powder_id,salt
M,target_g,0.5
M,kp,150.0
M,ki,8.0
M,t_ant_s,1.1
M,max_rpm,45.0
M,tol_g,0.002
E,19,preroll start (pre-zeroing absolute mass)
D,72,1.0436,S,0.0,0.00,0,preroll
D,166,1.0436,S,0.0,0.00,0,preroll
D,262,1.0436,S,0.0,0.00,0,preroll
D,358,1.0436,S,0.0,0.00,0,preroll
D,454,1.0436,S,0.0,0.00,0,preroll
D,550,1.0436,S,0.0,0.00,0,preroll
D,646,1.0436,S,0.0,0.00,0,preroll
D,741,1.0436,S,0.0,0.00,0,preroll
D,837,1.0436,S,0.0,0.00,0,preroll
D,933,1.0436,S,0.0,0.00,0,preroll
D,1027,1.0436,S,0.0,0.00,0,preroll
D,1123,1.0436,S,0.0,0.00,0,preroll
D,1219,1.0436,S,0.0,0.00,0,preroll
D,1315,1.0436,S,0.0,0.00,0,preroll
D,1411,1.0436,S,0.0,0.00,0,preroll
D,1506,1.0436,S,0.0,0.00,0,preroll
D,1602,1.0436,S,0.0,0.00,0,preroll
D,1698,1.0436,S,0.0,0.00,0,preroll
D,1794,1.0436,S,0.0,0.00,0,preroll
D,1888,1.0436,S,0.0,0.00,0,preroll
D,1983,1.0436,S,0.0,0.00,0,preroll
D,2079,1.0436,S,0.0,0.00,0,preroll
D,2175,1.0436,S,0.0,0.00,0,preroll
D,2271,1.0436,S,0.0,0.00,0,preroll
D,2367,1.0436,S,0.0,0.00,0,preroll
D,2463,1.0436,S,0.0,0.00,0,preroll
D,2559,1.0436,S,0.0,0.00,0,preroll
D,2654,1.0436,S,0.0,0.00,0,preroll
D,2748,1.0436,S,0.0,0.00,0,preroll
D,2844,1.0436,S,0.0,0.00,0,preroll
D,2940,1.0436,S,0.0,0.00,0,preroll
D,3036,1.0436,S,0.0,0.00,0,preroll
D,3132,1.0436,S,0.0,0.00,0,preroll
D,3227,1.0436,S,0.0,0.00,0,preroll
D,3323,1.0436,S,0.0,0.00,0,preroll
D,3419,1.0436,S,0.0,0.00,0,preroll
D,3515,1.0437,S,0.0,0.00,0,preroll
D,3611,1.0437,S,0.0,0.00,0,preroll
D,3705,1.0437,S,0.0,0.00,0,preroll
D,3801,1.0437,S,0.0,0.00,0,preroll
D,3897,1.0437,S,0.0,0.00,0,preroll
D,3992,1.0437,S,0.0,0.00,0,preroll
D,4088,1.0437,S,0.0,0.00,0,preroll
D,4184,1.0437,S,0.0,0.00,0,preroll
D,4280,1.0437,S,0.0,0.00,0,preroll
D,4376,1.0437,S,0.0,0.00,0,preroll
D,4472,1.0437,S,0.0,0.00,0,preroll
D,4565,1.0437,S,0.0,0.00,0,preroll
D,4661,1.0437,S,0.0,0.00,0,preroll
D,4757,1.0437,S,0.0,0.00,0,preroll
D,4853,1.0437,S,0.0,0.00,0,preroll
D,4949,1.0437,S,0.0,0.00,0,preroll
D,5045,1.0437,S,0.0,0.00,0,preroll
D,5141,1.0437,S,0.0,0.00,0,preroll
D,5236,1.0437,S,0.0,0.00,0,preroll
D,5332,1.0437,S,0.0,0.00,0,preroll
D,5426,1.0437,S,0.0,0.00,0,preroll
D,5522,1.0437,S,0.0,0.00,0,preroll
D,5618,1.0437,S,0.0,0.00,0,preroll
D,5714,1.0437,S,0.0,0.00,0,preroll
D,5809,1.0437,S,0.0,0.00,0,preroll
D,5905,1.0437,S,0.0,0.00,0,preroll
D,6001,1.0437,S,0.0,0.00,0,preroll
D,6097,1.0437,S,0.0,0.00,0,preroll
D,6193,1.0437,S,0.0,0.00,0,preroll
D,6287,1.0437,S,0.0,0.00,0,preroll
D,6382,1.0437,S,0.0,0.00,0,preroll
D,6478,1.0437,S,0.0,0.00,0,preroll
D,6574,1.0437,S,0.0,0.00,0,preroll
D,6670,1.0437,S,0.0,0.00,0,preroll
D,6766,1.0437,S,0.0,0.00,0,preroll
D,6862,1.0437,S,0.0,0.00,0,preroll
D,6958,1.0437,S,0.0,0.00,0,preroll
D,7053,1.0437,S,0.0,0.00,0,preroll
D,7149,1.0437,S,0.0,0.00,0,preroll
D,7243,1.0437,S,0.0,0.00,0,preroll
D,7339,1.0437,S,0.0,0.00,0,preroll
D,7435,1.0437,S,0.0,0.00,0,preroll
D,7531,1.0437,S,0.0,0.00,0,preroll
D,7626,1.0437,S,0.0,0.00,0,preroll
D,7722,1.0437,S,0.0,0.00,0,preroll
D,7818,1.0437,S,0.0,0.00,0,preroll
D,7914,1.0437,S,0.0,0.00,0,preroll
D,8010,1.0437,S,0.0,0.00,0,preroll
D,8104,1.0437,S,0.0,0.00,0,preroll
D,8200,1.0437,S,0.0,0.00,0,preroll
D,8295,1.0437,S,0.0,0.00,0,preroll
D,8391,1.0437,S,0.0,0.00,0,preroll
D,8487,1.0437,S,0.0,0.00,0,preroll
D,8583,1.0437,S,0.0,0.00,0,preroll
D,8679,1.0437,S,0.0,0.00,0,preroll
D,8775,1.0437,S,0.0,0.00,0,preroll
D,8870,1.0437,S,0.0,0.00,0,preroll
D,8964,1.0437,S,0.0,0.00,0,preroll
D,9060,1.0437,S,0.0,0.00,0,preroll
D,9156,1.0437,S,0.0,0.00,0,preroll
D,9252,1.0437,S,0.0,0.00,0,preroll
D,9348,1.0437,S,0.0,0.00,0,preroll
D,9444,1.0437,S,0.0,0.00,0,preroll
D,9539,1.0437,S,0.0,0.00,0,preroll
D,9635,1.0437,S,0.0,0.00,0,preroll
D,9731,1.0437,S,0.0,0.00,0,preroll
D,9827,1.0437,S,0.0,0.00,0,preroll
D,9921,1.0437,S,0.0,0.00,0,preroll
D,10017,1.0437,S,0.0,0.00,0,preroll
E,10079,tare (Z) sent
E,10694,tare settled at 0.0000 g
D,10785,0.0000,S,0.0,0.00,0,tare
E,10787,dose start: PID to 0.5000 g
D,10879,0.0000,S,0.0,0.00,0,dose
D,10984,0.0000,S,1.1,45.00,0,dose
D,11078,0.0000,S,2.4,45.00,0,dose
D,11172,0.0000,S,3.5,45.00,0,dose
D,11266,0.0000,S,4.6,45.00,0,dose
D,11360,0.0000,S,5.7,45.00,0,dose
D,11454,0.0000,S,6.9,45.00,0,dose
D,11548,0.0000,S,8.0,45.00,0,dose
D,11642,0.0000,S,9.1,45.00,0,dose
D,11736,0.0044,U,10.3,45.00,0,dose
D,11834,0.0085,U,11.4,45.00,0,dose
D,11928,0.0148,U,12.6,45.00,0,dose
D,12025,0.0239,U,13.7,45.00,0,dose
D,12120,0.0356,U,14.8,45.00,0,dose
D,12216,0.0492,U,16.0,45.00,0,dose
D,12312,0.0642,U,17.1,45.00,0,dose
D,12407,0.0802,U,18.3,45.00,0,dose
D,12503,0.0974,U,19.4,45.00,0,dose
D,12598,0.1154,U,20.6,45.00,0,dose
D,12693,0.1336,U,21.7,45.00,0,dose
D,12789,0.1508,U,22.9,45.00,0,dose
D,12885,0.1665,U,24.0,42.07,0,dose
D,12980,0.1806,U,25.0,37.97,0,dose
D,13077,0.1929,U,25.0,34.12,0,dose
D,13172,0.2032,U,25.0,30.63,0,dose
D,13268,0.2115,U,25.0,27.73,0,dose
D,13364,0.2179,U,25.0,25.35,0,dose
D,13458,0.2226,U,25.0,23.67,0,dose
D,13554,0.2260,U,25.0,22.61,0,dose
D,13650,0.2283,U,25.0,22.26,0,dose
D,13745,0.2302,U,25.0,22.51,0,dose
D,13841,0.2321,U,25.0,23.22,0,dose
D,13937,0.2338,U,25.0,24.29,0,dose
D,14033,0.2354,U,25.0,25.61,0,dose
D,14129,0.2369,U,25.0,27.16,0,dose
D,14224,0.2387,U,25.0,28.85,0,dose
D,14319,0.2407,U,25.0,30.52,0,dose
D,14414,0.2427,U,25.0,32.12,0,dose
D,14510,0.2443,U,25.0,33.59,0,dose
D,14606,0.2458,U,25.0,34.95,0,dose
D,14702,0.2475,U,25.0,36.16,0,dose
D,14798,0.2495,U,25.0,37.17,0,dose
D,14894,0.2515,U,25.0,37.93,0,dose
D,14989,0.2535,U,25.0,38.48,0,dose
D,15085,0.2552,U,25.0,38.81,0,dose
D,15181,0.2568,U,25.0,39.02,0,dose
D,15275,0.2587,U,25.0,39.14,0,dose
D,15371,0.2608,U,25.0,39.16,0,dose
D,15466,0.2632,U,25.0,39.11,0,dose
D,15562,0.2656,U,25.0,38.81,0,dose
D,15658,0.2682,U,25.0,38.43,0,dose
D,15754,0.2715,U,25.0,38.01,0,dose
D,15850,0.2761,U,25.0,37.50,0,dose
D,15946,0.2824,U,25.0,36.80,0,dose
D,16042,0.2910,U,25.0,35.78,0,dose
D,16136,0.3024,U,25.0,34.33,0,dose
D,16231,0.3171,U,25.0,32.33,0,dose
D,16327,0.3354,U,25.0,29.65,0,dose
D,16423,0.3577,U,25.0,26.20,0,dose
D,16519,0.3838,U,25.0,21.87,0,dose
D,16615,0.4120,U,25.0,16.57,0,dose
D,16711,0.4395,U,25.0,10.48,0,dose
D,16816,0.4629,U,25.0,0.00,0,dose
D,16910,0.4799,U,25.0,0.00,0,dose
D,17004,0.4900,U,25.0,0.00,0,dose
D,17098,0.4945,U,23.9,0.00,0,dose
D,17193,0.4957,U,22.7,0.00,0,dose
D,17288,0.4953,U,21.6,0.00,0,dose
D,17383,0.4945,U,20.5,0.00,0,dose
D,17478,0.4937,U,19.3,0.00,0,dose
D,17573,0.4931,U,18.2,0.00,0,dose
D,17668,0.4929,U,17.0,0.00,0,dose
D,17763,0.4928,U,15.9,0.00,0,dose
D,17859,0.4927,U,15.0,0.00,0,dose
D,17953,0.4926,U,15.0,0.00,0,dose
D,18048,0.4926,U,15.0,0.00,0,dose
D,18144,0.4926,U,15.0,0.00,0,dose
D,18240,0.4925,U,15.0,0.00,0,dose
D,18336,0.4925,U,15.0,0.00,0,dose
D,18432,0.4925,S,15.0,0.00,0,dose
D,18528,0.4925,S,15.0,0.00,0,dose
D,18624,0.4925,S,15.0,0.00,0,dose
D,18720,0.4924,S,15.0,6.17,0,dose
D,18814,0.4924,S,15.0,6.69,0,dose
D,18909,0.4924,S,15.0,6.97,0,dose
D,19005,0.4924,S,15.0,7.10,0,dose
D,19101,0.4924,S,15.0,7.15,0,dose
D,19197,0.4924,S,15.0,7.17,0,dose
D,19293,0.4924,S,15.0,7.17,0,dose
D,19389,0.4924,S,15.0,7.17,0,dose
D,19484,0.4924,S,15.0,7.17,0,dose
D,19580,0.4924,S,15.0,7.17,0,dose
D,19674,0.4924,S,15.0,7.17,0,dose
D,19770,0.4924,S,15.0,7.16,0,dose
D,19866,0.4924,S,15.0,7.16,0,dose
D,19962,0.4924,S,15.0,7.15,0,dose
D,20058,0.4924,S,15.0,7.15,0,dose
D,20154,0.4924,S,15.0,7.15,0,dose
D,20249,0.4924,S,15.0,7.15,0,dose
D,20345,0.4924,S,15.0,7.14,0,dose
D,20441,0.4924,S,15.0,7.14,0,dose
D,20537,0.4924,S,15.0,7.14,0,dose
D,20631,0.4924,S,15.0,7.14,0,dose
D,20727,0.4924,S,15.0,7.14,0,dose
D,20823,0.4924,S,15.0,7.14,0,dose
D,20918,0.4924,S,15.0,7.14,0,dose
D,21014,0.4924,S,15.0,7.14,0,dose
D,21110,0.4924,S,15.0,7.14,0,dose
D,21206,0.4924,S,15.0,7.14,0,dose
D,21302,0.4924,S,15.0,7.14,0,dose
D,21398,0.4924,S,15.0,7.14,0,dose
D,21492,0.4924,S,15.0,7.14,0,dose
D,21588,0.4924,S,15.0,7.14,0,dose
D,21683,0.4924,S,15.0,7.14,0,dose
D,21779,0.4924,S,15.0,7.14,0,dose
D,21875,0.4924,S,15.0,7.14,0,dose
D,21971,0.4924,S,15.0,7.14,0,dose
D,22067,0.4924,S,15.0,7.14,0,dose
D,22163,0.4924,S,15.0,7.14,0,dose
D,22259,0.4923,S,15.0,7.14,0,dose
D,22353,0.4923,S,15.0,7.15,0,dose
D,22449,0.4923,S,15.0,7.16,0,dose
D,22544,0.4923,S,15.0,7.16,0,dose
D,22640,0.4923,S,15.0,7.16,0,dose
D,22747,0.4923,S,15.0,7.16,0,dose
D,22841,0.4923,S,15.0,7.17,0,dose
D,22935,0.4923,S,15.0,7.17,0,dose
D,23029,0.4924,S,15.0,7.17,0,dose
D,23123,0.4924,S,15.0,7.16,0,dose
D,23217,0.4924,S,15.0,7.15,0,dose
D,23311,0.4924,S,15.0,7.15,0,dose
D,23405,0.4924,S,15.0,7.14,0,dose
D,23501,0.4924,S,15.0,7.14,0,dose
D,23597,0.4924,S,15.0,7.14,0,dose
D,23693,0.4924,S,15.0,7.14,0,dose
D,23788,0.4924,S,15.0,7.14,0,dose
D,23884,0.4924,S,15.0,7.13,0,dose
D,23980,0.4924,S,15.0,7.13,0,dose
D,24076,0.4924,S,15.0,7.13,0,dose
D,24170,0.4924,S,15.0,7.13,0,dose
D,24266,0.4924,S,15.0,7.13,0,dose
D,24362,0.4924,S,15.0,7.13,0,dose
D,24458,0.4924,S,15.0,7.13,0,dose
D,24553,0.4924,S,15.0,7.13,0,dose
D,24649,0.4924,S,15.0,7.14,0,dose
D,24745,0.4924,S,15.0,7.14,0,dose
D,24841,0.4924,S,15.0,7.14,0,dose
D,24937,0.4924,S,15.0,7.14,0,dose
D,25031,0.4924,S,15.0,7.14,0,dose
D,25127,0.4924,S,15.0,7.14,0,dose
D,25222,0.4924,S,15.0,7.14,0,dose
D,25318,0.4924,S,15.0,7.14,0,dose
D,25414,0.4924,S,15.0,7.14,0,dose
D,25510,0.4924,S,15.0,7.14,0,dose
D,25606,0.4924,S,15.0,7.14,0,dose
D,25702,0.4924,S,15.0,7.14,0,dose
D,25797,0.4924,S,15.0,7.14,0,dose
D,25891,0.4924,S,15.0,7.14,0,dose
D,25987,0.4924,S,15.0,7.14,0,dose
D,26083,0.4925,S,15.0,7.14,0,dose
D,26179,0.4925,S,15.0,7.13,0,dose
D,26275,0.4925,S,15.0,7.12,0,dose
D,26371,0.4925,S,15.0,7.12,0,dose
D,26466,0.4925,S,15.0,7.12,0,dose
D,26562,0.4925,S,15.0,7.12,0,dose
D,26658,0.4925,S,15.0,7.11,0,dose
D,26754,0.4925,S,15.0,7.11,0,dose
D,26848,0.4925,S,15.0,7.11,0,dose
D,26944,0.4925,S,15.0,7.11,0,dose
D,27039,0.4925,S,15.0,7.11,0,dose
D,27135,0.4925,S,15.0,7.11,0,dose
D,27231,0.4925,S,15.0,7.11,0,dose
D,27327,0.4925,S,15.0,7.11,0,dose
D,27423,0.4925,S,15.0,7.11,0,dose
D,27519,0.4925,S,15.0,7.11,0,dose
D,27614,0.4925,S,15.0,7.12,0,dose
D,27708,0.4925,S,15.0,7.12,0,dose
E,27712,stall 10 s; tap burst
D,28188,0.4925,S,15.0,0.00,2,dose
D,28283,0.4925,S,15.0,7.12,2,dose
D,28379,0.4925,S,15.0,7.12,2,dose
D,28475,0.4925,S,15.0,7.12,2,dose
D,28569,0.4925,S,15.0,7.12,2,dose
D,28665,0.4926,S,15.0,7.12,2,dose
D,28761,0.4926,S,15.0,7.11,2,dose
D,28856,0.4926,S,15.0,7.11,2,dose
D,28952,0.4926,S,15.0,7.10,2,dose
D,29048,0.4926,S,15.0,7.10,2,dose
D,29153,0.4926,S,15.0,7.10,2,dose
D,29247,0.4926,S,15.0,7.10,2,dose
D,29341,0.4926,S,15.0,7.10,2,dose
D,29435,0.4926,S,15.0,7.10,2,dose
D,29529,0.4926,S,15.0,7.10,2,dose
D,29623,0.4926,S,15.0,7.10,2,dose
D,29717,0.4926,S,15.0,7.10,2,dose
D,29813,0.4926,S,15.0,7.10,2,dose
D,29909,0.4926,S,15.0,7.10,2,dose
D,30005,0.4926,S,15.0,7.10,2,dose
D,30101,0.4926,S,15.0,7.10,2,dose
D,30196,0.4926,S,15.0,7.10,2,dose
D,30292,0.4926,S,15.0,7.11,2,dose
D,30386,0.4926,S,15.0,7.11,2,dose
D,30482,0.4926,S,15.0,7.11,2,dose
D,30578,0.4926,S,15.0,7.11,2,dose
D,30674,0.4926,S,15.0,7.11,2,dose
D,30770,0.4926,S,15.0,7.11,2,dose
D,30865,0.4926,S,15.0,7.11,2,dose
D,30961,0.4926,S,15.0,7.11,2,dose
D,31057,0.4926,S,15.0,7.11,2,dose
D,31153,0.4926,S,15.0,7.11,2,dose
D,31247,0.4926,S,15.0,7.11,2,dose
D,31342,0.4926,S,15.0,7.11,2,dose
D,31438,0.4926,S,15.0,7.11,2,dose
D,31534,0.4926,S,15.0,7.11,2,dose
D,31630,0.4926,S,15.0,7.11,2,dose
D,31726,0.4926,S,15.0,7.11,2,dose
D,31822,0.4926,S,15.0,7.11,2,dose
D,31918,0.4926,S,15.0,7.11,2,dose
D,32013,0.4926,S,15.0,7.11,2,dose
D,32109,0.4926,S,15.0,7.11,2,dose
D,32203,0.4926,S,15.0,7.11,2,dose
D,32299,0.4926,S,15.0,7.11,2,dose
D,32395,0.4926,S,15.0,7.11,2,dose
D,32491,0.4926,S,15.0,7.11,2,dose
D,32586,0.4926,S,15.0,7.11,2,dose
D,32682,0.4926,S,15.0,7.11,2,dose
D,32778,0.4926,S,15.0,7.11,2,dose
D,32874,0.4926,S,15.0,7.11,2,dose
D,32970,0.4926,S,15.0,7.11,2,dose
D,33064,0.4926,S,15.0,7.11,2,dose
D,33160,0.4926,S,15.0,7.11,2,dose
D,33256,0.4926,S,15.0,7.11,2,dose
D,33351,0.4926,S,15.0,7.11,2,dose
D,33447,0.4926,S,15.0,7.11,2,dose
D,33543,0.4926,S,15.0,7.11,2,dose
D,33639,0.4926,S,15.0,7.11,2,dose
D,33735,0.4926,S,15.0,7.11,2,dose
D,33830,0.4926,S,15.0,7.11,2,dose
D,33925,0.4926,S,15.0,7.11,2,dose
D,34020,0.4926,S,15.0,7.11,2,dose
D,34116,0.4926,S,15.0,7.11,2,dose
D,34212,0.4926,S,15.0,7.11,2,dose
D,34308,0.4926,S,15.0,7.11,2,dose
D,34403,0.4926,S,15.0,7.11,2,dose
D,34499,0.4926,S,15.0,7.11,2,dose
D,34595,0.4926,S,15.0,7.11,2,dose
D,34691,0.4925,S,15.0,7.11,2,dose
D,34787,0.4925,S,15.0,7.12,2,dose
D,34881,0.4925,S,15.0,7.13,2,dose
D,34977,0.4925,S,15.0,7.13,2,dose
D,35073,0.4925,S,15.0,7.13,2,dose
D,35178,0.4925,S,15.0,7.13,2,dose
D,35272,0.4925,S,15.0,7.14,2,dose
D,35366,0.4925,S,15.0,7.14,2,dose
D,35460,0.4925,S,15.0,7.14,2,dose
D,35554,0.4925,S,15.0,7.14,2,dose
D,35648,0.4925,S,15.0,7.14,2,dose
D,35742,0.4925,S,15.0,7.14,2,dose
D,35837,0.4925,S,15.0,7.14,2,dose
D,35933,0.4925,S,15.0,7.14,2,dose
D,36029,0.4925,S,15.0,7.14,2,dose
D,36125,0.4925,S,15.0,7.14,2,dose
D,36221,0.4925,S,15.0,7.13,2,dose
D,36317,0.4925,S,15.0,7.13,2,dose
D,36412,0.4925,S,15.0,7.13,2,dose
D,36508,0.4925,S,15.0,7.13,2,dose
D,36602,0.4925,S,15.0,7.13,2,dose
D,36698,0.4925,S,15.0,7.13,2,dose
D,36794,0.4925,S,15.0,7.13,2,dose
D,36890,0.4925,S,15.0,7.13,2,dose
D,36985,0.4925,S,15.0,7.13,2,dose
D,37081,0.4925,S,15.0,7.13,2,dose
D,37177,0.4925,S,15.0,7.13,2,dose
D,37273,0.4925,S,15.0,7.13,2,dose
D,37369,0.4925,S,15.0,7.12,2,dose
D,37465,0.4925,S,15.0,7.12,2,dose
D,37559,0.4925,S,15.0,7.12,2,dose
D,37654,0.4925,S,15.0,7.12,2,dose
D,37750,0.4925,S,15.0,7.12,2,dose
E,37754,stall 10 s; tap burst
D,38229,0.4925,S,15.0,0.00,4,dose
D,38325,0.4925,S,15.0,7.12,4,dose
D,38419,0.4925,S,15.0,7.12,4,dose
D,38515,0.4925,S,15.0,7.12,4,dose
D,38611,0.4925,S,15.0,7.12,4,dose
D,38707,0.4925,S,15.0,7.12,4,dose
D,38803,0.4925,S,15.0,7.12,4,dose
D,38898,0.4925,S,15.0,7.12,4,dose
D,38994,0.4925,S,15.0,7.12,4,dose
D,39090,0.4925,S,15.0,7.12,4,dose
D,39186,0.4925,S,15.0,7.12,4,dose
D,39280,0.4925,S,15.0,7.12,4,dose
D,39376,0.4925,S,15.0,7.12,4,dose
D,39471,0.4925,S,15.0,7.12,4,dose
D,39567,0.4925,S,15.0,7.12,4,dose
D,39663,0.4925,S,15.0,7.12,4,dose
D,39759,0.4925,S,15.0,7.12,4,dose
D,39855,0.4925,S,15.0,7.12,4,dose
D,39951,0.4925,S,15.0,7.12,4,dose
D,40047,0.4925,S,15.0,7.12,4,dose
D,40141,0.4925,S,15.0,7.12,4,dose
D,40236,0.4926,S,15.0,7.12,4,dose
D,40332,0.4926,S,15.0,7.11,4,dose
D,40428,0.4926,S,15.0,7.11,4,dose
D,40524,0.4926,S,15.0,7.10,4,dose
D,40620,0.4926,S,15.0,7.10,4,dose
D,40715,0.4926,S,15.0,7.10,4,dose
D,40811,0.4926,S,15.0,7.10,4,dose
D,40907,0.4926,S,15.0,7.10,4,dose
D,41003,0.4926,S,15.0,7.10,4,dose
D,41097,0.4926,S,15.0,7.10,4,dose
D,41193,0.4926,S,15.0,7.10,4,dose
D,41288,0.4926,S,15.0,7.10,4,dose
D,41384,0.4926,S,15.0,7.10,4,dose
D,41480,0.4926,S,15.0,7.10,4,dose
D,41585,0.4926,S,15.0,7.10,4,dose
D,41679,0.4926,S,15.0,7.10,4,dose
D,41773,0.4926,S,15.0,7.10,4,dose
D,41867,0.4926,S,15.0,7.11,4,dose
D,41961,0.4926,S,15.0,7.11,4,dose
D,42055,0.4926,S,15.0,7.11,4,dose
D,42149,0.4926,S,15.0,7.11,4,dose
D,42245,0.4926,S,15.0,7.11,4,dose
D,42341,0.4926,S,15.0,7.11,4,dose
D,42437,0.4926,S,15.0,7.11,4,dose
D,42533,0.4926,S,15.0,7.11,4,dose
D,42629,0.4926,S,15.0,7.11,4,dose
D,42724,0.4926,S,15.0,7.11,4,dose
D,42818,0.4926,S,15.0,7.11,4,dose
D,42914,0.4926,S,15.0,7.11,4,dose
D,43010,0.4926,S,15.0,7.11,4,dose
D,43106,0.4926,S,15.0,7.11,4,dose
D,43202,0.4926,S,15.0,7.11,4,dose
D,43297,0.4926,S,15.0,7.11,4,dose
D,43393,0.4926,S,15.0,7.11,4,dose
D,43489,0.4926,S,15.0,7.11,4,dose
D,43585,0.4926,S,15.0,7.11,4,dose
D,43681,0.4926,S,15.0,7.11,4,dose
D,43775,0.4926,S,15.0,7.11,4,dose
D,43871,0.4926,S,15.0,7.11,4,dose
D,43966,0.4926,S,15.0,7.11,4,dose
D,44062,0.4926,S,15.0,7.11,4,dose
D,44158,0.4926,S,15.0,7.11,4,dose
D,44254,0.4926,S,15.0,7.11,4,dose
D,44350,0.4926,S,15.0,7.11,4,dose
D,44446,0.4926,S,15.0,7.11,4,dose
D,44541,0.4926,S,15.0,7.11,4,dose
D,44635,0.4926,S,15.0,7.11,4,dose
D,44731,0.4926,S,15.0,7.11,4,dose
D,44827,0.4926,S,15.0,7.11,4,dose
D,44923,0.4926,S,15.0,7.11,4,dose
D,45019,0.4926,S,15.0,7.11,4,dose
D,45115,0.4925,S,15.0,7.11,4,dose
D,45210,0.4925,S,15.0,7.12,4,dose
D,45306,0.4925,S,15.0,7.13,4,dose
D,45402,0.4925,S,15.0,7.13,4,dose
D,45496,0.4925,S,15.0,7.13,4,dose
D,45592,0.4925,S,15.0,7.13,4,dose
D,45688,0.4925,S,15.0,7.14,4,dose
D,45783,0.4925,S,15.0,7.14,4,dose
D,45879,0.4925,S,15.0,7.14,4,dose
D,45975,0.4925,S,15.0,7.14,4,dose
D,46071,0.4925,S,15.0,7.14,4,dose
D,46167,0.4925,S,15.0,7.14,4,dose
D,46263,0.4925,S,15.0,7.14,4,dose
D,46359,0.4925,S,15.0,7.14,4,dose
D,46453,0.4925,S,15.0,7.14,4,dose
D,46548,0.4925,S,15.0,7.14,4,dose
D,46644,0.4925,S,15.0,7.13,4,dose
D,46740,0.4925,S,15.0,7.13,4,dose
D,46836,0.4925,S,15.0,7.13,4,dose
D,46932,0.4925,S,15.0,7.13,4,dose
D,47027,0.4925,S,15.0,7.13,4,dose
D,47123,0.4925,S,15.0,7.13,4,dose
D,47219,0.4925,S,15.0,7.13,4,dose
D,47313,0.4925,S,15.0,7.13,4,dose
D,47409,0.4925,S,15.0,7.13,4,dose
D,47505,0.4925,S,15.0,7.13,4,dose
D,47610,0.4925,S,15.0,7.13,4,dose
D,47704,0.4925,S,15.0,7.13,4,dose
D,47798,0.4925,S,15.0,7.12,4,dose
E,47802,stall 10 s; tap burst
D,48272,0.4925,S,15.0,0.00,6,dose
D,48366,0.4925,S,15.0,7.12,6,dose
D,48461,0.4925,S,15.0,7.12,6,dose
D,48557,0.4925,S,15.0,7.12,6,dose
D,48653,0.4925,S,15.0,7.12,6,dose
D,48749,0.4925,S,15.0,7.12,6,dose
D,48844,0.4925,S,15.0,7.12,6,dose
D,48940,0.4925,S,15.0,7.12,6,dose
D,49036,0.4925,S,15.0,7.12,6,dose
D,49130,0.4925,S,15.0,7.12,6,dose
D,49226,0.4925,S,15.0,7.12,6,dose
D,49322,0.4925,S,15.0,7.12,6,dose
D,49418,0.4925,S,15.0,7.12,6,dose
D,49513,0.4925,S,15.0,7.12,6,dose
D,49609,0.4925,S,15.0,7.12,6,dose
D,49705,0.4925,S,15.0,7.12,6,dose
D,49801,0.4925,S,15.0,7.12,6,dose
D,49897,0.4925,S,15.0,7.12,6,dose
D,49991,0.4925,S,15.0,7.12,6,dose
D,50086,0.4925,S,15.0,7.12,6,dose
D,50182,0.4925,S,15.0,7.12,6,dose
D,50278,0.4925,S,15.0,7.12,6,dose
D,50374,0.4925,S,15.0,7.12,6,dose
D,50470,0.4925,S,15.0,7.12,6,dose
D,50566,0.4925,S,15.0,7.12,6,dose
D,50661,0.4925,S,15.0,7.12,6,dose
D,50757,0.4925,S,15.0,7.12,6,dose
D,50851,0.4925,S,15.0,7.12,6,dose
D,50947,0.4925,S,15.0,7.12,6,dose
D,51043,0.4925,S,15.0,7.12,6,dose
D,51139,0.4925,S,15.0,7.12,6,dose
D,51235,0.4925,S,15.0,7.12,6,dose
D,51330,0.4925,S,15.0,7.12,6,dose
D,51426,0.4925,S,15.0,7.12,6,dose
D,51522,0.4925,S,15.0,7.12,6,dose
D,51618,0.4925,S,15.0,7.12,6,dose
D,51714,0.4925,S,15.0,7.12,6,dose
D,51808,0.4925,S,15.0,7.12,6,dose
D,51904,0.4925,S,15.0,7.12,6,dose
D,51999,0.4925,S,15.0,7.12,6,dose
D,52095,0.4925,S,15.0,7.12,6,dose
D,52191,0.4925,S,15.0,7.12,6,dose
D,52287,0.4925,S,15.0,7.12,6,dose
D,52383,0.4925,S,15.0,7.12,6,dose
D,52479,0.4925,S,15.0,7.12,6,dose
D,52574,0.4925,S,15.0,7.12,6,dose
D,52668,0.4925,S,15.0,7.12,6,dose
D,52764,0.4925,S,15.0,7.12,6,dose
D,52860,0.4925,S,15.0,7.12,6,dose
D,52956,0.4925,S,15.0,7.12,6,dose
D,53052,0.4925,S,15.0,7.12,6,dose
D,53148,0.4925,S,15.0,7.12,6,dose
D,53244,0.4925,S,15.0,7.12,6,dose
D,53339,0.4925,S,15.0,7.12,6,dose
D,53435,0.4925,S,15.0,7.12,6,dose
D,53529,0.4925,S,15.0,7.12,6,dose
D,53625,0.4925,S,15.0,7.12,6,dose
D,53721,0.4925,S,15.0,7.12,6,dose
D,53816,0.4925,S,15.0,7.12,6,dose
D,53923,0.4925,S,15.0,7.12,6,dose
D,54017,0.4925,S,15.0,7.12,6,dose
D,54111,0.4925,S,15.0,7.12,6,dose
D,54205,0.4925,S,15.0,7.12,6,dose
D,54299,0.4925,S,15.0,7.12,6,dose
D,54393,0.4925,S,15.0,7.12,6,dose
D,54487,0.4925,S,15.0,7.12,6,dose
D,54581,0.4925,S,15.0,7.12,6,dose
D,54677,0.4925,S,15.0,7.12,6,dose
D,54773,0.4925,S,15.0,7.12,6,dose
D,54869,0.4925,S,15.0,7.12,6,dose
D,54965,0.4925,S,15.0,7.12,6,dose
D,55061,0.4925,S,15.0,7.12,6,dose
D,55156,0.4925,S,15.0,7.12,6,dose
D,55252,0.4925,S,15.0,7.12,6,dose
D,55346,0.4925,S,15.0,7.12,6,dose
D,55442,0.4925,S,15.0,7.12,6,dose
D,55538,0.4925,S,15.0,7.12,6,dose
D,55634,0.4925,S,15.0,7.12,6,dose
D,55729,0.4925,S,15.0,7.12,6,dose
D,55825,0.4925,S,15.0,7.12,6,dose
D,55921,0.4925,S,15.0,7.12,6,dose
D,56017,0.4925,S,15.0,7.12,6,dose
D,56113,0.4925,S,15.0,7.12,6,dose
D,56207,0.4925,S,15.0,7.12,6,dose
D,56303,0.4925,S,15.0,7.12,6,dose
D,56398,0.4925,S,15.0,7.12,6,dose
D,56494,0.4925,S,15.0,7.12,6,dose
D,56590,0.4925,S,15.0,7.12,6,dose
D,56686,0.4925,S,15.0,7.12,6,dose
D,56782,0.4925,S,15.0,7.12,6,dose
D,56878,0.4925,S,15.0,7.12,6,dose
D,56974,0.4925,S,15.0,7.12,6,dose
D,57068,0.4925,S,15.0,7.12,6,dose
D,57163,0.4925,S,15.0,7.12,6,dose
D,57259,0.4925,S,15.0,7.12,6,dose
D,57355,0.4925,S,15.0,7.12,6,dose
D,57451,0.4925,S,15.0,7.12,6,dose
D,57547,0.4925,S,15.0,7.12,6,dose
D,57642,0.4925,S,15.0,7.12,6,dose
D,57738,0.4925,S,15.0,7.12,6,dose
D,57834,0.4925,S,15.0,7.12,6,dose
E,57838,stall 10 s; tap burst
D,58311,0.4925,S,15.0,0.00,8,dose
D,58407,0.4925,S,15.0,7.12,8,dose
D,58503,0.4925,S,15.0,7.12,8,dose
D,58599,0.4925,S,15.0,7.12,8,dose
D,58695,0.4925,S,15.0,7.12,8,dose
D,58790,0.4925,S,15.0,7.12,8,dose
D,58884,0.4925,S,15.0,7.12,8,dose
D,58980,0.4925,S,15.0,7.12,8,dose
D,59076,0.4925,S,15.0,7.12,8,dose
D,59172,0.4925,S,15.0,7.12,8,dose
D,59268,0.4925,S,15.0,7.12,8,dose
D,59364,0.4925,S,15.0,7.12,8,dose
D,59459,0.4925,S,15.0,7.12,8,dose
D,59555,0.4925,S,15.0,7.12,8,dose
D,59651,0.4925,S,15.0,7.12,8,dose
D,59745,0.4925,S,15.0,7.12,8,dose
D,59841,0.4925,S,15.0,7.12,8,dose
D,59937,0.4924,S,15.0,7.12,8,dose
D,60033,0.4924,S,15.0,7.14,8,dose
D,60128,0.4924,S,15.0,7.14,8,dose
D,60224,0.4924,S,15.0,7.15,8,dose
D,60330,0.4924,S,15.0,7.15,8,dose
D,60423,0.4924,S,15.0,7.15,8,dose
D,60517,0.4924,S,15.0,7.15,8,dose
D,60611,0.4924,S,15.0,7.15,8,dose
D,60705,0.4924,S,15.0,7.15,8,dose
D,60799,0.4924,S,15.0,7.15,8,dose
D,60893,0.4924,S,15.0,7.15,8,dose
D,60989,0.4924,S,15.0,7.15,8,dose
D,61085,0.4924,S,15.0,7.15,8,dose
D,61181,0.4924,S,15.0,7.15,8,dose
D,61277,0.4924,S,15.0,7.15,8,dose
D,61372,0.4924,S,15.0,7.15,8,dose
D,61468,0.4924,S,15.0,7.15,8,dose
D,61562,0.4924,S,15.0,7.14,8,dose
D,61658,0.4924,S,15.0,7.14,8,dose
D,61754,0.4924,S,15.0,7.14,8,dose
D,61850,0.4924,S,15.0,7.14,8,dose
D,61946,0.4924,S,15.0,7.14,8,dose
D,62041,0.4924,S,15.0,7.14,8,dose
D,62137,0.4924,S,15.0,7.14,8,dose
D,62233,0.4924,S,15.0,7.14,8,dose
D,62329,0.4924,S,15.0,7.14,8,dose
D,62423,0.4924,S,15.0,7.14,8,dose
D,62519,0.4924,S,15.0,7.14,8,dose
D,62615,0.4925,S,15.0,7.14,8,dose
D,62710,0.4925,S,15.0,7.13,8,dose
D,62806,0.4925,S,15.0,7.12,8,dose
D,62902,0.4925,S,15.0,7.12,8,dose
D,62998,0.4925,S,15.0,7.12,8,dose
D,63094,0.4925,S,15.0,7.12,8,dose
D,63189,0.4925,S,15.0,7.11,8,dose
D,63285,0.4925,S,15.0,7.11,8,dose
D,63379,0.4925,S,15.0,7.11,8,dose
D,63475,0.4925,S,15.0,7.11,8,dose
D,63571,0.4925,S,15.0,7.11,8,dose
D,63667,0.4925,S,15.0,7.11,8,dose
D,63763,0.4925,S,15.0,7.11,8,dose
D,63859,0.4925,S,15.0,7.11,8,dose
D,63954,0.4925,S,15.0,7.11,8,dose
D,64050,0.4925,S,15.0,7.11,8,dose
D,64146,0.4925,S,15.0,7.12,8,dose
D,64240,0.4925,S,15.0,7.12,8,dose
D,64336,0.4925,S,15.0,7.12,8,dose
D,64432,0.4925,S,15.0,7.12,8,dose
D,64527,0.4925,S,15.0,7.12,8,dose
D,64623,0.4925,S,15.0,7.12,8,dose
D,64719,0.4925,S,15.0,7.12,8,dose
D,64815,0.4925,S,15.0,7.12,8,dose
D,64911,0.4925,S,15.0,7.12,8,dose
D,65007,0.4925,S,15.0,7.12,8,dose
D,65101,0.4925,S,15.0,7.12,8,dose
D,65196,0.4925,S,15.0,7.12,8,dose
D,65292,0.4925,S,15.0,7.12,8,dose
D,65388,0.4925,S,15.0,7.12,8,dose
D,65484,0.4925,S,15.0,7.12,8,dose
D,65580,0.4925,S,15.0,7.12,8,dose
D,65676,0.4925,S,15.0,7.12,8,dose
D,65771,0.4925,S,15.0,7.12,8,dose
D,65867,0.4925,S,15.0,7.12,8,dose
D,65963,0.4925,S,15.0,7.12,8,dose
D,66057,0.4925,S,15.0,7.12,8,dose
D,66153,0.4925,S,15.0,7.12,8,dose
D,66249,0.4925,S,15.0,7.12,8,dose
D,66354,0.4925,S,15.0,7.12,8,dose
D,66448,0.4925,S,15.0,7.12,8,dose
D,66542,0.4925,S,15.0,7.12,8,dose
D,66636,0.4925,S,15.0,7.12,8,dose
D,66730,0.4925,S,15.0,7.12,8,dose
D,66824,0.4925,S,15.0,7.12,8,dose
D,66918,0.4925,S,15.0,7.12,8,dose
D,67013,0.4925,S,15.0,7.12,8,dose
D,67109,0.4925,S,15.0,7.12,8,dose
D,67205,0.4925,S,15.0,7.12,8,dose
D,67301,0.4925,S,15.0,7.12,8,dose
D,67397,0.4925,S,15.0,7.12,8,dose
D,67493,0.4925,S,15.0,7.12,8,dose
D,67588,0.4925,S,15.0,7.12,8,dose
D,67684,0.4925,S,15.0,7.12,8,dose
D,67778,0.4925,S,15.0,7.12,8,dose
D,67874,0.4925,S,15.0,7.12,8,dose
E,67879,stall 10 s; tap burst
D,68353,0.4925,S,15.0,0.00,10,dose
D,68449,0.4925,S,15.0,7.12,10,dose
D,68545,0.4925,S,15.0,7.12,10,dose
D,68641,0.4925,S,15.0,7.12,10,dose
D,68735,0.4925,S,15.0,7.12,10,dose
D,68830,0.4925,S,15.0,7.12,10,dose
D,68926,0.4925,S,15.0,7.12,10,dose
D,69022,0.4925,S,15.0,7.12,10,dose
D,69118,0.4925,S,15.0,7.12,10,dose
D,69214,0.4925,S,15.0,7.12,10,dose
D,69310,0.4925,S,15.0,7.12,10,dose
D,69405,0.4925,S,15.0,7.12,10,dose
D,69501,0.4925,S,15.0,7.12,10,dose
D,69595,0.4925,S,15.0,7.12,10,dose
D,69691,0.4925,S,15.0,7.12,10,dose
D,69787,0.4925,S,15.0,7.12,10,dose
D,69883,0.4925,S,15.0,7.12,10,dose
D,69979,0.4925,S,15.0,7.12,10,dose
D,70074,0.4925,S,15.0,7.12,10,dose
D,70170,0.4925,S,15.0,7.12,10,dose
D,70266,0.4925,S,15.0,7.12,10,dose
D,70362,0.4925,S,15.0,7.12,10,dose
D,70456,0.4925,S,15.0,7.12,10,dose
D,70552,0.4925,S,15.0,7.12,10,dose
D,70648,0.4925,S,15.0,7.12,10,dose
D,70743,0.4925,S,15.0,7.12,10,dose
D,70839,0.4925,S,15.0,7.12,10,dose
D,70935,0.4925,S,15.0,7.12,10,dose
D,71031,0.4925,S,15.0,7.12,10,dose
D,71127,0.4925,S,15.0,7.12,10,dose
D,71223,0.4925,S,15.0,7.12,10,dose
D,71318,0.4925,S,15.0,7.12,10,dose
D,71412,0.4925,S,15.0,7.12,10,dose
D,71508,0.4925,S,15.0,7.12,10,dose
D,71604,0.4925,S,15.0,7.12,10,dose
D,71700,0.4925,S,15.0,7.12,10,dose
D,71796,0.4925,S,15.0,7.12,10,dose
D,71892,0.4925,S,15.0,7.12,10,dose
D,71987,0.4925,S,15.0,7.12,10,dose
D,72083,0.4925,S,15.0,7.12,10,dose
D,72179,0.4925,S,15.0,7.12,10,dose
D,72273,0.4925,S,15.0,7.12,10,dose
D,72369,0.4925,S,15.0,7.12,10,dose
D,72465,0.4925,S,15.0,7.12,10,dose
D,72560,0.4925,S,15.0,7.12,10,dose
D,72665,0.4925,S,15.0,7.12,10,dose
D,72759,0.4925,S,15.0,7.12,10,dose
D,72853,0.4925,S,15.0,7.12,10,dose
D,72947,0.4925,S,15.0,7.12,10,dose
D,73041,0.4925,S,15.0,7.12,10,dose
D,73135,0.4925,S,15.0,7.12,10,dose
D,73230,0.4925,S,15.0,7.12,10,dose
D,73325,0.4925,S,15.0,7.12,10,dose
D,73421,0.4925,S,15.0,7.12,10,dose
D,73517,0.4925,S,15.0,7.12,10,dose
D,73613,0.4925,S,15.0,7.12,10,dose
D,73709,0.4925,S,15.0,7.12,10,dose
D,73804,0.4925,S,15.0,7.12,10,dose
D,73901,0.4925,S,15.0,7.12,10,dose
D,73995,0.4925,S,15.0,7.12,10,dose
D,74090,0.4925,S,15.0,7.12,10,dose
D,74186,0.4925,S,15.0,7.12,10,dose
D,74282,0.4925,S,15.0,7.12,10,dose
D,74378,0.4925,S,15.0,7.12,10,dose
D,74473,0.4925,S,15.0,7.12,10,dose
D,74569,0.4925,S,15.0,7.12,10,dose
D,74665,0.4925,S,15.0,7.12,10,dose
D,74761,0.4925,S,15.0,7.12,10,dose
D,74857,0.4925,S,15.0,7.12,10,dose
D,74951,0.4925,S,15.0,7.12,10,dose
D,75047,0.4925,S,15.0,7.12,10,dose
D,75142,0.4925,S,15.0,7.12,10,dose
D,75238,0.4925,S,15.0,7.12,10,dose
D,75334,0.4925,S,15.0,7.12,10,dose
D,75430,0.4925,S,15.0,7.12,10,dose
D,75526,0.4925,S,15.0,7.12,10,dose
D,75622,0.4925,S,15.0,7.12,10,dose
D,75717,0.4925,S,15.0,7.12,10,dose
D,75811,0.4925,S,15.0,7.12,10,dose
D,75907,0.4925,S,15.0,7.12,10,dose
D,76003,0.4925,S,15.0,7.12,10,dose
D,76099,0.4925,S,15.0,7.12,10,dose
D,76195,0.4925,S,15.0,7.12,10,dose
D,76290,0.4925,S,15.0,7.12,10,dose
D,76386,0.4925,S,15.0,7.12,10,dose
D,76482,0.4925,S,15.0,7.12,10,dose
D,76578,0.4925,S,15.0,7.12,10,dose
D,76672,0.4925,S,15.0,7.12,10,dose
D,76768,0.4925,S,15.0,7.12,10,dose
D,76864,0.4925,S,15.0,7.12,10,dose
D,76959,0.4925,S,15.0,7.12,10,dose
D,77055,0.4925,S,15.0,7.12,10,dose
D,77151,0.4925,S,15.0,7.12,10,dose
D,77247,0.4925,S,15.0,7.12,10,dose
D,77343,0.4925,S,15.0,7.12,10,dose
D,77439,0.4925,S,15.0,7.12,10,dose
D,77535,0.4925,S,15.0,7.12,10,dose
D,77629,0.4925,S,15.0,7.12,10,dose
D,77724,0.4925,S,15.0,7.12,10,dose
D,77820,0.4925,S,15.0,7.12,10,dose
D,77916,0.4925,S,15.0,7.12,10,dose
E,77921,stall 10 s; tap burst
D,78395,0.4925,S,15.0,0.00,12,dose
D,78489,0.4925,S,15.0,7.12,12,dose
D,78585,0.4925,S,15.0,7.12,12,dose
D,78681,0.4925,S,15.0,7.12,12,dose
D,78777,0.4925,S,15.0,7.12,12,dose
D,78872,0.4925,S,15.0,7.12,12,dose
D,78977,0.4925,S,15.0,7.12,12,dose
D,79071,0.4925,S,15.0,7.12,12,dose
D,79165,0.4925,S,15.0,7.12,12,dose
D,79259,0.4925,S,15.0,7.12,12,dose
D,79353,0.4925,S,15.0,7.12,12,dose
D,79447,0.4925,S,15.0,7.12,12,dose
D,79541,0.4925,S,15.0,7.12,12,dose
D,79637,0.4925,S,15.0,7.12,12,dose
D,79733,0.4925,S,15.0,7.12,12,dose
D,79829,0.4925,S,15.0,7.12,12,dose
D,79925,0.4925,S,15.0,7.12,12,dose
D,80021,0.4925,S,15.0,7.12,12,dose
D,80116,0.4925,S,15.0,7.12,12,dose
D,80212,0.4925,S,15.0,7.12,12,dose
D,80306,0.4925,S,15.0,7.12,12,dose
D,80402,0.4925,S,15.0,7.12,12,dose
D,80498,0.4925,S,15.0,7.12,12,dose
D,80594,0.4925,S,15.0,7.12,12,dose
D,80689,0.4925,S,15.0,7.12,12,dose
D,80786,0.4925,S,15.0,7.12,12,dose
D,80881,0.4925,S,15.0,7.12,12,dose
D,80977,0.4925,S,15.0,7.12,12,dose
D,81073,0.4925,S,15.0,7.12,12,dose
D,81167,0.4925,S,15.0,7.12,12,dose
D,81262,0.4925,S,15.0,7.12,12,dose
D,81358,0.4925,S,15.0,7.12,12,dose
D,81454,0.4925,S,15.0,7.12,12,dose
D,81550,0.4925,S,15.0,7.12,12,dose
D,81646,0.4925,S,15.0,7.12,12,dose
D,81742,0.4925,S,15.0,7.12,12,dose
D,81838,0.4925,S,15.0,7.12,12,dose
D,81933,0.4925,S,15.0,7.12,12,dose
D,82027,0.4925,S,15.0,7.12,12,dose
D,82123,0.4925,S,15.0,7.12,12,dose
D,82219,0.4925,S,15.0,7.12,12,dose
D,82315,0.4925,S,15.0,7.12,12,dose
D,82411,0.4925,S,15.0,7.12,12,dose
D,82506,0.4925,S,15.0,7.12,12,dose
D,82602,0.4925,S,15.0,7.12,12,dose
D,82698,0.4925,S,15.0,7.12,12,dose
D,82794,0.4925,S,15.0,7.12,12,dose
D,82890,0.4925,S,15.0,7.12,12,dose
D,82984,0.4925,S,15.0,7.12,12,dose
D,83080,0.4925,S,15.0,7.12,12,dose
D,83175,0.4925,S,15.0,7.12,12,dose
D,83271,0.4925,S,15.0,7.12,12,dose
D,83367,0.4925,S,15.0,7.12,12,dose
D,83463,0.4925,S,15.0,7.12,12,dose
D,83559,0.4925,S,15.0,7.12,12,dose
D,83655,0.4925,S,15.0,7.12,12,dose
D,83751,0.4925,S,15.0,7.12,12,dose
D,83845,0.4925,S,15.0,7.12,12,dose
D,83940,0.4925,S,15.0,7.12,12,dose
D,84036,0.4925,S,15.0,7.12,12,dose
D,84132,0.4925,S,15.0,7.12,12,dose
D,84228,0.4925,S,15.0,7.12,12,dose
D,84324,0.4925,S,15.0,7.12,12,dose
D,84420,0.4925,S,15.0,7.12,12,dose
D,84515,0.4925,S,15.0,7.12,12,dose
D,84611,0.4925,S,15.0,7.12,12,dose
D,84705,0.4925,S,15.0,7.12,12,dose
D,84801,0.4925,S,15.0,7.12,12,dose
D,84907,0.4925,S,15.0,7.12,12,dose
D,85000,0.4925,S,15.0,7.12,12,dose
D,85094,0.4925,S,15.0,7.12,12,dose
D,85188,0.4925,S,15.0,7.12,12,dose
D,85282,0.4925,S,15.0,7.12,12,dose
D,85376,0.4925,S,15.0,7.12,12,dose
D,85472,0.4925,S,15.0,7.12,12,dose
D,85568,0.4925,S,15.0,7.12,12,dose
D,85662,0.4925,S,15.0,7.12,12,dose
D,85757,0.4925,S,15.0,7.12,12,dose
D,85853,0.4925,S,15.0,7.12,12,dose
D,85949,0.4925,S,15.0,7.12,12,dose
D,86045,0.4925,S,15.0,7.12,12,dose
D,86141,0.4925,S,15.0,7.12,12,dose
D,86237,0.4925,S,15.0,7.12,12,dose
D,86332,0.4925,S,15.0,7.12,12,dose
D,86428,0.4925,S,15.0,7.12,12,dose
D,86522,0.4925,S,15.0,7.12,12,dose
D,86618,0.4925,S,15.0,7.12,12,dose
D,86714,0.4925,S,15.0,7.12,12,dose
D,86810,0.4925,S,15.0,7.12,12,dose
D,86906,0.4925,S,15.0,7.12,12,dose
D,87001,0.4925,S,15.0,7.12,12,dose
D,87097,0.4925,S,15.0,7.12,12,dose
D,87193,0.4925,S,15.0,7.12,12,dose
D,87289,0.4925,S,15.0,7.12,12,dose
D,87383,0.4925,S,15.0,7.12,12,dose
D,87479,0.4925,S,15.0,7.12,12,dose
D,87574,0.4925,S,15.0,7.12,12,dose
D,87670,0.4925,S,15.0,7.12,12,dose
D,87766,0.4925,S,15.0,7.12,12,dose
D,87862,0.4925,S,15.0,7.12,12,dose
D,87958,0.4925,S,15.0,7.12,12,dose
E,87963,stall 10 s; tap burst
D,88435,0.4925,S,15.0,0.00,14,dose
D,88531,0.4925,S,15.0,7.12,14,dose
D,88627,0.4925,S,15.0,7.12,14,dose
D,88723,0.4925,S,15.0,7.12,14,dose
D,88818,0.4925,S,15.0,7.12,14,dose
D,88914,0.4925,S,15.0,7.12,14,dose
D,89010,0.4925,S,15.0,7.12,14,dose
D,89106,0.4925,S,15.0,7.12,14,dose
D,89200,0.4925,S,15.0,7.12,14,dose
D,89296,0.4925,S,15.0,7.12,14,dose
D,89392,0.4925,S,15.0,7.12,14,dose
D,89487,0.4925,S,15.0,7.12,14,dose
D,89583,0.4925,S,15.0,7.12,14,dose
D,89679,0.4925,S,15.0,7.12,14,dose
D,89775,0.4925,S,15.0,7.12,14,dose
D,89871,0.4925,S,15.0,7.12,14,dose
D,89967,0.4925,S,15.0,7.12,14,dose
D,90061,0.4925,S,15.0,7.12,14,dose
D,90156,0.4925,S,15.0,7.12,14,dose
D,90252,0.4925,S,15.0,7.12,14,dose
D,90348,0.4925,S,15.0,7.12,14,dose
D,90444,0.4925,S,15.0,7.12,14,dose
D,90540,0.4925,S,15.0,7.12,14,dose
D,90636,0.4925,S,15.0,7.12,14,dose
D,90731,0.4925,S,15.0,7.12,14,dose
D,90827,0.4925,S,15.0,7.12,14,dose
D,90921,0.4925,S,15.0,7.12,14,dose
D,91017,0.4925,S,15.0,7.12,14,dose
D,91113,0.4925,S,15.0,7.12,14,dose
D,91220,0.4925,S,15.0,7.12,14,dose
D,91314,0.4925,S,15.0,7.12,14,dose
D,91408,0.4925,S,15.0,7.12,14,dose
D,91502,0.4925,S,15.0,7.12,14,dose
D,91596,0.4925,S,15.0,7.12,14,dose
D,91690,0.4925,S,15.0,7.12,14,dose
D,91784,0.4925,S,15.0,7.12,14,dose
D,91878,0.4925,S,15.0,7.12,14,dose
D,91973,0.4925,S,15.0,7.12,14,dose
D,92069,0.4925,S,15.0,7.12,14,dose
D,92165,0.4925,S,15.0,7.12,14,dose
D,92261,0.4925,S,15.0,7.12,14,dose
D,92357,0.4925,S,15.0,7.12,14,dose
D,92453,0.4925,S,15.0,7.12,14,dose
D,92548,0.4925,S,15.0,7.12,14,dose
D,92644,0.4925,S,15.0,7.12,14,dose
D,92738,0.4925,S,15.0,7.12,14,dose
D,92834,0.4925,S,15.0,7.12,14,dose
D,92930,0.4925,S,15.0,7.12,14,dose
D,93026,0.4925,S,15.0,7.12,14,dose
D,93122,0.4925,S,15.0,7.12,14,dose
D,93217,0.4925,S,15.0,7.12,14,dose
D,93313,0.4925,S,15.0,7.12,14,dose
D,93409,0.4925,S,15.0,7.12,14,dose
D,93505,0.4925,S,15.0,7.12,14,dose
D,93599,0.4925,S,15.0,7.12,14,dose
D,93695,0.4925,S,15.0,7.12,14,dose
D,93790,0.4925,S,15.0,7.12,14,dose
D,93886,0.4925,S,15.0,7.12,14,dose
D,93982,0.4925,S,15.0,7.12,14,dose
D,94078,0.4925,S,15.0,7.12,14,dose
D,94174,0.4925,S,15.0,7.12,14,dose
D,94270,0.4925,S,15.0,7.12,14,dose
D,94366,0.4925,S,15.0,7.12,14,dose
D,94461,0.4925,S,15.0,7.12,14,dose
D,94555,0.4925,S,15.0,7.12,14,dose
D,94651,0.4925,S,15.0,7.12,14,dose
D,94747,0.4925,S,15.0,7.12,14,dose
D,94843,0.4925,S,15.0,7.12,14,dose
D,94939,0.4925,S,15.0,7.12,14,dose
D,95035,0.4925,S,15.0,7.12,14,dose
D,95130,0.4925,S,15.0,7.12,14,dose
D,95226,0.4925,S,15.0,7.12,14,dose
D,95322,0.4925,S,15.0,7.12,14,dose
D,95416,0.4925,S,15.0,7.12,14,dose
D,95512,0.4925,S,15.0,7.12,14,dose
D,95608,0.4925,S,15.0,7.12,14,dose
D,95703,0.4925,S,15.0,7.12,14,dose
D,95799,0.4925,S,15.0,7.12,14,dose
D,95895,0.4925,S,15.0,7.12,14,dose
D,95991,0.4925,S,15.0,7.12,14,dose
D,96087,0.4925,S,15.0,7.12,14,dose
D,96183,0.4925,S,15.0,7.12,14,dose
D,96277,0.4925,S,15.0,7.12,14,dose
D,96372,0.4925,S,15.0,7.12,14,dose
D,96468,0.4925,S,15.0,7.12,14,dose
D,96564,0.4925,S,15.0,7.12,14,dose
D,96660,0.4925,S,15.0,7.12,14,dose
D,96756,0.4925,S,15.0,7.12,14,dose
D,96852,0.4925,S,15.0,7.12,14,dose
D,96947,0.4925,S,15.0,7.12,14,dose
D,97043,0.4925,S,15.0,7.12,14,dose
D,97148,0.4925,S,15.0,7.12,14,dose
D,97242,0.4925,S,15.0,7.12,14,dose
D,97336,0.4925,S,15.0,7.12,14,dose
D,97430,0.4925,S,15.0,7.12,14,dose
D,97524,0.4925,S,15.0,7.12,14,dose
D,97618,0.4925,S,15.0,7.12,14,dose
D,97712,0.4925,S,15.0,7.12,14,dose
D,97808,0.4925,S,15.0,7.12,14,dose
D,97904,0.4925,S,15.0,7.12,14,dose
D,98000,0.4925,S,15.0,7.12,14,dose
E,98005,stall 10 s; tap burst
E,98427,8 stall rounds with no yield -- hopper exhausted
E,98429,postroll start
D,98478,0.4925,S,15.0,0.00,16,postroll
D,98573,0.4925,S,15.0,0.00,16,postroll
D,98669,0.4925,S,15.0,0.00,16,postroll
D,98765,0.4925,S,15.0,0.00,16,postroll
D,98860,0.4925,S,15.0,0.00,16,postroll
D,98954,0.4925,S,15.0,0.00,16,postroll
D,99050,0.4925,S,15.0,0.00,16,postroll
D,99146,0.4925,S,15.0,0.00,16,postroll
D,99242,0.4925,S,15.0,0.00,16,postroll
D,99338,0.4925,S,15.0,0.00,16,postroll
D,99433,0.4925,S,15.0,0.00,16,postroll
D,99529,0.4925,S,15.0,0.00,16,postroll
D,99625,0.4925,S,15.0,0.00,16,postroll
D,99721,0.4925,S,15.0,0.00,16,postroll
D,99817,0.4925,S,15.0,0.00,16,postroll
D,99911,0.4925,S,15.0,0.00,16,postroll
D,100007,0.4925,S,15.0,0.00,16,postroll
D,100102,0.4925,S,15.0,0.00,16,postroll
D,100198,0.4925,S,15.0,0.00,16,postroll
D,100294,0.4925,S,15.0,0.00,16,postroll
D,100390,0.4925,S,15.0,0.00,16,postroll
D,100486,0.4925,S,15.0,0.00,16,postroll
D,100582,0.4925,S,15.0,0.00,16,postroll
D,100677,0.4925,S,15.0,0.00,16,postroll
D,100771,0.4925,S,15.0,0.00,16,postroll
D,100867,0.4925,S,15.0,0.00,16,postroll
D,100963,0.4925,S,15.0,0.00,16,postroll
D,101059,0.4925,S,15.0,0.00,16,postroll
D,101155,0.4925,S,15.0,0.00,16,postroll
D,101250,0.4925,S,15.0,0.00,16,postroll
D,101347,0.4925,S,15.0,0.00,16,postroll
D,101442,0.4925,S,15.0,0.00,16,postroll
D,101538,0.4925,S,15.0,0.00,16,postroll
D,101632,0.4925,S,15.0,0.00,16,postroll
D,101728,0.4925,S,15.0,0.00,16,postroll
D,101824,0.4925,S,15.0,0.00,16,postroll
D,101919,0.4925,S,15.0,0.00,16,postroll
D,102015,0.4925,S,15.0,0.00,16,postroll
D,102111,0.4925,S,15.0,0.00,16,postroll
D,102207,0.4925,S,15.0,0.00,16,postroll
D,102303,0.4925,S,15.0,0.00,16,postroll
D,102399,0.4925,S,15.0,0.00,16,postroll
D,102495,0.4925,S,15.0,0.00,16,postroll
D,102588,0.4925,S,15.0,0.00,16,postroll
D,102684,0.4925,S,15.0,0.00,16,postroll
D,102780,0.4925,S,15.0,0.00,16,postroll
D,102876,0.4925,S,15.0,0.00,16,postroll
D,102972,0.4925,S,15.0,0.00,16,postroll
D,103068,0.4925,S,15.0,0.00,16,postroll
D,103163,0.4925,S,15.0,0.00,16,postroll
D,103259,0.4925,S,15.0,0.00,16,postroll
D,103355,0.4925,S,15.0,0.00,16,postroll
D,103449,0.4925,S,15.0,0.00,16,postroll
D,103545,0.4925,S,15.0,0.00,16,postroll
D,103641,0.4925,S,15.0,0.00,16,postroll
D,103737,0.4925,S,15.0,0.00,16,postroll
D,103832,0.4925,S,15.0,0.00,16,postroll
D,103928,0.4925,S,15.0,0.00,16,postroll
D,104024,0.4925,S,15.0,0.00,16,postroll
D,104120,0.4925,S,15.0,0.00,16,postroll
D,104216,0.4925,S,15.0,0.00,16,postroll
D,104310,0.4925,S,15.0,0.00,16,postroll
D,104405,0.4925,S,15.0,0.00,16,postroll
D,104501,0.4925,S,15.0,0.00,16,postroll
D,104597,0.4925,S,15.0,0.00,16,postroll
D,104693,0.4925,S,15.0,0.00,16,postroll
D,104789,0.4925,S,15.0,0.00,16,postroll
D,104885,0.4925,S,15.0,0.00,16,postroll
D,104980,0.4925,S,15.0,0.00,16,postroll
D,105076,0.4925,S,15.0,0.00,16,postroll
D,105170,0.4925,S,15.0,0.00,16,postroll
D,105266,0.4925,S,15.0,0.00,16,postroll
D,105362,0.4925,S,15.0,0.00,16,postroll
D,105458,0.4925,S,15.0,0.00,16,postroll
D,105554,0.4925,S,15.0,0.00,16,postroll
D,105649,0.4925,S,15.0,0.00,16,postroll
D,105745,0.4925,S,15.0,0.00,16,postroll
D,105841,0.4925,S,15.0,0.00,16,postroll
D,105937,0.4925,S,15.0,0.00,16,postroll
D,106033,0.4925,S,15.0,0.00,16,postroll
D,106127,0.4925,S,15.0,0.00,16,postroll
D,106223,0.4925,S,15.0,0.00,16,postroll
D,106318,0.4925,S,15.0,0.00,16,postroll
D,106414,0.4925,S,15.0,0.00,16,postroll
D,106510,0.4925,S,15.0,0.00,16,postroll
D,106606,0.4925,S,15.0,0.00,16,postroll
D,106702,0.4925,S,15.0,0.00,16,postroll
D,106798,0.4925,S,15.0,0.00,16,postroll
D,106894,0.4925,S,15.0,0.00,16,postroll
D,106987,0.4925,S,15.0,0.00,16,postroll
D,107083,0.4925,S,15.0,0.00,16,postroll
D,107179,0.4925,S,15.0,0.00,16,postroll
D,107275,0.4925,S,15.0,0.00,16,postroll
D,107371,0.4925,S,15.0,0.00,16,postroll
D,107467,0.4925,S,15.0,0.00,16,postroll
D,107562,0.4925,S,15.0,0.00,16,postroll
D,107658,0.4925,S,15.0,0.00,16,postroll
D,107754,0.4925,S,15.0,0.00,16,postroll
D,107848,0.4925,S,15.0,0.00,16,postroll
D,107944,0.4925,S,15.0,0.00,16,postroll
D,108040,0.4925,S,15.0,0.00,16,postroll
D,108135,0.4925,S,15.0,0.00,16,postroll
D,108231,0.4925,S,15.0,0.00,16,postroll
D,108327,0.4925,S,15.0,0.00,16,postroll
D,108423,0.4925,S,15.0,0.00,16,postroll
D,108519,0.4925,S,15.0,0.00,16,home
D,108615,0.4925,S,12.0,0.00,16,home
D,108711,0.4925,S,9.0,0.00,16,home
D,108804,0.4925,S,6.0,0.00,16,home
D,108900,0.4925,S,3.0,0.00,16,home
E,108998,final stable weigh: 0.4925 g
SUMMARY,status=exhausted,final_g=0.4925,target_g=0.5000,taps=16
